################################################################################
#                                                                              #
#      IAR Universal Linker V6.5.0.91                                          #
#                                                                              #
#           Link time     =  04/Aug/2020  22:21:07                             #
#           Target CPU    =  MAXQ                                              #
#           List file     =  D:\Projects\Coset\Project_SKT_SFP28_T_2020\3.SW\F #
#                            W\SFP28_ER_V1_DML_APD\Debug\List\SFP28_ER_V1_DML_ #
#                            APD_200804_d.map                                  #
#           Output file 1 =  D:\Projects\Coset\Project_SKT_SFP28_T_2020\3.SW\F #
#                            W\SFP28_ER_V1_DML_APD\Debug\Exe\SFP28_ER_V1_DML_A #
#                            PD_200804_d.hex                                   #
#                            Format: intel-standard                            #
#           Command line  =  D:\Projects\Coset\Project_SKT_SFP28_T_2020\3.SW\F #
#                            W\SFP28_ER_V1_DML_APD\Debug\Obj\Q20_floatMACLIB_i #
#                            eee754.r66                                        #
#                            D:\Projects\Coset\Project_SKT_SFP28_T_2020\3.SW\F #
#                            W\SFP28_ER_V1_DML_APD\Debug\Obj\adc.r66           #
#                            D:\Projects\Coset\Project_SKT_SFP28_T_2020\3.SW\F #
#                            W\SFP28_ER_V1_DML_APD\Debug\Obj\alarm_warning.r66 #
#                            D:\Projects\Coset\Project_SKT_SFP28_T_2020\3.SW\F #
#                            W\SFP28_ER_V1_DML_APD\Debug\Obj\board.r66         #
#                            D:\Projects\Coset\Project_SKT_SFP28_T_2020\3.SW\F #
#                            W\SFP28_ER_V1_DML_APD\Debug\Obj\dc_dc.r66         #
#                            D:\Projects\Coset\Project_SKT_SFP28_T_2020\3.SW\F #
#                            W\SFP28_ER_V1_DML_APD\Debug\Obj\ddm.r66           #
#                            D:\Projects\Coset\Project_SKT_SFP28_T_2020\3.SW\F #
#                            W\SFP28_ER_V1_DML_APD\Debug\Obj\ds_dac.r66        #
#                            D:\Projects\Coset\Project_SKT_SFP28_T_2020\3.SW\F #
#                            W\SFP28_ER_V1_DML_APD\Debug\Obj\flash.r66         #
#                            D:\Projects\Coset\Project_SKT_SFP28_T_2020\3.SW\F #
#                            W\SFP28_ER_V1_DML_APD\Debug\Obj\flash_asm.r66     #
#                            D:\Projects\Coset\Project_SKT_SFP28_T_2020\3.SW\F #
#                            W\SFP28_ER_V1_DML_APD\Debug\Obj\hwmul.r66         #
#                            D:\Projects\Coset\Project_SKT_SFP28_T_2020\3.SW\F #
#                            W\SFP28_ER_V1_DML_APD\Debug\Obj\i2c_master_gpio.r #
#                            66                                                #
#                            D:\Projects\Coset\Project_SKT_SFP28_T_2020\3.SW\F #
#                            W\SFP28_ER_V1_DML_APD\Debug\Obj\i2cm.r66          #
#                            D:\Projects\Coset\Project_SKT_SFP28_T_2020\3.SW\F #
#                            W\SFP28_ER_V1_DML_APD\Debug\Obj\i2cs_asm.r66      #
#                            D:\Projects\Coset\Project_SKT_SFP28_T_2020\3.SW\F #
#                            W\SFP28_ER_V1_DML_APD\Debug\Obj\i2cslave.r66      #
#                            D:\Projects\Coset\Project_SKT_SFP28_T_2020\3.SW\F #
#                            W\SFP28_ER_V1_DML_APD\Debug\Obj\initialization.r6 #
#                            6                                                 #
#                            D:\Projects\Coset\Project_SKT_SFP28_T_2020\3.SW\F #
#                            W\SFP28_ER_V1_DML_APD\Debug\Obj\isr.r66           #
#                            D:\Projects\Coset\Project_SKT_SFP28_T_2020\3.SW\F #
#                            W\SFP28_ER_V1_DML_APD\Debug\Obj\lowinit.r66       #
#                            D:\Projects\Coset\Project_SKT_SFP28_T_2020\3.SW\F #
#                            W\SFP28_ER_V1_DML_APD\Debug\Obj\main.r66          #
#                            D:\Projects\Coset\Project_SKT_SFP28_T_2020\3.SW\F #
#                            W\SFP28_ER_V1_DML_APD\Debug\Obj\mcu_convert.r66   #
#                            D:\Projects\Coset\Project_SKT_SFP28_T_2020\3.SW\F #
#                            W\SFP28_ER_V1_DML_APD\Debug\Obj\memory_access.r66 #
#                            D:\Projects\Coset\Project_SKT_SFP28_T_2020\3.SW\F #
#                            W\SFP28_ER_V1_DML_APD\Debug\Obj\monitor.r66       #
#                            D:\Projects\Coset\Project_SKT_SFP28_T_2020\3.SW\F #
#                            W\SFP28_ER_V1_DML_APD\Debug\Obj\pwm.r66           #
#                            D:\Projects\Coset\Project_SKT_SFP28_T_2020\3.SW\F #
#                            W\SFP28_ER_V1_DML_APD\Debug\Obj\state_transition. #
#                            r66                                               #
#                            D:\Projects\Coset\Project_SKT_SFP28_T_2020\3.SW\F #
#                            W\SFP28_ER_V1_DML_APD\Debug\Obj\tec.r66           #
#                            D:\Projects\Coset\Project_SKT_SFP28_T_2020\3.SW\F #
#                            W\SFP28_ER_V1_DML_APD\Debug\Obj\timer.r66         #
#                            D:\Projects\Coset\Project_SKT_SFP28_T_2020\3.SW\F #
#                            W\SFP28_ER_V1_DML_APD\Debug\Obj\tosa_control.r66  #
#                            D:\Projects\Coset\Project_SKT_SFP28_T_2020\3.SW\F #
#                            W\SFP28_ER_V1_DML_APD\Debug\Obj\twm.r66           #
#                            -o                                                #
#                            D:\Projects\Coset\Project_SKT_SFP28_T_2020\3.SW\F #
#                            W\SFP28_ER_V1_DML_APD\Debug\Exe\SFP28_ER_V1_DML_A #
#                            PD_200804_d.hex                                   #
#                            -Fintel-standard -l                               #
#                            D:\Projects\Coset\Project_SKT_SFP28_T_2020\3.SW\F #
#                            W\SFP28_ER_V1_DML_APD\Debug\List\SFP28_ER_V1_DML_ #
#                            APD_200804_d.map                                  #
#                            -xms                                              #
#                            "-IC:\Program Files (x86)\IAR Systems\Embedded Wo #
#                            rkbench 4.6\MAXQ\LIB\"                            #
#                            -f                                                #
#                            D:\Projects\Coset\Project_SKT_SFP28_T_2020\3.SW\F #
#                            W\SFP28_ER_V1_DML_APD\Source\Customized\lnkds4835 #
#                            .xcl                                              #
#                            (-cmaxq -Z(CODE)RESET=0-1F -Z(CODE)RCODE=20-11F   #
#                            -Z(DATA)DATA16_C,DATA8_ID,DATA16_ID,CHECKSUM,CONS #
#                            T=8120-87E0                                       #
#                            -Z(CODE)CDATA16_C,CDATA16_ID,CDATA8_ID,CCHECKSUM, #
#                            CCONST=120-7E0                                    #
#                            -QDATA16_C=CDATA16_C -QDATA16_ID=CDATA16_ID       #
#                            -QDATA8_ID=CDATA8_ID -QCHECKSUM=CCHECKSUM         #
#                            -QCONST=CCONST -P(CODE)CODE=0-FFFF                #
#                            -P(CODE)FARCODE=10000-1FFFF                       #
#                            -P(CODE)LCODE=0-1FFFF                             #
#                            -Z(DATA)DATA8_I,DATA8_Z,DATA8_N=2-FF              #
#                            -Z(DATA)DATA16_I,DATA16_Z,DATA16_N=2-FE0          #
#                            -Z(DATA)CSTACK+_CSTACK_SIZE#400-FE0               #
#                            -Z(DATA)HEAP+_HEAP_SIZE=400-FE0                   #
#                            -D?UTIL_MOVE_DP0=10976                            #
#                            -D?UTIL_MOVE_DP0_INC=1097C                        #
#                            -D?UTIL_MOVE_DP0_DEC=10982                        #
#                            -D?UTIL_MOVE_DP1=10988                            #
#                            -D?UTIL_MOVE_DP1_INC=1098E                        #
#                            -D?UTIL_MOVE_DP1_DEC=10994                        #
#                            -D?UTIL_MOVE_FP=1099A -D?UTIL_MOVE_FP_INC=109A0   #
#                            -D?UTIL_MOVE_FP_DEC=109A6) -n -f                  #
#                            "C:\Program Files (x86)\IAR Systems\Embedded Work #
#                            bench 4.6\MAXQ\config\hwmul_mod3.xcl"             #
#                            (-e?UC_MUL_HWM3=?UC_MUL_L01                       #
#                            -e?US_MUL_HWM3=?US_MUL_L02                        #
#                            -e?UL_MUL_HWM3=?UL_MUL_L03                        #
#                            -e?F_MUL_HWM3=?F_MUL_L04                          #
#                            -e?F_DIV_HWM3=?F_DIV_L04) -s __program_start      #
#                            "C:\Program Files (x86)\IAR Systems\Embedded Work #
#                            bench 4.6\MAXQ\LIB\CLIB\clmaxq20mslc.r66"         #
#                            -D_CSTACK_SIZE=32 -D_HEAP_SIZE=64                 #
#                                                                              #
#                           Copyright (C) 1987-2016 IAR Systems AB.            #
################################################################################





                ****************************************
                *                                      *
                *           CROSS REFERENCE            *
                *                                      *
                ****************************************

       Program entry at : CODE      0000  Relocatable, from module : __CSTARTUP__




                ****************************************
                *                                      *
                *            RUNTIME MODEL             *
                *                                      *
                ****************************************

  __accumulators  = 16+
  __code_model    = s
  __const_in_code = 1
  __cpu_core      = MAXQ20
  __data_model    = l
  __rt_version    = 2

                ****************************************
                *                                      *
                *    AUTOMATIC SYMBOL REDIRECTIONS     *
                *                                      *
                ****************************************

                  There are no automatic symbol redirections.



                ****************************************
                *                                      *
                *              MODULE MAP              *
                *                                      *
                ****************************************


  DEFINED ABSOLUTE ENTRIES
    *************************************************************************

  DEFINED ABSOLUTE ENTRIES
  PROGRAM MODULE, NAME : ?ABS_ENTRY_MOD

Absolute parts
           ENTRY                   ADDRESS         REF BY
           =====                   =======         ======
           _HEAP_SIZE              0064 
           _CSTACK_SIZE            0032 
           ?UTIL_MOVE_FP_DEC       000109A6 
           ?UTIL_MOVE_FP_INC       000109A0 
           ?UTIL_MOVE_FP           0001099A 
           ?UTIL_MOVE_DP1_DEC      00010994 
           ?UTIL_MOVE_DP1_INC      0001098E 
           ?UTIL_MOVE_DP1          00010988 
           ?UTIL_MOVE_DP0_DEC      00010982        exec_lower_page_memory (memory_access)
                                                   exec_upper_page81H_memory (memory_access)
                                                   load_init_data_from_flash (mcu_convert)
           ?UTIL_MOVE_DP0_INC      0001097C        exec_lower_page_memory (memory_access)
                                                   exec_upper_page81H_memory (memory_access)
                                                   load_init_data_from_flash (mcu_convert)
           ?UTIL_MOVE_DP0          00010976        APD_Init (board)
                                                   DDM_Read (ddm)
                                                   I2CM_WriteNBytes (i2cm)
                                                   I2C_Slave_Stop (i2cslave)
                                                   LdControl (tosa_control)
                                                   LdControl_APC_3 (tosa_control)
                                                   ModBiasControl_APC_3 (tosa_control)
                                                   ProcessReceivedI2CData (memory_access)
                                                   Segment part 35 (i2cslave)
                                                   TECC_Init (board)
                                                   TEC_Control_APC_3 (tosa_control)
                                                   TempCalibration_adjusted (ddm)
                                                   cal_Temp_Slope_Offset (state_transition)
                                                   cdr_power_management_init (tosa_control)
                                                   check_tx_dis (state_transition)
                                                   confirm_write_master_gpio_multiple_bytes (i2c_master_gpio)
                                                   ddm_mon_rx_power (state_transition)
                                                   detect_channel_thr_alarm (state_transition)
                                                   detect_module_thr_alarm (state_transition)
                                                   exec_lower_page_memory (memory_access)
                                                   exec_upper_page2_memory (memory_access)
                                                   exec_upper_page80H_memory (memory_access)
                                                   exec_upper_page81H_memory (memory_access)
                                                   get_reg_memory (memory_access)
                                                   high_power_up_action (state_transition)
                                                   initialize_variables (mcu_convert)
                                                   insert_write_entry (memory_access)
                                                   load_init_data_from_flash (mcu_convert)
                                                   memcpy (?MEMCPY)
                                                   polled_write_entry (memory_access)
                                                   rx_cdr_init (mcu_convert)
                                                   save_memory_to_flash_tx_rx_cdr (mcu_convert)
                                                   sfp28_state_fault (state_transition)
                                                   tx_cdr_init (tosa_control)
                                                   tx_input_equalization (memory_access)
                                                   update_msa_control_regs_from_rx_cdr (memory_access)
                                                   update_msa_control_regs_from_tx_cdr (memory_access)
    *************************************************************************

  FILE NAME : D:\Projects\Coset\Project_SKT_SFP28_T_2020\3.SW\FW\SFP28_ER_V1_DML_APD\Debug\Obj\Q20_floatMACLIB_ieee754.r66
  LIBRARY MODULE, NAME : ?F_MUL_HW

  SEGMENTS IN THE MODULE
  ======================
__aseg
  Relative segment, address: CODE 0000, align: 0
  Segment part 1. ROOT 
    -------------------------------------------------------------------------
<CODE> 3 (was CODE)
  Relative segment, address: CODE 7F9C - 8017 (0x7c bytes), align: 1
  Segment part 4.
           ENTRY                   ADDRESS         REF BY
           =====                   =======         ======
           ?F_MUL_HWM3             7F9C            TempCalibration_adjusted (ddm)
                                                   cal_Temp_Slope_Offset (state_transition)
                                                   ddm_mon_rx_power (state_transition)
                                                   ddm_mon_tx_power (state_transition)

    -------------------------------------------------------------------------
  LIBRARY MODULE, NAME : ?F_DIV_HW

  SEGMENTS IN THE MODULE
  ======================
__aseg
  Relative segment, address: CODE 0000, align: 0
  Segment part 1. ROOT 
    -------------------------------------------------------------------------
<CODE> 3 (was CODE)
  Relative segment, address: CODE 75E2 - 771F (0x13e bytes), align: 1
  Segment part 4.
           ENTRY                   ADDRESS         REF BY
           =====                   =======         ======
           ?F_DIV_HWM3             75E2            cal_Temp_Slope_Offset (state_transition)
                                                   exec_lower_page_memory (memory_access)

    -------------------------------------------------------------------------
  LIBRARY MODULE, NAME : Float_Common

  SEGMENTS IN THE MODULE
  ======================
__aseg
  Relative segment, address: CODE 0000, align: 0
  Segment part 1. ROOT 
    -------------------------------------------------------------------------
<CODE> 3 (was CODE)
  Relative segment, address: CODE 7720 - 7859 (0x13a bytes), align: 1
  Segment part 2.
           ENTRY                   ADDRESS         REF BY
           =====                   =======         ======
           Q20_Float_Final         784C            Segment part 2 (F_ADD_L04)
           Q20_Float_Init          773C            ?F_DIV_HWM3 (?F_DIV_HW)
                                                   ?F_MUL_HWM3 (?F_MUL_HW)
                                                   Segment part 2 (F_ADD_L04)
           Q20_Float_Wrap          77F2            ?F_DIV_HWM3 (?F_DIV_HW)
                                                   ?F_MUL_HWM3 (?F_MUL_HW)
                                                   Segment part 2 (F_ADD_L04)
           set_ind                 7734            ?F_DIV_HWM3 (?F_DIV_HW)
                                                   ?F_MUL_HWM3 (?F_MUL_HW)
                                                   Segment part 2 (F_ADD_L04)
           set_inf                 7724            ?F_DIV_HWM3 (?F_DIV_HW)
                                                   ?F_MUL_HWM3 (?F_MUL_HW)
           set_zero                7720            ?F_DIV_HWM3 (?F_DIV_HW)
                                                   ?F_MUL_HWM3 (?F_MUL_HW)

    *************************************************************************

  FILE NAME : D:\Projects\Coset\Project_SKT_SFP28_T_2020\3.SW\FW\SFP28_ER_V1_DML_APD\Debug\Obj\adc.r66
  PROGRAM MODULE, NAME : adc

  SEGMENTS IN THE MODULE
  ======================
DATA16_SFR
  Relative segment, address: IDATA 0100 - 0101 (0x2 bytes), align: 0
  Segment part 1. ROOT 
           ENTRY                   ADDRESS         REF BY
           =====                   =======         ======
           _A_ADCN                 0100 
    -------------------------------------------------------------------------
DATA16_SFR
  Relative segment, address: IDATA 0104 - 0105 (0x2 bytes), align: 0
  Segment part 2. ROOT 
           ENTRY                   ADDRESS         REF BY
           =====                   =======         ======
           ADDATA                  0104 
    -------------------------------------------------------------------------
<CODE> 3 (was CODE)
  Relative segment, address: CODE 86BC - 86EB (0x30 bytes), align: 1
  Segment part 4.
           ENTRY                   ADDRESS         REF BY
           =====                   =======         ======
           ADC_Config              86BC            ADC_Init (board)
    -------------------------------------------------------------------------
<CODE> 3 (was CODE)
  Relative segment, address: CODE 871A - 8747 (0x2e bytes), align: 1
  Segment part 5.
           ENTRY                   ADDRESS         REF BY
           =====                   =======         ======
           ADC_Channel_Config      871A            ADC_Init (board)
    -------------------------------------------------------------------------
<CODE> 2 (was CODE)
  Relative segment, address: CODE 00F8 - 011B (0x24 bytes), align: 1
  Segment part 6.
           ENTRY                   ADDRESS         REF BY
           =====                   =======         ======
           ADC_ReadOut             00F8            DDM_Read (ddm)
                                                   ddm_mon_rx_power (state_transition)
                                                   ddm_mon_tx_power (state_transition)
                                                   exec_upper_page2_memory (memory_access)
                                                   high_power_up_action (state_transition)

    *************************************************************************

  FILE NAME : D:\Projects\Coset\Project_SKT_SFP28_T_2020\3.SW\FW\SFP28_ER_V1_DML_APD\Debug\Obj\alarm_warning.r66
  PROGRAM MODULE, NAME : alarm_warning

  SEGMENTS IN THE MODULE
  ======================
<CODE> 1 (was CODE)
  Relative segment, address: CODE 001E - 001F (0x2 bytes), align: 1
  Segment part 2.
           ENTRY                   ADDRESS         REF BY
           =====                   =======         ======
           SetUnsignedAlarmsAndWarnings
                                   001E            DDM_Read (ddm)
    -------------------------------------------------------------------------
<CODE> 3 (was CODE)
  Relative segment, address: CODE 89A6 - 89AB (0x6 bytes), align: 1
  Segment part 5.
           ENTRY                   ADDRESS         REF BY
           =====                   =======         ======
           Clear_TXF_Status        89A6            Segment part 50 (board)

    *************************************************************************

  FILE NAME : D:\Projects\Coset\Project_SKT_SFP28_T_2020\3.SW\FW\SFP28_ER_V1_DML_APD\Debug\Obj\board.r66
  PROGRAM MODULE, NAME : board

  SEGMENTS IN THE MODULE
  ======================
DATA16_SFR
  Relative segment, address: IDATA 020C - 020C (0x1 bytes), align: 0
  Segment part 1. ROOT 
           ENTRY                   ADDRESS         REF BY
           =====                   =======         ======
           _A_IMR                  020C 
    -------------------------------------------------------------------------
DATA16_SFR
  Relative segment, address: IDATA 0000 - 0001 (0x2 bytes), align: 0
  Segment part 2. ROOT 
           ENTRY                   ADDRESS         REF BY
           =====                   =======         ======
           _A_PO2                  0000 
    -------------------------------------------------------------------------
DATA16_SFR
  Relative segment, address: IDATA 0002 - 0003 (0x2 bytes), align: 0
  Segment part 3. ROOT 
           ENTRY                   ADDRESS         REF BY
           =====                   =======         ======
           _A_PO1                  0002 
    -------------------------------------------------------------------------
DATA16_SFR
  Relative segment, address: IDATA 0004 - 0005 (0x2 bytes), align: 0
  Segment part 4. ROOT 
           ENTRY                   ADDRESS         REF BY
           =====                   =======         ======
           _A_PO0                  0004 
    -------------------------------------------------------------------------
DATA16_SFR
  Relative segment, address: IDATA 0006 - 0007 (0x2 bytes), align: 0
  Segment part 5. ROOT 
           ENTRY                   ADDRESS         REF BY
           =====                   =======         ======
           _A_EIF2                 0006 
    -------------------------------------------------------------------------
DATA16_SFR
  Relative segment, address: IDATA 000A - 000B (0x2 bytes), align: 0
  Segment part 6. ROOT 
           ENTRY                   ADDRESS         REF BY
           =====                   =======         ======
           _A_EIF0                 000A 
    -------------------------------------------------------------------------
DATA16_SFR
  Relative segment, address: IDATA 0010 - 0011 (0x2 bytes), align: 0
  Segment part 7. ROOT 
           ENTRY                   ADDRESS         REF BY
           =====                   =======         ======
           _A_PI2                  0010 
    -------------------------------------------------------------------------
DATA16_SFR
  Relative segment, address: IDATA 0014 - 0015 (0x2 bytes), align: 0
  Segment part 8. ROOT 
           ENTRY                   ADDRESS         REF BY
           =====                   =======         ======
           _A_PI0                  0014 
    -------------------------------------------------------------------------
DATA16_SFR
  Relative segment, address: IDATA 001A - 001B (0x2 bytes), align: 0
  Segment part 9. ROOT 
           ENTRY                   ADDRESS         REF BY
           =====                   =======         ======
           _A_EIE2                 001A 
    -------------------------------------------------------------------------
DATA16_SFR
  Relative segment, address: IDATA 001E - 001F (0x2 bytes), align: 0
  Segment part 10. ROOT 
           ENTRY                   ADDRESS         REF BY
           =====                   =======         ======
           _A_EIE0                 001E 
    -------------------------------------------------------------------------
DATA16_SFR
  Relative segment, address: IDATA 0020 - 0021 (0x2 bytes), align: 0
  Segment part 11. ROOT 
           ENTRY                   ADDRESS         REF BY
           =====                   =======         ======
           _A_PD2                  0020 
    -------------------------------------------------------------------------
DATA16_SFR
  Relative segment, address: IDATA 0022 - 0023 (0x2 bytes), align: 0
  Segment part 12. ROOT 
           ENTRY                   ADDRESS         REF BY
           =====                   =======         ======
           _A_PD1                  0022 
    -------------------------------------------------------------------------
DATA16_SFR
  Relative segment, address: IDATA 0024 - 0025 (0x2 bytes), align: 0
  Segment part 13. ROOT 
           ENTRY                   ADDRESS         REF BY
           =====                   =======         ======
           _A_PD0                  0024 
    -------------------------------------------------------------------------
DATA16_SFR
  Relative segment, address: IDATA 0026 - 0027 (0x2 bytes), align: 0
  Segment part 14. ROOT 
           ENTRY                   ADDRESS         REF BY
           =====                   =======         ======
           _A_EIES2                0026 
    -------------------------------------------------------------------------
DATA16_SFR
  Relative segment, address: IDATA 002A - 002B (0x2 bytes), align: 0
  Segment part 15. ROOT 
           ENTRY                   ADDRESS         REF BY
           =====                   =======         ======
           _A_EIES0                002A 
    -------------------------------------------------------------------------
DATA16_SFR
  Relative segment, address: IDATA 002C - 002D (0x2 bytes), align: 0
  Segment part 16. ROOT 
           ENTRY                   ADDRESS         REF BY
           =====                   =======         ======
           _A_PLACNT1              002C 
    -------------------------------------------------------------------------
DATA16_SFR
  Relative segment, address: IDATA 002E - 002F (0x2 bytes), align: 0
  Segment part 17. ROOT 
           ENTRY                   ADDRESS         REF BY
           =====                   =======         ======
           PLADAT1                 002E 
    -------------------------------------------------------------------------
DATA16_SFR
  Relative segment, address: IDATA 0030 - 0031 (0x2 bytes), align: 0
  Segment part 18. ROOT 
           ENTRY                   ADDRESS         REF BY
           =====                   =======         ======
           _A_PLACNT2              0030 
    -------------------------------------------------------------------------
DATA16_SFR
  Relative segment, address: IDATA 0032 - 0033 (0x2 bytes), align: 0
  Segment part 19. ROOT 
           ENTRY                   ADDRESS         REF BY
           =====                   =======         ======
           PLADAT2                 0032 
    -------------------------------------------------------------------------
DATA16_SFR
  Relative segment, address: IDATA 0034 - 0035 (0x2 bytes), align: 0
  Segment part 20. ROOT 
           ENTRY                   ADDRESS         REF BY
           =====                   =======         ======
           _A_PLACNT3              0034 
    -------------------------------------------------------------------------
DATA16_SFR
  Relative segment, address: IDATA 0036 - 0037 (0x2 bytes), align: 0
  Segment part 21. ROOT 
           ENTRY                   ADDRESS         REF BY
           =====                   =======         ======
           PLADAT3                 0036 
    -------------------------------------------------------------------------
DATA16_SFR
  Relative segment, address: IDATA 005A - 005B (0x2 bytes), align: 0
  Segment part 22. ROOT 
           ENTRY                   ADDRESS         REF BY
           =====                   =======         ======
           _A_TECCN1               005A 
    -------------------------------------------------------------------------
DATA16_SFR
  Relative segment, address: IDATA 007C - 007D (0x2 bytes), align: 0
  Segment part 23. ROOT 
           ENTRY                   ADDRESS         REF BY
           =====                   =======         ======
           NORMV                   007C 
    -------------------------------------------------------------------------
DATA16_SFR
  Relative segment, address: IDATA 0102 - 0103 (0x2 bytes), align: 0
  Segment part 25. ROOT 
           ENTRY                   ADDRESS         REF BY
           =====                   =======         ======
           _A_ADST                 0102 
    -------------------------------------------------------------------------
DATA16_SFR
  Relative segment, address: IDATA 0110 - 0111 (0x2 bytes), align: 0
  Segment part 26. ROOT 
           ENTRY                   ADDRESS         REF BY
           =====                   =======         ======
           _A_TEMPCN               0110 
    -------------------------------------------------------------------------
DATA16_SFR
  Relative segment, address: IDATA 012C - 012D (0x2 bytes), align: 0
  Segment part 27. ROOT 
           ENTRY                   ADDRESS         REF BY
           =====                   =======         ======
           _A_IEN0                 012C 
    -------------------------------------------------------------------------
DATA16_SFR
  Relative segment, address: IDATA 012E - 012F (0x2 bytes), align: 0
  Segment part 28. ROOT 
           ENTRY                   ADDRESS         REF BY
           =====                   =======         ======
           _A_IEN1                 012E 
    -------------------------------------------------------------------------
DATA16_SFR
  Relative segment, address: IDATA 0130 - 0131 (0x2 bytes), align: 0
  Segment part 29. ROOT 
           ENTRY                   ADDRESS         REF BY
           =====                   =======         ======
           _A_IEN2                 0130 
    -------------------------------------------------------------------------
DATA16_SFR
  Relative segment, address: IDATA 0134 - 0135 (0x2 bytes), align: 0
  Segment part 30. ROOT 
           ENTRY                   ADDRESS         REF BY
           =====                   =======         ======
           _A_INRSH                0134 
    -------------------------------------------------------------------------
DATA16_SFR
  Relative segment, address: IDATA 0174 - 0175 (0x2 bytes), align: 0
  Segment part 31. ROOT 
           ENTRY                   ADDRESS         REF BY
           =====                   =======         ======
           _A_MIS1                 0174 
    -------------------------------------------------------------------------
DATA16_SFR
  Relative segment, address: IDATA 018E - 018F (0x2 bytes), align: 0
  Segment part 32. ROOT 
           ENTRY                   ADDRESS         REF BY
           =====                   =======         ======
           APDDAT4                 018E 
    -------------------------------------------------------------------------
DATA16_SFR
  Relative segment, address: IDATA 01BA - 01BB (0x2 bytes), align: 0
  Segment part 33. ROOT 
           ENTRY                   ADDRESS         REF BY
           =====                   =======         ======
           APDCN4                  01BA 
    -------------------------------------------------------------------------
DATA16_SFR
  Relative segment, address: IDATA 01BC - 01BC (0x1 bytes), align: 0
  Segment part 34. ROOT 
           ENTRY                   ADDRESS         REF BY
           =====                   =======         ======
           APDIDX4                 01BC 
    -------------------------------------------------------------------------
DATA16_SFR
  Relative segment, address: IDATA 021E - 021F (0x2 bytes), align: 0
  Segment part 35. ROOT 
           ENTRY                   ADDRESS         REF BY
           =====                   =======         ======
           _A_WDCN                 021E 
    -------------------------------------------------------------------------
DATA16_SFR
  Relative segment, address: IDATA 006C - 006C (0x1 bytes), align: 0
  Segment part 36. ROOT 
           ENTRY                   ADDRESS         REF BY
           =====                   =======         ======
           GP_REG1                 006C 
    -------------------------------------------------------------------------
DATA16_AN
  Relative segment, address: DATA 0100 - 01FF (0x100 bytes), align: 0
  Segment part 37. ROOT       Intra module refs:   I2C_Slave_Buffer_A2
           ENTRY                   ADDRESS         REF BY
           =====                   =======         ======
           I2C_Slave_Buffer_A0_Local_Memory
                                   0100 
    -------------------------------------------------------------------------
DATA16_AN
  Relative segment, address: DATA 0200 - 027F (0x80 bytes), align: 0
  Segment part 38. ROOT       Intra module refs:   I2C_Slave_Buffer_A2_Pn_Up
           ENTRY                   ADDRESS         REF BY
           =====                   =======         ======
           I2C_Slave_Buffer_A2     0200 
    -------------------------------------------------------------------------
DATA16_AN
  Relative segment, address: DATA 0280 - 02FF (0x80 bytes), align: 0
  Segment part 39. ROOT       Intra module refs:   write_i2c_list
           ENTRY                   ADDRESS         REF BY
           =====                   =======         ======
           I2C_Slave_Buffer_A2_Pn_Up
                                   0280 
    -------------------------------------------------------------------------
DATA16_AN
  Relative segment, address: DATA 0300 - 03FF (0x100 bytes), align: 0
  Segment part 40. ROOT       Intra module refs:   I2C_Rx_Buffer
           ENTRY                   ADDRESS         REF BY
           =====                   =======         ======
           write_i2c_list          0300 
    -------------------------------------------------------------------------
DATA16_AN
  Relative segment, address: DATA 0400 - 04FF (0x100 bytes), align: 0
  Segment part 41. ROOT       Intra module refs:   I2C_Slave_Buffer_A2_P00H_Up
           ENTRY                   ADDRESS         REF BY
           =====                   =======         ======
           I2C_Rx_Buffer           0400 
    -------------------------------------------------------------------------
DATA16_AN
  Relative segment, address: DATA 0500 - 057F (0x80 bytes), align: 0
  Segment part 42. ROOT       Intra module refs:   I2C_Slave_Buffer_A2_P01H_Up
           ENTRY                   ADDRESS         REF BY
           =====                   =======         ======
           I2C_Slave_Buffer_A2_P00H_Up
                                   0500 
    -------------------------------------------------------------------------
DATA16_AN
  Relative segment, address: DATA 0580 - 05FF (0x80 bytes), align: 0
  Segment part 43. ROOT       Intra module refs:   I2C_Slave_Buffer_A2_P02H_Up
           ENTRY                   ADDRESS         REF BY
           =====                   =======         ======
           I2C_Slave_Buffer_A2_P01H_Up
                                   0580 
    -------------------------------------------------------------------------
DATA16_AN
  Relative segment, address: DATA 0600 - 067F (0x80 bytes), align: 0
  Segment part 44. ROOT       Intra module refs:   I2C_Slave_Buffer_A2_P80H_Up
           ENTRY                   ADDRESS         REF BY
           =====                   =======         ======
           I2C_Slave_Buffer_A2_P02H_Up
                                   0600 
    -------------------------------------------------------------------------
DATA16_AN
  Relative segment, address: DATA 0680 - 06FF (0x80 bytes), align: 0
  Segment part 45. ROOT       Intra module refs:   I2C_Slave_Buffer_A2_P81H_Up
           ENTRY                   ADDRESS         REF BY
           =====                   =======         ======
           I2C_Slave_Buffer_A2_P80H_Up
                                   0680 
    -------------------------------------------------------------------------
DATA16_AN
  Relative segment, address: DATA 0700 - 077F (0x80 bytes), align: 0
  Segment part 46. ROOT       Intra module refs:   I2C_Slave_Buffer_A2_P82H_Up (i2cslave)
           ENTRY                   ADDRESS         REF BY
           =====                   =======         ======
           I2C_Slave_Buffer_A2_P81H_Up
                                   0700 
    -------------------------------------------------------------------------
DATA16_Z
  Relative segment, address: DATA 0900 - 0901 (0x2 bytes), align: 1
  Segment part 48.            Intra module refs:   MasterI2CArbitration
    -------------------------------------------------------------------------
<CODE> 3 (was CODE)
  Relative segment, address: CODE 7C3A - 7CF9 (0xc0 bytes), align: 1
  Segment part 50. ROOT 
           ENTRY                   ADDRESS         REF BY
           =====                   =======         ======
           ?ISR0                   7C3A            ?INTERRUPT0 (?INTERRUPT0)
           TXD_Interrupt           7C3A 
               interrupt function
               calls direct
               CSTACK = 00000000 ( 00000020 )
    -------------------------------------------------------------------------
<CODE> 3 (was CODE)
  Relative segment, address: CODE 8900 - 8915 (0x16 bytes), align: 1
  Segment part 51.
           ENTRY                   ADDRESS         REF BY
           =====                   =======         ======
           WATCHDOG_Init           8900            Board_Init (initialization)
    -------------------------------------------------------------------------
<CODE> 3 (was CODE)
  Relative segment, address: CODE 899A - 899F (0x6 bytes), align: 1
  Segment part 52.
           ENTRY                   ADDRESS         REF BY
           =====                   =======         ======
           INRUSH_Init             899A            Initialization (initialization)
    -------------------------------------------------------------------------
<CODE> 3 (was CODE)
  Relative segment, address: CODE 826E - 82B7 (0x4a bytes), align: 1
  Segment part 53.
           ENTRY                   ADDRESS         REF BY
           =====                   =======         ======
           GPIO_Init               826E            Initialization (initialization)
    -------------------------------------------------------------------------
<CODE> 3 (was CODE)
  Relative segment, address: CODE 7DB6 - 7E65 (0xb0 bytes), align: 1
  Segment part 54.
           ENTRY                   ADDRESS         REF BY
           =====                   =======         ======
           ADC_Init                7DB6            Board_Init (initialization)
               calls direct
               CSTACK = 00000000 ( 00000002 )
    -------------------------------------------------------------------------
<CODE> 3 (was CODE)
  Relative segment, address: CODE 6BDA - 6DB5 (0x1dc bytes), align: 1
  Segment part 58.            Intra module refs:   TEC_Init
           ENTRY                   ADDRESS         REF BY
           =====                   =======         ======
           TECC_Init               6BDA 
               calls direct
               CSTACK = 00000000 ( 00000004 )
    -------------------------------------------------------------------------
<CODE> 3 (was CODE)
  Relative segment, address: CODE 6DB6 - 7015 (0x260 bytes), align: 1
  Segment part 59.
           ENTRY                   ADDRESS         REF BY
           =====                   =======         ======
           APD_Init                6DB6            exec_upper_page81H_memory (memory_access)
                                                   sfp28_state_reset (state_transition)
               calls direct
               CSTACK = 00000000 ( 00000004 )
    -------------------------------------------------------------------------
<CODE> 3 (was CODE)
  Relative segment, address: CODE 7016 - 702B (0x16 bytes), align: 1
  Segment part 65.
           ENTRY                   ADDRESS         REF BY
           =====                   =======         ======
           I2CMaster_Init          7016            Board_Init (initialization)
               calls direct
               CSTACK = 00000000 ( 00000002 )
    -------------------------------------------------------------------------
<CODE> 3 (was CODE)
  Relative segment, address: CODE 702C - 7039 (0xe bytes), align: 1
  Segment part 66.
           ENTRY                   ADDRESS         REF BY
           =====                   =======         ======
           TEC_Init                702C            exec_upper_page81H_memory (memory_access)
                                                   high_power_up_action (state_transition)
               calls direct
               CSTACK = 00000000 ( 00000002 )
    -------------------------------------------------------------------------
<CODE> 3 (was CODE)
  Relative segment, address: CODE 82FE - 8341 (0x44 bytes), align: 1
  Segment part 67.
           ENTRY                   ADDRESS         REF BY
           =====                   =======         ======
           PLA_Init                82FE            Board_Init (initialization)
    -------------------------------------------------------------------------
<CODE> 3 (was CODE)
  Relative segment, address: CODE 88EA - 88FF (0x16 bytes), align: 1
  Segment part 68.
           ENTRY                   ADDRESS         REF BY
           =====                   =======         ======
           PLA_Soft_TXD_Control    88EA            check_tx_dis (state_transition)
                                                   exec_upper_page2_memory (memory_access)
                                                   set_on_tx_dis_manually (state_transition)
                                                   set_tx_dis_at_network_lanes (state_transition)
                                                   set_tx_dis_at_network_lanes_in_isr (state_transition)
    -------------------------------------------------------------------------
<CODE> 3 (was CODE)
  Relative segment, address: CODE 81C6 - 821B (0x56 bytes), align: 1
  Segment part 71.
           ENTRY                   ADDRESS         REF BY
           =====                   =======         ======
           MasterI2CArbitration    81C6            main (main)
               calls direct
               CSTACK = 00000000 ( 00000002 )
    -------------------------------------------------------------------------
DATA16_Z
  Relative segment, address: DATA 0902 - 0903 (0x2 bytes), align: 1
  Segment part 49.            Intra module refs:   MasterI2CArbitration

    *************************************************************************

  FILE NAME : D:\Projects\Coset\Project_SKT_SFP28_T_2020\3.SW\FW\SFP28_ER_V1_DML_APD\Debug\Obj\dc_dc.r66
  PROGRAM MODULE, NAME : dc_dc

  SEGMENTS IN THE MODULE
  ======================
DATA16_SFR
  Relative segment, address: IDATA 0182 - 0183 (0x2 bytes), align: 0
  Segment part 1. ROOT 
           ENTRY                   ADDRESS         REF BY
           =====                   =======         ======
           PICNT                   0182 
    -------------------------------------------------------------------------
DATA16_SFR
  Relative segment, address: IDATA 0184 - 0185 (0x2 bytes), align: 0
  Segment part 2. ROOT 
           ENTRY                   ADDRESS         REF BY
           =====                   =======         ======
           PIDATA                  0184 
    -------------------------------------------------------------------------
DATA16_SFR
  Relative segment, address: IDATA 0194 - 0195 (0x2 bytes), align: 0
  Segment part 3. ROOT 
           ENTRY                   ADDRESS         REF BY
           =====                   =======         ======
           VRDCDC                  0194 
    -------------------------------------------------------------------------
<CODE> 3 (was CODE)
  Relative segment, address: CODE 84FA - 8535 (0x3c bytes), align: 1
  Segment part 9.
           ENTRY                   ADDRESS         REF BY
           =====                   =======         ======
           CalcExternalBoostTarget
                                   84FA            APD_Init (board)
                                                   exec_upper_page81H_memory (memory_access)

    *************************************************************************

  FILE NAME : D:\Projects\Coset\Project_SKT_SFP28_T_2020\3.SW\FW\SFP28_ER_V1_DML_APD\Debug\Obj\ddm.r66
  PROGRAM MODULE, NAME : ddm

  SEGMENTS IN THE MODULE
  ======================
DATA16_SFR
  Relative segment, address: IDATA 011C - 011D (0x2 bytes), align: 0
  Segment part 2. ROOT 
           ENTRY                   ADDRESS         REF BY
           =====                   =======         ======
           ITEMP_DATA              011C 
    -------------------------------------------------------------------------
DATA16_SFR
  Relative segment, address: IDATA 0144 - 0145 (0x2 bytes), align: 0
  Segment part 3. ROOT 
           ENTRY                   ADDRESS         REF BY
           =====                   =======         ======
           IDCD1                   0144 
    -------------------------------------------------------------------------
DATA16_SFR
  Relative segment, address: IDATA 0146 - 0147 (0x2 bytes), align: 0
  Segment part 4. ROOT 
           ENTRY                   ADDRESS         REF BY
           =====                   =======         ======
           IDCD2                   0146 
    -------------------------------------------------------------------------
DATA16_SFR
  Relative segment, address: IDATA 014A - 014B (0x2 bytes), align: 0
  Segment part 5. ROOT 
           ENTRY                   ADDRESS         REF BY
           =====                   =======         ======
           IDCD3                   014A 
    -------------------------------------------------------------------------
DATA16_SFR
  Relative segment, address: IDATA 014C - 014D (0x2 bytes), align: 0
  Segment part 6. ROOT 
           ENTRY                   ADDRESS         REF BY
           =====                   =======         ======
           IDCD4                   014C 
    -------------------------------------------------------------------------
DATA16_SFR
  Relative segment, address: IDATA 0164 - 0165 (0x2 bytes), align: 0
  Segment part 7. ROOT 
           ENTRY                   ADDRESS         REF BY
           =====                   =======         ======
           _A_IDCN1                0164 
    -------------------------------------------------------------------------
DATA16_SFR
  Relative segment, address: IDATA 0166 - 0167 (0x2 bytes), align: 0
  Segment part 8. ROOT 
           ENTRY                   ADDRESS         REF BY
           =====                   =======         ======
           _A_IDCN2                0166 
    -------------------------------------------------------------------------
DATA16_SFR
  Relative segment, address: IDATA 016E - 016F (0x2 bytes), align: 0
  Segment part 9. ROOT 
           ENTRY                   ADDRESS         REF BY
           =====                   =======         ======
           _A_IDCN3                016E 
    -------------------------------------------------------------------------
DATA16_SFR
  Relative segment, address: IDATA 0170 - 0171 (0x2 bytes), align: 0
  Segment part 10. ROOT 
           ENTRY                   ADDRESS         REF BY
           =====                   =======         ======
           _A_IDCN4                0170 
    -------------------------------------------------------------------------
DATA16_Z
  Relative segment, address: DATA 0904 - 0905 (0x2 bytes), align: 1
  Segment part 22.            Intra module refs:   CalibConstantRead
           ENTRY                   ADDRESS         REF BY
           =====                   =======         ======
           unAdc_scale             0904 
    -------------------------------------------------------------------------
DATA16_Z
  Relative segment, address: DATA 0906 - 0907 (0x2 bytes), align: 1
  Segment part 23.            Intra module refs:   CalibConstantRead
           ENTRY                   ADDRESS         REF BY
           =====                   =======         ======
           sAdc_offset             0906 
    -------------------------------------------------------------------------
DATA16_Z
  Relative segment, address: DATA 0908 - 0909 (0x2 bytes), align: 1
  Segment part 24.            Intra module refs:   CalibConstantRead
                                                   TempCalibration
           ENTRY                   ADDRESS         REF BY
           =====                   =======         ======
           unTemp_scale            0908 
    -------------------------------------------------------------------------
DATA16_Z
  Relative segment, address: DATA 090A - 090B (0x2 bytes), align: 1
  Segment part 25.            Intra module refs:   CalibConstantRead
                                                   TempCalibration
           ENTRY                   ADDRESS         REF BY
           =====                   =======         ======
           sTemp_offset            090A 
    -------------------------------------------------------------------------
<CODE> 3 (was CODE)
  Relative segment, address: CODE 7378 - 746B (0xf4 bytes), align: 1
  Segment part 29.
           ENTRY                   ADDRESS         REF BY
           =====                   =======         ======
           DDM_Read                7378            main (main)
               calls direct
               CSTACK = 00000000 ( 00000008 )
    -------------------------------------------------------------------------
<CODE> 3 (was CODE)
  Relative segment, address: CODE 746C - 74B3 (0x48 bytes), align: 1
  Segment part 30.            Intra module refs:   ProcessTemperature
           ENTRY                   ADDRESS         REF BY
           =====                   =======         ======
           TempCalibration         746C 
    -------------------------------------------------------------------------
<CODE> 3 (was CODE)
  Relative segment, address: CODE 74B4 - 7575 (0xc2 bytes), align: 1
  Segment part 31.            Intra module refs:   ProcessTemperature
           ENTRY                   ADDRESS         REF BY
           =====                   =======         ======
           TempCalibration_adjusted
                                   74B4 
               CSTACK = 00000000 ( 00000008 )
    -------------------------------------------------------------------------
<CODE> 3 (was CODE)
  Relative segment, address: CODE 7576 - 75C7 (0x52 bytes), align: 1
  Segment part 32.            Intra module refs:   DDM_Read
           ENTRY                   ADDRESS         REF BY
           =====                   =======         ======
           ProcessTemperature      7576 
               calls direct
               CSTACK = 00000000 ( 00000006 )
    -------------------------------------------------------------------------
<CODE> 3 (was CODE)
  Relative segment, address: CODE 75C8 - 75E1 (0x1a bytes), align: 1
  Segment part 34.            Intra module refs:   DDM_Read
    -------------------------------------------------------------------------
<CODE> 3 (was CODE)
  Relative segment, address: CODE 8384 - 83C3 (0x40 bytes), align: 1
  Segment part 35.
           ENTRY                   ADDRESS         REF BY
           =====                   =======         ======
           CalibConstantRead       8384            Memory_Init (memory_access)
               calls direct
               CSTACK = 00000000 ( 00000002 )
    -------------------------------------------------------------------------
<CODE> 3 (was CODE)
  Relative segment, address: CODE 8976 - 897F (0xa bytes), align: 1
  Segment part 36. ROOT 
           ENTRY                   ADDRESS         REF BY
           =====                   =======         ======
           ?ISR4                   8976            ?INTERRUPT4 (?INTERRUPT4)
           SH_Interrupt            8976 
               interrupt function

    *************************************************************************

  FILE NAME : D:\Projects\Coset\Project_SKT_SFP28_T_2020\3.SW\FW\SFP28_ER_V1_DML_APD\Debug\Obj\ds_dac.r66
  PROGRAM MODULE, NAME : ds_dac

  SEGMENTS IN THE MODULE
  ======================
DATA16_SFR
  Relative segment, address: IDATA 0186 - 0187 (0x2 bytes), align: 0
  Segment part 1. ROOT 
           ENTRY                   ADDRESS         REF BY
           =====                   =======         ======
           DPDATA                  0186 
    -------------------------------------------------------------------------
DATA16_SFR
  Relative segment, address: IDATA 01BE - 01BF (0x2 bytes), align: 0
  Segment part 2. ROOT 
           ENTRY                   ADDRESS         REF BY
           =====                   =======         ======
           DPCN                    01BE 

    *************************************************************************

  FILE NAME : D:\Projects\Coset\Project_SKT_SFP28_T_2020\3.SW\FW\SFP28_ER_V1_DML_APD\Debug\Obj\flash.r66
  PROGRAM MODULE, NAME : flash

  SEGMENTS IN THE MODULE
  ======================
DATA16_SFR
  Relative segment, address: IDATA 020A - 020A (0x1 bytes), align: 0
  Segment part 1. ROOT 
           ENTRY                   ADDRESS         REF BY
           =====                   =======         ======
           _A_IC                   020A 
    -------------------------------------------------------------------------
DATA16_SFR
  Relative segment, address: IDATA 0052 - 0053 (0x2 bytes), align: 0
  Segment part 2. ROOT 
           ENTRY                   ADDRESS         REF BY
           =====                   =======         ======
           _A_SVM                  0052 
    -------------------------------------------------------------------------
<CODE> 3 (was CODE)
  Relative segment, address: CODE 8086 - 80F3 (0x6e bytes), align: 1
  Segment part 7.
           ENTRY                   ADDRESS         REF BY
           =====                   =======         ======
           CopySramToFlash         8086            FLASH_Update (mcu_convert)
               calls direct
               CSTACK = 00000000 ( 0000000A )
    -------------------------------------------------------------------------
<CODE> 3 (was CODE)
  Relative segment, address: CODE 892A - 8939 (0x10 bytes), align: 1
  Segment part 8.
           ENTRY                   ADDRESS         REF BY
           =====                   =======         ======
           FlashReadBlock          892A            FLASH_Read (mcu_convert)
               calls direct
               CSTACK = 00000000 ( 00000002 )

    *************************************************************************

  FILE NAME : D:\Projects\Coset\Project_SKT_SFP28_T_2020\3.SW\FW\SFP28_ER_V1_DML_APD\Debug\Obj\flash_asm.r66
  PROGRAM MODULE, NAME : flash_asm

  SEGMENTS IN THE MODULE
  ======================
<CODE> 3 (was CODE)
  Relative segment, address: CODE 8572 - 85AB (0x3a bytes), align: 1
  Segment part 2.
           ENTRY                   ADDRESS         REF BY
           =====                   =======         ======
           clear_block_in_flash    8572            CopySramToFlash (flash)
    -------------------------------------------------------------------------
<CODE> 3 (was CODE)
  Relative segment, address: CODE 821C - 826D (0x52 bytes), align: 1
  Segment part 4.
           ENTRY                   ADDRESS         REF BY
           =====                   =======         ======
           write_block_to_flash    821C            CopySramToFlash (flash)
    -------------------------------------------------------------------------
<CODE> 3 (was CODE)
  Relative segment, address: CODE 898A - 8991 (0x8 bytes), align: 1
  Segment part 5.
           ENTRY                   ADDRESS         REF BY
           =====                   =======         ======
           Info_Read               898A            CalibConstantRead (ddm)
    -------------------------------------------------------------------------
<CODE> 3 (was CODE)
  Relative segment, address: CODE 84BC - 84F9 (0x3e bytes), align: 1
  Segment part 6.
           ENTRY                   ADDRESS         REF BY
           =====                   =======         ======
           read_block_from_flash   84BC            FlashReadBlock (flash)

    *************************************************************************

  FILE NAME : D:\Projects\Coset\Project_SKT_SFP28_T_2020\3.SW\FW\SFP28_ER_V1_DML_APD\Debug\Obj\hwmul.r66
  LIBRARY MODULE, NAME : ?MUL_HW

  SEGMENTS IN THE MODULE
  ======================
<CODE> 3 (was CODE)
  Relative segment, address: CODE 861E - 8631 (0x14 bytes), align: 1
  Segment part 7.
           ENTRY                   ADDRESS         REF BY
           =====                   =======         ======
           ?SS_MUL_HWM3            861E 
           ?US_MUL_HWM3            861E            CalcExternalBoostTarget (dc_dc)
                                                   LdControl_APC_3 (tosa_control)
                                                   ModBiasControl_APC_3 (tosa_control)
                                                   TEC_Control_APC_3 (tosa_control)
                                                   ddm_mon_tx_bias (state_transition)
                                                   exec_upper_page2_memory (memory_access)
                                                   insert_write_entry (memory_access)
                                                   load_init_data_from_flash (mcu_convert)
                                                   polled_write_entry (memory_access)
    -------------------------------------------------------------------------
<CODE> 3 (was CODE)
  Relative segment, address: CODE 8632 - 8653 (0x22 bytes), align: 1
  Segment part 11.
           ENTRY                   ADDRESS         REF BY
           =====                   =======         ======
           ?SL_MUL_HWM3            8632 
           ?UL_MUL_HWM3            8632            ConvertVccScale (ddm)
                                                   TEC_Control_APC_3 (tosa_control)
                                                   TempCalibration (ddm)

    *************************************************************************

  FILE NAME : D:\Projects\Coset\Project_SKT_SFP28_T_2020\3.SW\FW\SFP28_ER_V1_DML_APD\Debug\Obj\i2c_master_gpio.r66
  PROGRAM MODULE, NAME : i2c_master_gpio

  SEGMENTS IN THE MODULE
  ======================
<CODE> 3 (was CODE)
  Relative segment, address: CODE 8440 - 847D (0x3e bytes), align: 1
  Segment part 13.
           ENTRY                   ADDRESS         REF BY
           =====                   =======         ======
           read_master_gpio_single_byte
                                   8440            LD_Drive_Get (tosa_control)
                                                   LD_Drive_Set (tosa_control)
                                                   cdr_power_management_init (tosa_control)
                                                   detect_cdr_alarm (state_transition)
                                                   rx_cdr_init (mcu_convert)
                                                   rx_cdr_init_from_flash (mcu_convert)
                                                   rx_output_deemphasis (memory_access)
                                                   tx_cdr_init (tosa_control)
                                                   tx_cdr_init_from_flash (tosa_control)
               calls direct
               CSTACK = 00000000 ( 0000000A )
    -------------------------------------------------------------------------
<CODE> 3 (was CODE)
  Relative segment, address: CODE 8862 - 887F (0x1e bytes), align: 1
  Segment part 14.
           ENTRY                   ADDRESS         REF BY
           =====                   =======         ======
           read_master_gpio_multiple_bytes
                                   8862            LD_Drive_Get (tosa_control)
                                                   LD_Drive_Set (tosa_control)
                                                   polled_tx_rx_combo_cdr_reg_info (tosa_control)
               calls direct
               CSTACK = 00000000 ( 00000002 )
    -------------------------------------------------------------------------
<CODE> 3 (was CODE)
  Relative segment, address: CODE 85E6 - 861D (0x38 bytes), align: 1
  Segment part 15.
           ENTRY                   ADDRESS         REF BY
           =====                   =======         ======
           write_master_gpio_single_byte
                                   85E6            LD_Drive_Set (tosa_control)
                                                   exec_upper_page82H_memory (memory_access)
                                                   exec_upper_page83H_memory (memory_access)
                                                   exec_upper_page84H_memory (memory_access)
                                                   rx_output_deemphasis (memory_access)
                                                   tx_input_equalization (memory_access)
               calls direct
               CSTACK = 00000000 ( 00000006 )
    -------------------------------------------------------------------------
<CODE> 3 (was CODE)
  Relative segment, address: CODE 8880 - 889D (0x1e bytes), align: 1
  Segment part 16.
           ENTRY                   ADDRESS         REF BY
           =====                   =======         ======
           write_master_gpio_multiple_bytes
                                   8880            LD_Drive_Set (tosa_control)
                                                   LdInit_forced_on_first (tosa_control)
                                                   cdr_power_management_init (tosa_control)
                                                   polled_tx_rx_combo_cdr_reg_info (tosa_control)
                                                   rx_cdr_init (mcu_convert)
                                                   tx_cdr_init (tosa_control)
               calls direct
               CSTACK = 00000000 ( 00000002 )
    -------------------------------------------------------------------------
<CODE> 3 (was CODE)
  Relative segment, address: CODE 7E66 - 7F09 (0xa4 bytes), align: 1
  Segment part 17.
           ENTRY                   ADDRESS         REF BY
           =====                   =======         ======
           confirm_write_master_gpio_multiple_bytes
                                   7E66            cdr_power_management_init (tosa_control)
               calls direct
               CSTACK = 00000000 ( 00000016 )

    *************************************************************************

  FILE NAME : D:\Projects\Coset\Project_SKT_SFP28_T_2020\3.SW\FW\SFP28_ER_V1_DML_APD\Debug\Obj\i2cm.r66
  PROGRAM MODULE, NAME : i2cm

  SEGMENTS IN THE MODULE
  ======================
DATA16_SFR
  Relative segment, address: IDATA 0140 - 0141 (0x2 bytes), align: 0
  Segment part 4. ROOT 
           ENTRY                   ADDRESS         REF BY
           =====                   =======         ======
           DAD2W1                  0140 
    -------------------------------------------------------------------------
DATA16_SFR
  Relative segment, address: IDATA 0142 - 0143 (0x2 bytes), align: 0
  Segment part 5. ROOT 
           ENTRY                   ADDRESS         REF BY
           =====                   =======         ======
           DAD2W2                  0142 
    -------------------------------------------------------------------------
DATA16_SFR
  Relative segment, address: IDATA 0154 - 0155 (0x2 bytes), align: 0
  Segment part 6. ROOT 
           ENTRY                   ADDRESS         REF BY
           =====                   =======         ======
           _A_CNT2W1               0154 
    -------------------------------------------------------------------------
DATA16_SFR
  Relative segment, address: IDATA 0156 - 0157 (0x2 bytes), align: 0
  Segment part 7. ROOT 
           ENTRY                   ADDRESS         REF BY
           =====                   =======         ======
           _A_CNT2W2               0156 
    -------------------------------------------------------------------------
DATA16_SFR
  Relative segment, address: IDATA 0160 - 0160 (0x1 bytes), align: 0
  Segment part 8. ROOT 
           ENTRY                   ADDRESS         REF BY
           =====                   =======         ======
           SLA2W1                  0160 
    -------------------------------------------------------------------------
DATA16_SFR
  Relative segment, address: IDATA 0162 - 0162 (0x1 bytes), align: 0
  Segment part 9. ROOT 
           ENTRY                   ADDRESS         REF BY
           =====                   =======         ======
           SLA2W2                  0162 
    -------------------------------------------------------------------------
DATA16_SFR
  Relative segment, address: IDATA 0176 - 0177 (0x2 bytes), align: 0
  Segment part 10. ROOT 
           ENTRY                   ADDRESS         REF BY
           =====                   =======         ======
           _A_MIS2                 0176 
    -------------------------------------------------------------------------
DATA16_SFR
  Relative segment, address: IDATA 0178 - 0179 (0x2 bytes), align: 0
  Segment part 11. ROOT 
           ENTRY                   ADDRESS         REF BY
           =====                   =======         ======
           CCK2W1                  0178 
    -------------------------------------------------------------------------
DATA16_SFR
  Relative segment, address: IDATA 017A - 017B (0x2 bytes), align: 0
  Segment part 12. ROOT 
           ENTRY                   ADDRESS         REF BY
           =====                   =======         ======
           CCK2W2                  017A 
    -------------------------------------------------------------------------
DATA16_Z
  Relative segment, address: DATA 098E - 098E (0x1 bytes), align: 0
  Segment part 14.            Intra module refs:   I2CM_ReadNBytes
                                                   I2CM_WriteNBytes
                                                   Segment part 21
           ENTRY                   ADDRESS         REF BY
           =====                   =======         ======
           tx_rx_complete          098E 
    -------------------------------------------------------------------------
DATA16_Z
  Relative segment, address: DATA 098F - 098F (0x1 bytes), align: 0
  Segment part 15.            Intra module refs:   Segment part 21
           ENTRY                   ADDRESS         REF BY
           =====                   =======         ======
           interrupt_count         098F 
    -------------------------------------------------------------------------
<CODE> 3 (was CODE)
  Relative segment, address: CODE 7CFA - 7DB5 (0xbc bytes), align: 1
  Segment part 16.
           ENTRY                   ADDRESS         REF BY
           =====                   =======         ======
           I2CM_Init               7CFA            I2CMaster_Init (board)
    -------------------------------------------------------------------------
<CODE> 3 (was CODE)
  Relative segment, address: CODE 65F2 - 6865 (0x274 bytes), align: 1
  Segment part 18.
           ENTRY                   ADDRESS         REF BY
           =====                   =======         ======
           I2CM_WriteNBytes        65F2            confirm_write_master_gpio_multiple_bytes (i2c_master_gpio)
                                                   write_master_gpio_multiple_bytes (i2c_master_gpio)
                                                   write_master_gpio_single_byte (i2c_master_gpio)
               calls direct
               CSTACK = 00000000 ( 00000004 )
    -------------------------------------------------------------------------
<CODE> 3 (was CODE)
  Relative segment, address: CODE 6866 - 6B11 (0x2ac bytes), align: 1
  Segment part 19.
           ENTRY                   ADDRESS         REF BY
           =====                   =======         ======
           I2CM_ReadNBytes         6866            confirm_write_master_gpio_multiple_bytes (i2c_master_gpio)
                                                   read_master_gpio_multiple_bytes (i2c_master_gpio)
                                                   read_master_gpio_single_byte (i2c_master_gpio)
               calls direct
               CSTACK = 00000000 ( 00000004 )
    -------------------------------------------------------------------------
<CODE> 3 (was CODE)
  Relative segment, address: CODE 6B12 - 6BD9 (0xc8 bytes), align: 1
  Segment part 20.            Intra module refs:   I2CM_ReadNBytes
                                                   I2CM_WriteNBytes
    -------------------------------------------------------------------------
<CODE> 3 (was CODE)
  Relative segment, address: CODE 847E - 84BB (0x3e bytes), align: 1
  Segment part 21. ROOT 
           ENTRY                   ADDRESS         REF BY
           =====                   =======         ======
           ?ISR5                   847E            ?INTERRUPT5 (?INTERRUPT5)
           module_5_ISR            847E 
               interrupt function
               CSTACK = 00000000 ( 00000006 )

    *************************************************************************

  FILE NAME : D:\Projects\Coset\Project_SKT_SFP28_T_2020\3.SW\FW\SFP28_ER_V1_DML_APD\Debug\Obj\i2cs_asm.r66
  PROGRAM MODULE, NAME : i2cs_asm

  SEGMENTS IN THE MODULE
  ======================
<CODE> 3 (was CODE)
  Relative segment, address: CODE 8842 - 8861 (0x20 bytes), align: 1
  Segment part 2.
           ENTRY                   ADDRESS         REF BY
           =====                   =======         ======
           UpdateTxBuffer          8842            Segment part 35 (i2cslave)
    -------------------------------------------------------------------------
<CODE> 3 (was CODE)
  Relative segment, address: CODE 8536 - 8571 (0x3c bytes), align: 1
  Segment part 3.
           ENTRY                   ADDRESS         REF BY
           =====                   =======         ======
           UpdateTxBuffer1_2       8536            I2CS_Init (i2cslave)
    -------------------------------------------------------------------------
<CODE> 3 (was CODE)
  Relative segment, address: CODE 80F4 - 815F (0x6c bytes), align: 1
  Segment part 4.
           ENTRY                   ADDRESS         REF BY
           =====                   =======         ======
           UpdateAllTxBuffers      80F4            Segment part 35 (i2cslave)
    -------------------------------------------------------------------------
<CODE> 3 (was CODE)
  Relative segment, address: CODE 85AC - 85E5 (0x3a bytes), align: 1
  Segment part 5.
           ENTRY                   ADDRESS         REF BY
           =====                   =======         ======
           ReadI2CRxBuffer         85AC            I2C_Slave_Stop (i2cslave)
                                                   Segment part 35 (i2cslave)

    *************************************************************************

  FILE NAME : D:\Projects\Coset\Project_SKT_SFP28_T_2020\3.SW\FW\SFP28_ER_V1_DML_APD\Debug\Obj\i2cslave.r66
  PROGRAM MODULE, NAME : i2cslave

  SEGMENTS IN THE MODULE
  ======================
DATA16_SFR
  Relative segment, address: IDATA 0082 - 0083 (0x2 bytes), align: 0
  Segment part 1. ROOT 
           ENTRY                   ADDRESS         REF BY
           =====                   =======         ======
           _A_I2CST_S              0082 
    -------------------------------------------------------------------------
DATA16_SFR
  Relative segment, address: IDATA 0084 - 0085 (0x2 bytes), align: 0
  Segment part 2. ROOT 
           ENTRY                   ADDRESS         REF BY
           =====                   =======         ======
           _A_MPNTR                0084 
    -------------------------------------------------------------------------
DATA16_SFR
  Relative segment, address: IDATA 0086 - 0087 (0x2 bytes), align: 0
  Segment part 3. ROOT 
           ENTRY                   ADDRESS         REF BY
           =====                   =======         ======
           _A_I2CTXFST             0086 
    -------------------------------------------------------------------------
DATA16_SFR
  Relative segment, address: IDATA 0088 - 0089 (0x2 bytes), align: 0
  Segment part 4. ROOT 
           ENTRY                   ADDRESS         REF BY
           =====                   =======         ======
           _A_I2CTXFIE             0088 
    -------------------------------------------------------------------------
DATA16_SFR
  Relative segment, address: IDATA 008A - 008B (0x2 bytes), align: 0
  Segment part 5. ROOT 
           ENTRY                   ADDRESS         REF BY
           =====                   =======         ======
           _A_I2CRXFST             008A 
    -------------------------------------------------------------------------
DATA16_SFR
  Relative segment, address: IDATA 008C - 008D (0x2 bytes), align: 0
  Segment part 6. ROOT 
           ENTRY                   ADDRESS         REF BY
           =====                   =======         ======
           _A_I2CRXFIE             008C 
    -------------------------------------------------------------------------
DATA16_SFR
  Relative segment, address: IDATA 008E - 008F (0x2 bytes), align: 0
  Segment part 7. ROOT 
           ENTRY                   ADDRESS         REF BY
           =====                   =======         ======
           _A_I2CST2_S             008E 
    -------------------------------------------------------------------------
DATA16_SFR
  Relative segment, address: IDATA 0092 - 0093 (0x2 bytes), align: 0
  Segment part 8. ROOT 
           ENTRY                   ADDRESS         REF BY
           =====                   =======         ======
           _A_I2CCN_S              0092 
    -------------------------------------------------------------------------
DATA16_SFR
  Relative segment, address: IDATA 0098 - 0099 (0x2 bytes), align: 0
  Segment part 9. ROOT 
           ENTRY                   ADDRESS         REF BY
           =====                   =======         ======
           _A_I2CSLA_S             0098 
    -------------------------------------------------------------------------
DATA16_SFR
  Relative segment, address: IDATA 009A - 009B (0x2 bytes), align: 0
  Segment part 10. ROOT 
           ENTRY                   ADDRESS         REF BY
           =====                   =======         ======
           _A_I2CSLA2_S            009A 
    -------------------------------------------------------------------------
DATA16_SFR
  Relative segment, address: IDATA 00A0 - 00A1 (0x2 bytes), align: 0
  Segment part 11. ROOT 
           ENTRY                   ADDRESS         REF BY
           =====                   =======         ======
           _A_I2CIE2_S             00A0 
    -------------------------------------------------------------------------
DATA16_SFR
  Relative segment, address: IDATA 00A2 - 00A3 (0x2 bytes), align: 0
  Segment part 12. ROOT 
           ENTRY                   ADDRESS         REF BY
           =====                   =======         ======
           _A_MADDR                00A2 
    -------------------------------------------------------------------------
DATA16_SFR
  Relative segment, address: IDATA 00A4 - 00A5 (0x2 bytes), align: 0
  Segment part 13. ROOT 
           ENTRY                   ADDRESS         REF BY
           =====                   =======         ======
           _A_MADDR2               00A4 
    -------------------------------------------------------------------------
DATA16_SFR
  Relative segment, address: IDATA 00AA - 00AB (0x2 bytes), align: 0
  Segment part 14. ROOT 
           ENTRY                   ADDRESS         REF BY
           =====                   =======         ======
           _A_CUR_SLA              00AA 
    -------------------------------------------------------------------------
DATA16_SFR
  Relative segment, address: IDATA 00AC - 00AD (0x2 bytes), align: 0
  Segment part 15. ROOT 
           ENTRY                   ADDRESS         REF BY
           =====                   =======         ======
           _A_I2CIE_S              00AC 
    -------------------------------------------------------------------------
DATA16_AN
  Relative segment, address: DATA 0780 - 07FF (0x80 bytes), align: 0
  Segment part 26. ROOT       Intra module refs:   I2C_Slave_Buffer_A2_P83H_Up
           ENTRY                   ADDRESS         REF BY
           =====                   =======         ======
           I2C_Slave_Buffer_A2_P82H_Up
                                   0780 
    -------------------------------------------------------------------------
DATA16_AN
  Relative segment, address: DATA 0800 - 087F (0x80 bytes), align: 0
  Segment part 27. ROOT       Intra module refs:   I2C_Slave_Buffer_A2_P84H_Up
           ENTRY                   ADDRESS         REF BY
           =====                   =======         ======
           I2C_Slave_Buffer_A2_P83H_Up
                                   0800 
    -------------------------------------------------------------------------
DATA16_AN
  Relative segment, address: DATA 0880 - 08FF (0x80 bytes), align: 0
  Segment part 28. ROOT       Intra module refs:   Rx_Count
           ENTRY                   ADDRESS         REF BY
           =====                   =======         ======
           I2C_Slave_Buffer_A2_P84H_Up
                                   0880 
[...]
  Segment part 4.             Intra module refs:   ?RESTORE_BP
    -------------------------------------------------------------------------
RCODE
  Relative segment, address: CODE 00E8 - 00E9 (0x2 bytes), align: 1
  Segment part 5.             Intra module refs:   ?RESTORE_BP
                                                   ?RESTORE_DP0
    -------------------------------------------------------------------------
RCODE
  Relative segment, address: CODE 00EA - 00EB (0x2 bytes), align: 1
  Segment part 6.
           ENTRY                   ADDRESS         REF BY
           =====                   =======         ======
           ?RESTORE_DP0            00EA            Segment part 4 (?INTERRUPT_SAVE_PTR)
    -------------------------------------------------------------------------
RCODE
  Relative segment, address: CODE 00EC - 00F3 (0x8 bytes), align: 1
  Segment part 7.
           ENTRY                   ADDRESS         REF BY
           =====                   =======         ======
           ?RESTORE_BP             00EC            ?REQ_SAVE_BP (?INTERRUPT_SAVE_PTR)
    -------------------------------------------------------------------------
RCODE
  Relative segment, address: CODE 00F4 - 00F7 (0x4 bytes), align: 1
  Segment part 8.             Intra module refs:   ?INTERRUPT_RESTORE_PTR

    -------------------------------------------------------------------------
  LIBRARY MODULE, NAME : exit

  SEGMENTS IN THE MODULE
  ======================
__aseg
  Relative segment, address: CODE 0000, align: 0
  Segment part 1. ROOT 
    -------------------------------------------------------------------------
<CODE> 3 (was CODE)
  Relative segment, address: CODE 89A0 - 89A5 (0x6 bytes), align: 1
  Segment part 3.
           ENTRY                   ADDRESS         REF BY
           =====                   =======         ======
           exit                    89A0            __MAIN_CALL (__MAIN_CALL__)
               CSTACK = 00000002 ( 00000000 )

    -------------------------------------------------------------------------
  LIBRARY MODULE, NAME : UL_SHL_L03

  SEGMENTS IN THE MODULE
  ======================
<CODE> 3 (was CODE)
  Relative segment, address: CODE 8954 - 895F (0xc bytes), align: 1
  Segment part 1.
           ENTRY                   ADDRESS         REF BY
           =====                   =======         ======
           ?UL_SHL_L03             8954            TempCalibration (ddm)

    -------------------------------------------------------------------------
  LIBRARY MODULE, NAME : SL_SHR_L03

  SEGMENTS IN THE MODULE
  ======================
<CODE> 3 (was CODE)
  Relative segment, address: CODE 8948 - 8953 (0xc bytes), align: 1
  Segment part 1.
           ENTRY                   ADDRESS         REF BY
           =====                   =======         ======
           ?SL_SHR_L03             8948            TempCalibration (ddm)

    -------------------------------------------------------------------------
  LIBRARY MODULE, NAME : UL_SHR_L03

  SEGMENTS IN THE MODULE
  ======================
<CODE> 3 (was CODE)
  Relative segment, address: CODE 8960 - 896B (0xc bytes), align: 1
  Segment part 1.
           ENTRY                   ADDRESS         REF BY
           =====                   =======         ======
           ?UL_SHR_L03             8960            ConvertVccScale (ddm)

    -------------------------------------------------------------------------
  LIBRARY MODULE, NAME : F_ADD_L04

  SEGMENTS IN THE MODULE
  ======================
__aseg
  Relative segment, address: CODE 0000, align: 0
  Segment part 1. ROOT 
    -------------------------------------------------------------------------
<CODE> 3 (was CODE)
  Relative segment, address: CODE 785A - 796B (0x112 bytes), align: 1
  Segment part 2.
           ENTRY                   ADDRESS         REF BY
           =====                   =======         ======
           ?F_ADD_L04              7870            TempCalibration_adjusted (ddm)
                                                   ddm_mon_rx_power (state_transition)
                                                   ddm_mon_tx_power (state_transition)
           ?F_SUB_L04              785A            ?F_CMP_L04 (FLOAT_CMP)
                                                   cal_Temp_Slope_Offset (state_transition)

    -------------------------------------------------------------------------
  LIBRARY MODULE, NAME : Q20_DivideRaw

  SEGMENTS IN THE MODULE
  ======================
__aseg
  Relative segment, address: CODE 0000, align: 0
  Segment part 1. ROOT 
    -------------------------------------------------------------------------
<CODE> 3 (was CODE)
  Relative segment, address: CODE 8342 - 8383 (0x42 bytes), align: 1
  Segment part 2.
           ENTRY                   ADDRESS         REF BY
           =====                   =======         ======
           Q20_DivideRaw_add       8358 
           Q20_DivideRaw_sub       8342            ?UL_DIV_L03 (UL_DIV_L03)

    -------------------------------------------------------------------------
  LIBRARY MODULE, NAME : FLOAT_CMP

  SEGMENTS IN THE MODULE
  ======================
<CODE> 3 (was CODE)
  Relative segment, address: CODE 8822 - 8841 (0x20 bytes), align: 1
  Segment part 1.
           ENTRY                   ADDRESS         REF BY
           =====                   =======         ======
           ?F_CMP_L04              8822            ddm_mon_rx_power (state_transition)
                                                   ddm_mon_tx_power (state_transition)

    -------------------------------------------------------------------------
  LIBRARY MODULE, NAME : FLOAT_F2L

  SEGMENTS IN THE MODULE
  ======================
<CODE> 3 (was CODE)
  Relative segment, address: CODE 8654 - 8689 (0x36 bytes), align: 1
  Segment part 1.
           ENTRY                   ADDRESS         REF BY
           =====                   =======         ======
           ?F_F2L_L04              8654            TempCalibration_adjusted (ddm)
                                                   ddm_mon_rx_power (state_transition)
                                                   ddm_mon_tx_power (state_transition)
           ?F_F2UL_L04             8654 

    -------------------------------------------------------------------------
  LIBRARY MODULE, NAME : FLOAT_L2F

  SEGMENTS IN THE MODULE
  ======================
<CODE> 3 (was CODE)
  Relative segment, address: CODE 82B8 - 82FD (0x46 bytes), align: 1
  Segment part 1.
           ENTRY                   ADDRESS         REF BY
           =====                   =======         ======
           ?F_SL2F_L04             82B8            TempCalibration_adjusted (ddm)
                                                   cal_Temp_Slope_Offset (state_transition)
           ?F_UL2F_L04             82C8            ddm_mon_rx_power (state_transition)
                                                   ddm_mon_tx_power (state_transition)
                                                   exec_lower_page_memory (memory_access)

    -------------------------------------------------------------------------
  LIBRARY MODULE, NAME : Q20_Twos_Complement32

  SEGMENTS IN THE MODULE
  ======================
<CODE> 3 (was CODE)
  Relative segment, address: CODE 893A - 8947 (0xe bytes), align: 1
  Segment part 1.
           ENTRY                   ADDRESS         REF BY
           =====                   =======         ======
           Q20_Twos_Complement32   893A            Segment part 1 (FLOAT_L2F)

    -------------------------------------------------------------------------
  LIBRARY MODULE, NAME : Q20_Float_Is_Zero

  SEGMENTS IN THE MODULE
  ======================
<CODE> 3 (was CODE)
  Relative segment, address: CODE 87BA - 87DD (0x24 bytes), align: 1
  Segment part 1.
           ENTRY                   ADDRESS         REF BY
           =====                   =======         ======
           Q20_Float_Is_Zero       87BA            ?F_CMP_L04 (FLOAT_CMP)

    -------------------------------------------------------------------------
  LIBRARY MODULE, NAME : Q20_SZFloat

  SEGMENTS IN THE MODULE
  ======================
<CODE> 3 (was CODE)
  Relative segment, address: CODE 8992 - 8999 (0x8 bytes), align: 1
  Segment part 1.
           ENTRY                   ADDRESS         REF BY
           =====                   =======         ======
           Q20_Set_Zero_Float      8992            Segment part 1 (FLOAT_F2L)
                                                   Segment part 1 (FLOAT_L2F)

    -------------------------------------------------------------------------
  LIBRARY MODULE, NAME : Q20_Set_NaN_Float

  SEGMENTS IN THE MODULE
  ======================
<CODE> 3 (was CODE)
  Relative segment, address: CODE 8980 - 8989 (0xa bytes), align: 1
  Segment part 1.
           ENTRY                   ADDRESS         REF BY
           =====                   =======         ======
           Q20_Set_NaN_Float       8980            Q20_Pack_Float (Q20_Pack_Float)

    -------------------------------------------------------------------------
  LIBRARY MODULE, NAME : Q20_UPF

  SEGMENTS IN THE MODULE
  ======================
<CODE> 3 (was CODE)
  Relative segment, address: CODE 8018 - 8085 (0x6e bytes), align: 1
  Segment part 1.
           ENTRY                   ADDRESS         REF BY
           =====                   =======         ======
           Q20_UnPack_Float        8018            Segment part 1 (FLOAT_F2L)

    -------------------------------------------------------------------------
  LIBRARY MODULE, NAME : Q20_Pack_Float

  SEGMENTS IN THE MODULE
  ======================
<CODE> 3 (was CODE)
  Relative segment, address: CODE 8160 - 81C5 (0x66 bytes), align: 1
  Segment part 1.
           ENTRY                   ADDRESS         REF BY
           =====                   =======         ======
           Q20_Pack_Float          8160            Segment part 1 (FLOAT_L2F)

    -------------------------------------------------------------------------
  LIBRARY MODULE, NAME : SS_DIV_L02

  SEGMENTS IN THE MODULE
  ======================
__aseg
  Relative segment, address: CODE 0000, align: 0
  Segment part 1. ROOT 
    -------------------------------------------------------------------------
<CODE> 3 (was CODE)
  Relative segment, address: CODE 86EC - 8719 (0x2e bytes), align: 1
  Segment part 2.
           ENTRY                   ADDRESS         REF BY
           =====                   =======         ======
           ?SS_DIV_L02             86EC            I2C_Slave_Memory_Map_Write (memory_access)
                                                   LdControl_APC_3 (tosa_control)
                                                   ModBiasControl_APC_3 (tosa_control)
                                                   TEC_Control_APC_3 (tosa_control)

    -------------------------------------------------------------------------
  LIBRARY MODULE, NAME : US_DIV_L02

  SEGMENTS IN THE MODULE
  ======================
__aseg
  Relative segment, address: CODE 0000, align: 0
  Segment part 1. ROOT 
    -------------------------------------------------------------------------
<CODE> 3 (was CODE)
  Relative segment, address: CODE 8402 - 843F (0x3e bytes), align: 1
  Segment part 2.
           ENTRY                   ADDRESS         REF BY
           =====                   =======         ======
           ?US_DIV_L02             8402            ?SS_DIV_L02 (SS_DIV_L02)
                                                   insert_write_entry (memory_access)
                                                   polled_write_entry (memory_access)

    -------------------------------------------------------------------------
  LIBRARY MODULE, NAME : SL_DIV_L03

  SEGMENTS IN THE MODULE
  ======================
__aseg
  Relative segment, address: CODE 0000, align: 0
  Segment part 1. ROOT 
    -------------------------------------------------------------------------
<CODE> 3 (was CODE)
  Relative segment, address: CODE 83C4 - 8401 (0x3e bytes), align: 1
  Segment part 2.
           ENTRY                   ADDRESS         REF BY
           =====                   =======         ======
           ?SL_DIV_L03             83C4            TEC_Control_APC_3 (tosa_control)

    -------------------------------------------------------------------------
  LIBRARY MODULE, NAME : UL_DIV_L03

  SEGMENTS IN THE MODULE
  ======================
__aseg
  Relative segment, address: CODE 0000, align: 0
  Segment part 1. ROOT 
    -------------------------------------------------------------------------
<CODE> 1 (was CODE)
  Relative segment, address: CODE 0004 - 001D (0x1a bytes), align: 1
  Segment part 2.
           ENTRY                   ADDRESS         REF BY
           =====                   =======         ======
           ?UL_DIV_L03             0004            ?SL_DIV_L03 (SL_DIV_L03)

    -------------------------------------------------------------------------
  LIBRARY MODULE, NAME : ?MEMCPY

  SEGMENTS IN THE MODULE
  ======================
<CODE> 3 (was CODE)
  Relative segment, address: CODE 8796 - 87B9 (0x24 bytes), align: 1
  Segment part 2.
           ENTRY                   ADDRESS         REF BY
           =====                   =======         ======
           memcpy                  8796            ProcessReceivedI2CData (memory_access)

    -------------------------------------------------------------------------
  LIBRARY MODULE, NAME : ?MEMSET

  SEGMENTS IN THE MODULE
  ======================
<CODE> 3 (was CODE)
  Relative segment, address: CODE 88B8 - 88D1 (0x1a bytes), align: 1
  Segment part 2.
           ENTRY                   ADDRESS         REF BY
           =====                   =======         ======
           memset                  88B8            Memory_Init (memory_access)
                                                   check_password_control (memory_access)
                                                   factory_reset_eeprom_info (mcu_convert)
                                                   initialize_variables (mcu_convert)
                                                   rx_cdr_init_from_flash (mcu_convert)
                                                   tx_cdr_init (tosa_control)
                                                   tx_cdr_init_from_flash (tosa_control)




                ****************************************
                *                                      *
                *      SEGMENTS IN ADDRESS ORDER       *
                *                                      *
                ****************************************


SEGMENT              SPACE    START ADDRESS   END ADDRESS     SIZE  TYPE  ALIGN
=======              =====    =============   ===========     ====  ====  =====
__aseg               CODE                 0000                       rel    0
RESET                CODE              0000 - 0003               4   rel    0
<CODE> 1             CODE              0004 - 001F              1C   rel    1
DATA16_AC            CODE              0020 - 003F              20   rel    0
RCODE                CODE              0040 - 00F7              B8   rel    1
<CODE> 2             CODE              00F8 - 011B              24   rel    1
CDATA16_C            CODE              0120 - 0139              1A   rel    1
CCHECKSUM            CODE                 013A                       rel    0
CDATA8_ID            CODE                 013A                       rel    0
CCONST               CODE                 013A                       rel    0
CDATA16_ID           CODE                 013A                       rel    0
<CODE> 3             CODE              013A - 89AB            8872   rel    1
DATA16_AC            CODE              EE00 - EE7F              80   rel    0
                     CODE              EF00 - EF7F              80 
                     CODE              F000 - F07F              80 
DATA16_I             DATA                 0002                       rel    1
DATA16_AN            DATA              0080 - 0083               4   rel    0
                     DATA              0100 - 08FF             800 
DATA16_Z             DATA              0900 - 0AD3             1D4   rel    1
CSTACK               DATA              0FAF - 0FE0              32   dse    0
DATA16_C             DATA              8120 - 8139              1A   rel    1
DATA8_ID             DATA                 813A                       rel    0
DATA16_ID            DATA                 813A                       rel    0
CONST                DATA                 813A                       rel    0
CHECKSUM             DATA                 813A                       rel    0
DATA16_SFR           IDATA             0000 - 0007               8   rel    0
                     IDATA             000A - 000B               2 
                     IDATA             000E - 0011               4 
                     IDATA             0014 - 0017               4 
                     IDATA             001A - 001B               2 
                     IDATA             001E - 0027               A 
                     IDATA             002A - 0037               E 
                     IDATA             0042 - 0045               4 
                     IDATA             0052 - 0053               2 
                     IDATA             005A - 005D               4 
                     IDATA             006C - 006C               1 
                     IDATA             007C - 007D               2 
                     IDATA             0082 - 008F               E 
                     IDATA             0092 - 0093               2 
                     IDATA             0098 - 009B               4 
                     IDATA             00A0 - 00A5               6 
                     IDATA             00AA - 00AD               4 
                     IDATA             0100 - 0105               6 
                     IDATA             0110 - 0111               2 
                     IDATA             011C - 011D               2 
                     IDATA             012C - 0131               6 
                     IDATA             0134 - 0135               2 
                     IDATA             0140 - 0147               8 
                     IDATA             014A - 014E               5 
                     IDATA             0154 - 0157               4 
                     IDATA             015C - 015D               2 
                     IDATA             0160 - 0160               1 
                     IDATA             0162 - 0162               1 
                     IDATA             0164 - 0167               4 
                     IDATA             016E - 0171               4 
                     IDATA             0174 - 017B               8 
                     IDATA             0182 - 0187               6 
                     IDATA             018E - 0190               3 
                     IDATA             0194 - 0195               2 
                     IDATA             01BA - 01BC               3 
                     IDATA             01BE - 01BF               2 
                     IDATA             020A - 020A               1 
                     IDATA             020C - 020C               1 
DATA16_SFR           IDATA             021E - 021F               2   rel    0

                ****************************************
                *                                      *
                *        END OF CROSS REFERENCE        *
                *                                      *
                ****************************************

 35 204 bytes of CODE  memory (+     4 absolute )
    544 bytes of DATA  memory (+ 2 052 absolute )
      0 bytes of IDATA memory (+   162 absolute )
      0 bytes of CONST memory (+   416 absolute )

Errors: none
Warnings: none

