################################################################################
#                                                                              #
#      IAR Universal Linker V6.5.0.91                                          #
#                                                                              #
#           Link time     =  13/Jul/2021  11:56:20                             #
#           Target CPU    =  MAXQ                                              #
#           List file     =  "D:\Projects\Coset\Project_SKT_3G_ST_SFP_2021\2.  #
#                            SW\1.FW\SFP_PLUS_3G_ER_V1_DML_APD\Debug\List\SFP_ #
#                            PLUS_3G_Only_ER_V1_DML_PIN_GN1157_Release_Ver_01_ #
#                            3_WM_ANY_WL_FIXED_210713.map"                     #
#           Output file 1 =  "D:\Projects\Coset\Project_SKT_3G_ST_SFP_2021\2.  #
#                            SW\1.FW\SFP_PLUS_3G_ER_V1_DML_APD\Debug\Exe\SFP_P #
#                            LUS_3G_Only_ER_V1_DML_PIN_GN1157_Release_Ver_01_3 #
#                            _WM_ANY_WL_FIXED_210713.hex"                      #
#                            Format: intel-standard                            #
#           Command line  =  "D:\Projects\Coset\Project_SKT_3G_ST_SFP_2021\2.  #
#                            SW\1.FW\SFP_PLUS_3G_ER_V1_DML_APD\Debug\Obj\Q20_f #
#                            loatMACLIB_ieee754.r66"                           #
#                            "D:\Projects\Coset\Project_SKT_3G_ST_SFP_2021\2.  #
#                            SW\1.FW\SFP_PLUS_3G_ER_V1_DML_APD\Debug\Obj\adc.r #
#                            66"                                               #
#                            "D:\Projects\Coset\Project_SKT_3G_ST_SFP_2021\2.  #
#                            SW\1.FW\SFP_PLUS_3G_ER_V1_DML_APD\Debug\Obj\alarm #
#                            _warning.r66"                                     #
#                            "D:\Projects\Coset\Project_SKT_3G_ST_SFP_2021\2.  #
#                            SW\1.FW\SFP_PLUS_3G_ER_V1_DML_APD\Debug\Obj\board #
#                            .r66"                                             #
#                            "D:\Projects\Coset\Project_SKT_3G_ST_SFP_2021\2.  #
#                            SW\1.FW\SFP_PLUS_3G_ER_V1_DML_APD\Debug\Obj\dc_dc #
#                            .r66"                                             #
#                            "D:\Projects\Coset\Project_SKT_3G_ST_SFP_2021\2.  #
#                            SW\1.FW\SFP_PLUS_3G_ER_V1_DML_APD\Debug\Obj\ddm.r #
#                            66"                                               #
#                            "D:\Projects\Coset\Project_SKT_3G_ST_SFP_2021\2.  #
#                            SW\1.FW\SFP_PLUS_3G_ER_V1_DML_APD\Debug\Obj\ds_da #
#                            c.r66"                                            #
#                            "D:\Projects\Coset\Project_SKT_3G_ST_SFP_2021\2.  #
#                            SW\1.FW\SFP_PLUS_3G_ER_V1_DML_APD\Debug\Obj\flash #
#                            .r66"                                             #
#                            "D:\Projects\Coset\Project_SKT_3G_ST_SFP_2021\2.  #
#                            SW\1.FW\SFP_PLUS_3G_ER_V1_DML_APD\Debug\Obj\flash #
#                            _asm.r66"                                         #
#                            "D:\Projects\Coset\Project_SKT_3G_ST_SFP_2021\2.  #
#                            SW\1.FW\SFP_PLUS_3G_ER_V1_DML_APD\Debug\Obj\hwmul #
#                            .r66"                                             #
#                            "D:\Projects\Coset\Project_SKT_3G_ST_SFP_2021\2.  #
#                            SW\1.FW\SFP_PLUS_3G_ER_V1_DML_APD\Debug\Obj\i2c_m #
#                            aster_gpio.r66"                                   #
#                            "D:\Projects\Coset\Project_SKT_3G_ST_SFP_2021\2.  #
#                            SW\1.FW\SFP_PLUS_3G_ER_V1_DML_APD\Debug\Obj\i2cm. #
#                            r66"                                              #
#                            "D:\Projects\Coset\Project_SKT_3G_ST_SFP_2021\2.  #
#                            SW\1.FW\SFP_PLUS_3G_ER_V1_DML_APD\Debug\Obj\i2cs_ #
#                            asm.r66"                                          #
#                            "D:\Projects\Coset\Project_SKT_3G_ST_SFP_2021\2.  #
#                            SW\1.FW\SFP_PLUS_3G_ER_V1_DML_APD\Debug\Obj\i2csl #
#                            ave.r66"                                          #
#                            "D:\Projects\Coset\Project_SKT_3G_ST_SFP_2021\2.  #
#                            SW\1.FW\SFP_PLUS_3G_ER_V1_DML_APD\Debug\Obj\initi #
#                            alization.r66"                                    #
#                            "D:\Projects\Coset\Project_SKT_3G_ST_SFP_2021\2.  #
#                            SW\1.FW\SFP_PLUS_3G_ER_V1_DML_APD\Debug\Obj\isr.r #
#                            66"                                               #
#                            "D:\Projects\Coset\Project_SKT_3G_ST_SFP_2021\2.  #
#                            SW\1.FW\SFP_PLUS_3G_ER_V1_DML_APD\Debug\Obj\lowin #
#                            it.r66"                                           #
#                            "D:\Projects\Coset\Project_SKT_3G_ST_SFP_2021\2.  #
#                            SW\1.FW\SFP_PLUS_3G_ER_V1_DML_APD\Debug\Obj\main. #
#                            r66"                                              #
#                            "D:\Projects\Coset\Project_SKT_3G_ST_SFP_2021\2.  #
#                            SW\1.FW\SFP_PLUS_3G_ER_V1_DML_APD\Debug\Obj\mcu_c #
#                            onvert.r66"                                       #
#                            "D:\Projects\Coset\Project_SKT_3G_ST_SFP_2021\2.  #
#                            SW\1.FW\SFP_PLUS_3G_ER_V1_DML_APD\Debug\Obj\memor #
#                            y_access.r66"                                     #
#                            "D:\Projects\Coset\Project_SKT_3G_ST_SFP_2021\2.  #
#                            SW\1.FW\SFP_PLUS_3G_ER_V1_DML_APD\Debug\Obj\monit #
#                            or.r66"                                           #
#                            "D:\Projects\Coset\Project_SKT_3G_ST_SFP_2021\2.  #
#                            SW\1.FW\SFP_PLUS_3G_ER_V1_DML_APD\Debug\Obj\pwm.r #
#                            66"                                               #
#                            "D:\Projects\Coset\Project_SKT_3G_ST_SFP_2021\2.  #
#                            SW\1.FW\SFP_PLUS_3G_ER_V1_DML_APD\Debug\Obj\state #
#                            _transition.r66"                                  #
#                            "D:\Projects\Coset\Project_SKT_3G_ST_SFP_2021\2.  #
#                            SW\1.FW\SFP_PLUS_3G_ER_V1_DML_APD\Debug\Obj\tec.r #
#                            66"                                               #
#                            "D:\Projects\Coset\Project_SKT_3G_ST_SFP_2021\2.  #
#                            SW\1.FW\SFP_PLUS_3G_ER_V1_DML_APD\Debug\Obj\timer #
#                            .r66"                                             #
#                            "D:\Projects\Coset\Project_SKT_3G_ST_SFP_2021\2.  #
#                            SW\1.FW\SFP_PLUS_3G_ER_V1_DML_APD\Debug\Obj\tosa_ #
#                            control.r66"                                      #
#                            "D:\Projects\Coset\Project_SKT_3G_ST_SFP_2021\2.  #
#                            SW\1.FW\SFP_PLUS_3G_ER_V1_DML_APD\Debug\Obj\twm.r #
#                            66"                                               #
#                            -o                                                #
#                            "D:\Projects\Coset\Project_SKT_3G_ST_SFP_2021\2.  #
#                            SW\1.FW\SFP_PLUS_3G_ER_V1_DML_APD\Debug\Exe\SFP_P #
#                            LUS_3G_Only_ER_V1_DML_PIN_GN1157_Release_Ver_01_3 #
#                            _WM_ANY_WL_FIXED_210713.hex"                      #
#                            -Fintel-standard -l                               #
#                            "D:\Projects\Coset\Project_SKT_3G_ST_SFP_2021\2.  #
#                            SW\1.FW\SFP_PLUS_3G_ER_V1_DML_APD\Debug\List\SFP_ #
#                            PLUS_3G_Only_ER_V1_DML_PIN_GN1157_Release_Ver_01_ #
#                            3_WM_ANY_WL_FIXED_210713.map"                     #
#                            -xms                                              #
#                            "-IC:\Program Files (x86)\IAR Systems\Embedded Wo #
#                            rkbench 4.6\MAXQ\LIB\"                            #
#                            -f                                                #
#                            "D:\Projects\Coset\Project_SKT_3G_ST_SFP_2021\2.  #
#                            SW\1.FW\SFP_PLUS_3G_ER_V1_DML_APD\Source\Customiz #
#                            ed\lnkds4835.xcl"                                 #
#                            (-cmaxq -Z(CODE)RESET=0-1F -Z(CODE)RCODE=20-11F   #
#                            -Z(DATA)DATA16_C,DATA8_ID,DATA16_ID,CHECKSUM,CONS #
#                            T=8120-87E0                                       #
#                            -Z(CODE)CDATA16_C,CDATA16_ID,CDATA8_ID,CCHECKSUM, #
#                            CCONST=120-7E0                                    #
#                            -QDATA16_C=CDATA16_C -QDATA16_ID=CDATA16_ID       #
#                            -QDATA8_ID=CDATA8_ID -QCHECKSUM=CCHECKSUM         #
#                            -QCONST=CCONST -P(CODE)CODE=0-FFFF                #
#                            -P(CODE)FARCODE=10000-1FFFF                       #
#                            -P(CODE)LCODE=0-1FFFF                             #
#                            -Z(DATA)DATA8_I,DATA8_Z,DATA8_N=2-FF              #
#                            -Z(DATA)DATA16_I,DATA16_Z,DATA16_N=2-FE0          #
#                            -Z(DATA)CSTACK+_CSTACK_SIZE#400-FE0               #
#                            -Z(DATA)HEAP+_HEAP_SIZE=400-FE0                   #
#                            -D?UTIL_MOVE_DP0=10976                            #
#                            -D?UTIL_MOVE_DP0_INC=1097C                        #
#                            -D?UTIL_MOVE_DP0_DEC=10982                        #
#                            -D?UTIL_MOVE_DP1=10988                            #
#                            -D?UTIL_MOVE_DP1_INC=1098E                        #
#                            -D?UTIL_MOVE_DP1_DEC=10994                        #
#                            -D?UTIL_MOVE_FP=1099A -D?UTIL_MOVE_FP_INC=109A0   #
#                            -D?UTIL_MOVE_FP_DEC=109A6) -n -f                  #
#                            "C:\Program Files (x86)\IAR Systems\Embedded Work #
#                            bench 4.6\MAXQ\config\hwmul_mod3.xcl"             #
#                            (-e?UC_MUL_HWM3=?UC_MUL_L01                       #
#                            -e?US_MUL_HWM3=?US_MUL_L02                        #
#                            -e?UL_MUL_HWM3=?UL_MUL_L03                        #
#                            -e?F_MUL_HWM3=?F_MUL_L04                          #
#                            -e?F_DIV_HWM3=?F_DIV_L04) -s __program_start      #
#                            "C:\Program Files (x86)\IAR Systems\Embedded Work #
#                            bench 4.6\MAXQ\LIB\CLIB\clmaxq20mslc.r66"         #
#                            -D_CSTACK_SIZE=32 -D_HEAP_SIZE=64                 #
#                                                                              #
#                           Copyright (C) 1987-2016 IAR Systems AB.            #
################################################################################





                ****************************************
                *                                      *
                *           CROSS REFERENCE            *
                *                                      *
                ****************************************

       Program entry at : CODE      0000  Relocatable, from module : __CSTARTUP__




                ****************************************
                *                                      *
                *            RUNTIME MODEL             *
                *                                      *
                ****************************************

  __accumulators  = 16+
  __code_model    = s
  __const_in_code = 1
  __cpu_core      = MAXQ20
  __data_model    = l
  __rt_version    = 2

                ****************************************
                *                                      *
                *    AUTOMATIC SYMBOL REDIRECTIONS     *
                *                                      *
                ****************************************

                  There are no automatic symbol redirections.



                ****************************************
                *                                      *
                *              MODULE MAP              *
                *                                      *
                ****************************************


  DEFINED ABSOLUTE ENTRIES
    *************************************************************************

  DEFINED ABSOLUTE ENTRIES
  PROGRAM MODULE, NAME : ?ABS_ENTRY_MOD

Absolute parts
           ENTRY                   ADDRESS         REF BY
           =====                   =======         ======
           _HEAP_SIZE              0064 
           _CSTACK_SIZE            0032 
           ?UTIL_MOVE_FP_DEC       000109A6 
           ?UTIL_MOVE_FP_INC       000109A0 
           ?UTIL_MOVE_FP           0001099A 
           ?UTIL_MOVE_DP1_DEC      00010994 
           ?UTIL_MOVE_DP1_INC      0001098E        ?cstart_init_copy (?cstart_init_copy)
           ?UTIL_MOVE_DP1          00010988 
           ?UTIL_MOVE_DP0_DEC      00010982        Segment part 107 (mcu_convert)
                                                   Segment part 60 (memory_access)
           ?UTIL_MOVE_DP0_INC      0001097C        Segment part 107 (mcu_convert)
                                                   Segment part 60 (memory_access)
           ?UTIL_MOVE_DP0          00010976        DDM_Read (ddm)
                                                   I2C_Slave_Stop (i2cslave)
                                                   LdControl (tosa_control)
                                                   PLA_Pin_TXD_Control (board)
                                                   PLA_Soft_TXD_Control (board)
                                                   Segment part 100 (tosa_control)
                                                   Segment part 101 (tosa_control)
                                                   Segment part 102 (tosa_control)
                                                   Segment part 106 (mcu_convert)
                                                   Segment part 111 (state_transition)
                                                   Segment part 113 (state_transition)
                                                   Segment part 114 (state_transition)
                                                   Segment part 117 (mcu_convert)
                                                   Segment part 117 (state_transition)
                                                   Segment part 118 (mcu_convert)
                                                   Segment part 118 (state_transition)
                                                   Segment part 119 (state_transition)
                                                   Segment part 122 (state_transition)
                                                   Segment part 123 (mcu_convert)
                                                   Segment part 20 (i2cm)
                                                   Segment part 26 (tosa_control)
                                                   Segment part 36 (i2cslave)
                                                   Segment part 39 (tosa_control)
                                                   Segment part 50 (board)
                                                   Segment part 51 (board)
                                                   Segment part 52 (tosa_control)
                                                   Segment part 54 (memory_access)
                                                   Segment part 56 (tosa_control)
                                                   Segment part 57 (tosa_control)
                                                   Segment part 58 (state_transition)
                                                   Segment part 58 (tosa_control)
                                                   Segment part 62 (memory_access)
                                                   Segment part 63 (board)
                                                   Segment part 63 (memory_access)
                                                   Segment part 64 (tosa_control)
                                                   Segment part 65 (state_transition)
                                                   Segment part 71 (memory_access)
                                                   Segment part 71 (state_transition)
                                                   Segment part 73 (memory_access)
                                                   Segment part 74 (state_transition)
                                                   Segment part 75 (memory_access)
                                                   Segment part 76 (memory_access)
                                                   Segment part 82 (tosa_control)
                                                   Segment part 86 (state_transition)
                                                   Segment part 86 (tosa_control)
                                                   TECC_Init (board)
                                                   TEC_Control_APC_3 (tosa_control)
                                                   TempCalibration_adjusted (ddm)
                                                   cal_Temp_Slope_Offset (state_transition)
                                                   detect_channel_thr_alarm (state_transition)
                                                   exec_upper_page2_memory (memory_access)
                                                   exec_upper_page80H_memory (memory_access)
                                                   get_reg_memory (memory_access)
                                                   high_power_up_action (state_transition)
                                                   load_init_data_from_flash (mcu_convert)
                                                   memcpy (?MEMCPY)
                                                   polled_write_entry (memory_access)
                                                   restore_memory_from_flash_all (mcu_convert)
                                                   rx_cdr_forced_mute_enable (mcu_convert)
                                                   rx_cdr_init (mcu_convert)
                                                   save_memory_to_flash_tx_rx_cdr (mcu_convert)
                                                   tx_cdr_init (tosa_control)
                                                   update_A0H_cc_base_value (tosa_control)
                                                   update_rate_select_operation (state_transition)
                                                   wavelength_info_set (tosa_control)
    *************************************************************************

  FILE NAME : D:\Projects\Coset\Project_SKT_3G_ST_SFP_2021\2. SW\1.FW\SFP_PLUS_3G_ER_V1_DML_APD\Debug\Obj\Q20_floatMACLIB_ieee754.r66
  LIBRARY MODULE, NAME : ?F_MUL_HW

  SEGMENTS IN THE MODULE
  ======================
__aseg
  Relative segment, address: CODE 0000, align: 0
  Segment part 1. ROOT 
    -------------------------------------------------------------------------
<CODE> 3 (was CODE)
  Relative segment, address: CODE 482C - 48A7 (0x7c bytes), align: 1
  Segment part 4.
           ENTRY                   ADDRESS         REF BY
           =====                   =======         ======
           ?F_MUL_HWM3             482C            Segment part 72 (state_transition)
                                                   Segment part 77 (state_transition)
                                                   Segment part 80 (state_transition)
                                                   Segment part 81 (state_transition)
                                                   TempCalibration_adjusted (ddm)
                                                   ddm_mon_tx_bias (state_transition)
                                                   ddm_mon_tx_power (state_transition)

    -------------------------------------------------------------------------
  LIBRARY MODULE, NAME : ?F_DIV_HW

  SEGMENTS IN THE MODULE
  ======================
__aseg
  Relative segment, address: CODE 0000, align: 0
  Segment part 1. ROOT 
    -------------------------------------------------------------------------
<CODE> 3 (was CODE)
  Relative segment, address: CODE 429C - 43D9 (0x13e bytes), align: 1
  Segment part 4.
           ENTRY                   ADDRESS         REF BY
           =====                   =======         ======
           ?F_DIV_HWM3             429C            Segment part 62 (state_transition)

    -------------------------------------------------------------------------
  LIBRARY MODULE, NAME : Float_Common

  SEGMENTS IN THE MODULE
  ======================
__aseg
  Relative segment, address: CODE 0000, align: 0
  Segment part 1. ROOT 
    -------------------------------------------------------------------------
<CODE> 3 (was CODE)
  Relative segment, address: CODE 43DA - 4513 (0x13a bytes), align: 1
  Segment part 2.
           ENTRY                   ADDRESS         REF BY
           =====                   =======         ======
           Q20_Float_Final         4506            Segment part 2 (F_ADD_L04)
           Q20_Float_Init          43F6            ?F_DIV_HWM3 (?F_DIV_HW)
                                                   ?F_MUL_HWM3 (?F_MUL_HW)
                                                   Segment part 2 (F_ADD_L04)
           Q20_Float_Wrap          44AC            ?F_DIV_HWM3 (?F_DIV_HW)
                                                   ?F_MUL_HWM3 (?F_MUL_HW)
                                                   Segment part 2 (F_ADD_L04)
           set_ind                 43EE            ?F_DIV_HWM3 (?F_DIV_HW)
                                                   ?F_MUL_HWM3 (?F_MUL_HW)
                                                   Segment part 2 (F_ADD_L04)
           set_inf                 43DE            ?F_DIV_HWM3 (?F_DIV_HW)
                                                   ?F_MUL_HWM3 (?F_MUL_HW)
           set_zero                43DA            ?F_DIV_HWM3 (?F_DIV_HW)
                                                   ?F_MUL_HWM3 (?F_MUL_HW)

    *************************************************************************

  FILE NAME : D:\Projects\Coset\Project_SKT_3G_ST_SFP_2021\2. SW\1.FW\SFP_PLUS_3G_ER_V1_DML_APD\Debug\Obj\adc.r66
  PROGRAM MODULE, NAME : adc

  SEGMENTS IN THE MODULE
  ======================
DATA16_SFR
  Relative segment, address: IDATA 0100 - 0101 (0x2 bytes), align: 0
  Segment part 1. ROOT 
           ENTRY                   ADDRESS         REF BY
           =====                   =======         ======
           _A_ADCN                 0100 
    -------------------------------------------------------------------------
DATA16_SFR
  Relative segment, address: IDATA 0104 - 0105 (0x2 bytes), align: 0
  Segment part 2. ROOT 
           ENTRY                   ADDRESS         REF BY
           =====                   =======         ======
           ADDATA                  0104 
    -------------------------------------------------------------------------
<CODE> 3 (was CODE)
  Relative segment, address: CODE 4EBC - 4EE3 (0x28 bytes), align: 1
  Segment part 4.
           ENTRY                   ADDRESS         REF BY
           =====                   =======         ======
           ADC_Config              4EBC            Segment part 56 (board)
    -------------------------------------------------------------------------
<CODE> 3 (was CODE)
  Relative segment, address: CODE 4E92 - 4EBB (0x2a bytes), align: 1
  Segment part 5.
           ENTRY                   ADDRESS         REF BY
           =====                   =======         ======
           ADC_Channel_Config      4E92            ADC_Init (board)
                                                   Segment part 57 (board)
    -------------------------------------------------------------------------
<CODE> 3 (was CODE)
  Relative segment, address: CODE 4F2C - 4F4F (0x24 bytes), align: 1
  Segment part 6.
           ENTRY                   ADDRESS         REF BY
           =====                   =======         ======
           ADC_ReadOut             4F2C            DDM_Read (ddm)
                                                   Segment part 36 (ddm)
                                                   ddm_mon_tx_power (state_transition)
                                                   exec_upper_page2_memory (memory_access)
                                                   high_power_up_action (state_transition)

    *************************************************************************

  FILE NAME : D:\Projects\Coset\Project_SKT_3G_ST_SFP_2021\2. SW\1.FW\SFP_PLUS_3G_ER_V1_DML_APD\Debug\Obj\alarm_warning.r66
  PROGRAM MODULE, NAME : alarm_warning

  SEGMENTS IN THE MODULE
  ======================
<CODE> 1 (was CODE)
  Relative segment, address: CODE 001E - 001F (0x2 bytes), align: 1
  Segment part 2.
           ENTRY                   ADDRESS         REF BY
           =====                   =======         ======
           SetUnsignedAlarmsAndWarnings
                                   001E            DDM_Read (ddm)
    -------------------------------------------------------------------------
<CODE> 2 (was CODE)
  Relative segment, address: CODE 010E - 011F (0x12 bytes), align: 1
  Segment part 5.
           ENTRY                   ADDRESS         REF BY
           =====                   =======         ======
           Clear_TXF_Status        010E            Segment part 50 (board)
               calls direct
               CSTACK = 00000000 ( 00000002 )

    *************************************************************************

  FILE NAME : D:\Projects\Coset\Project_SKT_3G_ST_SFP_2021\2. SW\1.FW\SFP_PLUS_3G_ER_V1_DML_APD\Debug\Obj\board.r66
  PROGRAM MODULE, NAME : board

  SEGMENTS IN THE MODULE
  ======================
DATA16_SFR
  Relative segment, address: IDATA 020C - 020C (0x1 bytes), align: 0
  Segment part 1. ROOT 
           ENTRY                   ADDRESS         REF BY
           =====                   =======         ======
           _A_IMR                  020C 
    -------------------------------------------------------------------------
DATA16_SFR
  Relative segment, address: IDATA 0000 - 0001 (0x2 bytes), align: 0
  Segment part 2. ROOT 
           ENTRY                   ADDRESS         REF BY
           =====                   =======         ======
           _A_PO2                  0000 
    -------------------------------------------------------------------------
DATA16_SFR
  Relative segment, address: IDATA 0002 - 0003 (0x2 bytes), align: 0
  Segment part 3. ROOT 
           ENTRY                   ADDRESS         REF BY
           =====                   =======         ======
           _A_PO1                  0002 
    -------------------------------------------------------------------------
DATA16_SFR
  Relative segment, address: IDATA 0004 - 0005 (0x2 bytes), align: 0
  Segment part 4. ROOT 
           ENTRY                   ADDRESS         REF BY
           =====                   =======         ======
           _A_PO0                  0004 
    -------------------------------------------------------------------------
DATA16_SFR
  Relative segment, address: IDATA 0006 - 0007 (0x2 bytes), align: 0
  Segment part 5. ROOT 
           ENTRY                   ADDRESS         REF BY
           =====                   =======         ======
           _A_EIF2                 0006 
    -------------------------------------------------------------------------
DATA16_SFR
  Relative segment, address: IDATA 0008 - 0009 (0x2 bytes), align: 0
  Segment part 6. ROOT 
           ENTRY                   ADDRESS         REF BY
           =====                   =======         ======
           _A_EIF1                 0008 
    -------------------------------------------------------------------------
DATA16_SFR
  Relative segment, address: IDATA 000A - 000B (0x2 bytes), align: 0
  Segment part 7. ROOT 
           ENTRY                   ADDRESS         REF BY
           =====                   =======         ======
           _A_EIF0                 000A 
    -------------------------------------------------------------------------
DATA16_SFR
  Relative segment, address: IDATA 0010 - 0011 (0x2 bytes), align: 0
  Segment part 8. ROOT 
           ENTRY                   ADDRESS         REF BY
           =====                   =======         ======
           _A_PI2                  0010 
    -------------------------------------------------------------------------
DATA16_SFR
  Relative segment, address: IDATA 0012 - 0013 (0x2 bytes), align: 0
  Segment part 9. ROOT 
           ENTRY                   ADDRESS         REF BY
           =====                   =======         ======
           _A_PI1                  0012 
    -------------------------------------------------------------------------
DATA16_SFR
  Relative segment, address: IDATA 0014 - 0015 (0x2 bytes), align: 0
  Segment part 10. ROOT 
           ENTRY                   ADDRESS         REF BY
           =====                   =======         ======
           _A_PI0                  0014 
    -------------------------------------------------------------------------
DATA16_SFR
  Relative segment, address: IDATA 001A - 001B (0x2 bytes), align: 0
  Segment part 11. ROOT 
           ENTRY                   ADDRESS         REF BY
           =====                   =======         ======
           _A_EIE2                 001A 
    -------------------------------------------------------------------------
DATA16_SFR
  Relative segment, address: IDATA 001C - 001D (0x2 bytes), align: 0
  Segment part 12. ROOT 
           ENTRY                   ADDRESS         REF BY
           =====                   =======         ======
           _A_EIE1                 001C 
    -------------------------------------------------------------------------
DATA16_SFR
  Relative segment, address: IDATA 001E - 001F (0x2 bytes), align: 0
  Segment part 13. ROOT 
           ENTRY                   ADDRESS         REF BY
           =====                   =======         ======
           _A_EIE0                 001E 
    -------------------------------------------------------------------------
DATA16_SFR
  Relative segment, address: IDATA 0020 - 0021 (0x2 bytes), align: 0
  Segment part 14. ROOT 
           ENTRY                   ADDRESS         REF BY
           =====                   =======         ======
           _A_PD2                  0020 
    -------------------------------------------------------------------------
DATA16_SFR
  Relative segment, address: IDATA 0022 - 0023 (0x2 bytes), align: 0
  Segment part 15. ROOT 
           ENTRY                   ADDRESS         REF BY
           =====                   =======         ======
           _A_PD1                  0022 
    -------------------------------------------------------------------------
DATA16_SFR
  Relative segment, address: IDATA 0024 - 0025 (0x2 bytes), align: 0
  Segment part 16. ROOT 
           ENTRY                   ADDRESS         REF BY
           =====                   =======         ======
           _A_PD0                  0024 
    -------------------------------------------------------------------------
DATA16_SFR
  Relative segment, address: IDATA 0026 - 0027 (0x2 bytes), align: 0
  Segment part 17. ROOT 
           ENTRY                   ADDRESS         REF BY
           =====                   =======         ======
           _A_EIES2                0026 
    -------------------------------------------------------------------------
DATA16_SFR
  Relative segment, address: IDATA 0028 - 0029 (0x2 bytes), align: 0
  Segment part 18. ROOT 
           ENTRY                   ADDRESS         REF BY
           =====                   =======         ======
           _A_EIES1                0028 
    -------------------------------------------------------------------------
DATA16_SFR
  Relative segment, address: IDATA 002A - 002B (0x2 bytes), align: 0
  Segment part 19. ROOT 
           ENTRY                   ADDRESS         REF BY
           =====                   =======         ======
           _A_EIES0                002A 
    -------------------------------------------------------------------------
DATA16_SFR
  Relative segment, address: IDATA 002C - 002D (0x2 bytes), align: 0
  Segment part 20. ROOT 
           ENTRY                   ADDRESS         REF BY
           =====                   =======         ======
           _A_PLACNT1              002C 
    -------------------------------------------------------------------------
DATA16_SFR
  Relative segment, address: IDATA 002E - 002F (0x2 bytes), align: 0
  Segment part 21. ROOT 
           ENTRY                   ADDRESS         REF BY
           =====                   =======         ======
           PLADAT1                 002E 
    -------------------------------------------------------------------------
DATA16_SFR
  Relative segment, address: IDATA 0030 - 0031 (0x2 bytes), align: 0
  Segment part 22. ROOT 
           ENTRY                   ADDRESS         REF BY
           =====                   =======         ======
           _A_PLACNT2              0030 
    -------------------------------------------------------------------------
DATA16_SFR
  Relative segment, address: IDATA 0032 - 0033 (0x2 bytes), align: 0
  Segment part 23. ROOT 
           ENTRY                   ADDRESS         REF BY
           =====                   =======         ======
           PLADAT2                 0032 
    -------------------------------------------------------------------------
DATA16_SFR
  Relative segment, address: IDATA 0034 - 0035 (0x2 bytes), align: 0
  Segment part 24. ROOT 
           ENTRY                   ADDRESS         REF BY
           =====                   =======         ======
           _A_PLACNT3              0034 
    -------------------------------------------------------------------------
DATA16_SFR
  Relative segment, address: IDATA 0036 - 0037 (0x2 bytes), align: 0
  Segment part 25. ROOT 
           ENTRY                   ADDRESS         REF BY
           =====                   =======         ======
           PLADAT3                 0036 
    -------------------------------------------------------------------------
DATA16_SFR
  Relative segment, address: IDATA 005A - 005B (0x2 bytes), align: 0
  Segment part 26. ROOT 
           ENTRY                   ADDRESS         REF BY
           =====                   =======         ======
           _A_TECCN1               005A 
    -------------------------------------------------------------------------
DATA16_SFR
  Relative segment, address: IDATA 007C - 007D (0x2 bytes), align: 0
  Segment part 27. ROOT 
           ENTRY                   ADDRESS         REF BY
           =====                   =======         ======
           NORMV                   007C 
    -------------------------------------------------------------------------
DATA16_SFR
  Relative segment, address: IDATA 0102 - 0103 (0x2 bytes), align: 0
  Segment part 29. ROOT 
           ENTRY                   ADDRESS         REF BY
           =====                   =======         ======
           _A_ADST                 0102 
    -------------------------------------------------------------------------
DATA16_SFR
  Relative segment, address: IDATA 0110 - 0111 (0x2 bytes), align: 0
  Segment part 30. ROOT 
           ENTRY                   ADDRESS         REF BY
           =====                   =======         ======
           _A_TEMPCN               0110 
    -------------------------------------------------------------------------
DATA16_SFR
  Relative segment, address: IDATA 012C - 012D (0x2 bytes), align: 0
  Segment part 31. ROOT 
           ENTRY                   ADDRESS         REF BY
           =====                   =======         ======
           _A_IEN0                 012C 
    -------------------------------------------------------------------------
DATA16_SFR
  Relative segment, address: IDATA 012E - 012F (0x2 bytes), align: 0
  Segment part 32. ROOT 
           ENTRY                   ADDRESS         REF BY
           =====                   =======         ======
           _A_IEN1                 012E 
    -------------------------------------------------------------------------
DATA16_SFR
  Relative segment, address: IDATA 0130 - 0131 (0x2 bytes), align: 0
  Segment part 33. ROOT 
           ENTRY                   ADDRESS         REF BY
           =====                   =======         ======
           _A_IEN2                 0130 
    -------------------------------------------------------------------------
DATA16_SFR
  Relative segment, address: IDATA 0134 - 0135 (0x2 bytes), align: 0
  Segment part 34. ROOT 
           ENTRY                   ADDRESS         REF BY
           =====                   =======         ======
           _A_INRSH                0134 
    -------------------------------------------------------------------------
DATA16_SFR
  Relative segment, address: IDATA 021E - 021F (0x2 bytes), align: 0
  Segment part 35. ROOT 
           ENTRY                   ADDRESS         REF BY
           =====                   =======         ======
           _A_WDCN                 021E 
    -------------------------------------------------------------------------
DATA16_SFR
  Relative segment, address: IDATA 006C - 006C (0x1 bytes), align: 0
  Segment part 36. ROOT 
           ENTRY                   ADDRESS         REF BY
           =====                   =======         ======
           GP_REG1                 006C 
    -------------------------------------------------------------------------
DATA16_AN
  Relative segment, address: DATA 0100 - 01FF (0x100 bytes), align: 0
  Segment part 37. ROOT       Intra module refs:   I2C_Slave_Buffer_A2
           ENTRY                   ADDRESS         REF BY
           =====                   =======         ======
           I2C_Slave_Buffer_A0_Local_Memory
                                   0100 
    -------------------------------------------------------------------------
DATA16_AN
  Relative segment, address: DATA 0200 - 027F (0x80 bytes), align: 0
  Segment part 38. ROOT       Intra module refs:   I2C_Slave_Buffer_A2_Pn_Up
           ENTRY                   ADDRESS         REF BY
           =====                   =======         ======
           I2C_Slave_Buffer_A2     0200 
    -------------------------------------------------------------------------
DATA16_AN
  Relative segment, address: DATA 0280 - 02FF (0x80 bytes), align: 0
  Segment part 39. ROOT       Intra module refs:   write_i2c_list
           ENTRY                   ADDRESS         REF BY
           =====                   =======         ======
           I2C_Slave_Buffer_A2_Pn_Up
                                   0280 
    -------------------------------------------------------------------------
DATA16_AN
  Relative segment, address: DATA 0300 - 03FF (0x100 bytes), align: 0
  Segment part 40. ROOT       Intra module refs:   I2C_Rx_Buffer
           ENTRY                   ADDRESS         REF BY
           =====                   =======         ======
           write_i2c_list          0300 
    -------------------------------------------------------------------------
DATA16_AN
  Relative segment, address: DATA 0400 - 04FF (0x100 bytes), align: 0
  Segment part 41. ROOT       Intra module refs:   I2C_Slave_Buffer_A2_P00H_Up
           ENTRY                   ADDRESS         REF BY
           =====                   =======         ======
           I2C_Rx_Buffer           0400 
    -------------------------------------------------------------------------
DATA16_AN
  Relative segment, address: DATA 0500 - 057F (0x80 bytes), align: 0
  Segment part 42. ROOT       Intra module refs:   I2C_Slave_Buffer_A2_P01H_Up
           ENTRY                   ADDRESS         REF BY
           =====                   =======         ======
           I2C_Slave_Buffer_A2_P00H_Up
                                   0500 
    -------------------------------------------------------------------------
DATA16_AN
  Relative segment, address: DATA 0580 - 05FF (0x80 bytes), align: 0
  Segment part 43. ROOT       Intra module refs:   I2C_Slave_Buffer_A2_P02H_Up
           ENTRY                   ADDRESS         REF BY
           =====                   =======         ======
           I2C_Slave_Buffer_A2_P01H_Up
                                   0580 
    -------------------------------------------------------------------------
DATA16_AN
  Relative segment, address: DATA 0600 - 067F (0x80 bytes), align: 0
  Segment part 44. ROOT       Intra module refs:   I2C_Slave_Buffer_A2_P80H_Up
           ENTRY                   ADDRESS         REF BY
           =====                   =======         ======
           I2C_Slave_Buffer_A2_P02H_Up
                                   0600 
    -------------------------------------------------------------------------
DATA16_AN
  Relative segment, address: DATA 0680 - 06FF (0x80 bytes), align: 0
  Segment part 45. ROOT       Intra module refs:   I2C_Slave_Buffer_A2_P81H_Up
           ENTRY                   ADDRESS         REF BY
           =====                   =======         ======
           I2C_Slave_Buffer_A2_P80H_Up
                                   0680 
    -------------------------------------------------------------------------
DATA16_AN
  Relative segment, address: DATA 0700 - 077F (0x80 bytes), align: 0
  Segment part 46. ROOT       Intra module refs:   I2C_Slave_Buffer_A2_P82H_Up (i2cslave)
           ENTRY                   ADDRESS         REF BY
           =====                   =======         ======
           I2C_Slave_Buffer_A2_P81H_Up
                                   0700 
    -------------------------------------------------------------------------
DATA16_Z
  Relative segment, address: DATA 0990 - 0991 (0x2 bytes), align: 1
  Segment part 48.            Intra module refs:   MasterI2CArbitration
    -------------------------------------------------------------------------
<CODE> 3 (was CODE)
  Relative segment, address: CODE 3720 - 3835 (0x116 bytes), align: 1
  Segment part 50. ROOT 
           ENTRY                   ADDRESS         REF BY
           =====                   =======         ======
           ?ISR0                   3720            ?INTERRUPT0 (?INTERRUPT0)
           TXD_Interrupt           3720 
               interrupt function
               calls direct
               CSTACK = 00000000 ( 00000020 )
    -------------------------------------------------------------------------
<CODE> 3 (was CODE)
  Relative segment, address: CODE 3836 - 3843 (0xe bytes), align: 1
  Segment part 51.            Intra module refs:   Segment part 50
    -------------------------------------------------------------------------
<CODE> 3 (was CODE)
  Relative segment, address: CODE 3844 - 3859 (0x16 bytes), align: 1
  Segment part 52.
           ENTRY                   ADDRESS         REF BY
           =====                   =======         ======
           WATCHDOG_Init           3844            Board_Init (initialization)
    -------------------------------------------------------------------------
<CODE> 3 (was CODE)
  Relative segment, address: CODE 385A - 385F (0x6 bytes), align: 1
  Segment part 53.
           ENTRY                   ADDRESS         REF BY
           =====                   =======         ======
           INRUSH_Init             385A            Initialization (initialization)
    -------------------------------------------------------------------------
<CODE> 3 (was CODE)
  Relative segment, address: CODE 3860 - 3899 (0x3a bytes), align: 1
  Segment part 54.
           ENTRY                   ADDRESS         REF BY
           =====                   =======         ======
           GPIO_Init               3860            Initialization (initialization)
    -------------------------------------------------------------------------
<CODE> 3 (was CODE)
  Relative segment, address: CODE 389A - 3921 (0x88 bytes), align: 1
  Segment part 55.
           ENTRY                   ADDRESS         REF BY
           =====                   =======         ======
           ADC_Init                389A            Board_Init (initialization)
               calls direct
               CSTACK = 00000000 ( 00000002 )
    -------------------------------------------------------------------------
<CODE> 3 (was CODE)
  Relative segment, address: CODE 3922 - 3929 (0x8 bytes), align: 1
  Segment part 56.            Intra module refs:   ADC_Init
    -------------------------------------------------------------------------
<CODE> 3 (was CODE)
  Relative segment, address: CODE 392A - 3937 (0xe bytes), align: 1
  Segment part 57.            Intra module refs:   ADC_Init
    -------------------------------------------------------------------------
<CODE> 3 (was CODE)
  Relative segment, address: CODE 3938 - 3989 (0x52 bytes), align: 1
  Segment part 58.
           ENTRY                   ADDRESS         REF BY
           =====                   =======         ======
           TXD_External_Interrupt_init
                                   3938            sfp28_state_initialize (state_transition)
    -------------------------------------------------------------------------
<CODE> 3 (was CODE)
  Relative segment, address: CODE 398A - 3A6D (0xe4 bytes), align: 1
  Segment part 61.            Intra module refs:   TEC_Init
           ENTRY                   ADDRESS         REF BY
           =====                   =======         ======
           TECC_Init               398A 
               calls direct
               CSTACK = 00000000 ( 00000002 )
    -------------------------------------------------------------------------
<CODE> 3 (was CODE)
  Relative segment, address: CODE 3A6E - 3A75 (0x8 bytes), align: 1
  Segment part 62.            Intra module refs:   TECC_Init
    -------------------------------------------------------------------------
<CODE> 3 (was CODE)
  Relative segment, address: CODE 3A76 - 3A81 (0xc bytes), align: 1
  Segment part 63.            Intra module refs:   TECC_Init
    -------------------------------------------------------------------------
<CODE> 3 (was CODE)
  Relative segment, address: CODE 3A82 - 3A83 (0x2 bytes), align: 1
  Segment part 64.
           ENTRY                   ADDRESS         REF BY
           =====                   =======         ======
           APD_Init                3A82            exec_upper_page81H_memory (memory_access)
                                                   sfp28_state_reset (state_transition)
    -------------------------------------------------------------------------
<CODE> 3 (was CODE)
  Relative segment, address: CODE 3A84 - 3A99 (0x16 bytes), align: 1
  Segment part 70.
           ENTRY                   ADDRESS         REF BY
           =====                   =======         ======
           I2CMaster_Init          3A84            Board_Init (initialization)
               calls direct
               CSTACK = 00000000 ( 00000002 )
    -------------------------------------------------------------------------
<CODE> 3 (was CODE)
  Relative segment, address: CODE 3A9A - 3AA7 (0xe bytes), align: 1
  Segment part 71.
           ENTRY                   ADDRESS         REF BY
           =====                   =======         ======
           TEC_Init                3A9A            exec_upper_page81H_memory (memory_access)
                                                   high_power_up_action (state_transition)
               calls direct
               CSTACK = 00000000 ( 00000002 )
    -------------------------------------------------------------------------
<CODE> 3 (was CODE)
  Relative segment, address: CODE 3AA8 - 3AE7 (0x40 bytes), align: 1
  Segment part 72.
           ENTRY                   ADDRESS         REF BY
           =====                   =======         ======
           PLA_Init                3AA8            Board_Init (initialization)
    -------------------------------------------------------------------------
<CODE> 3 (was CODE)
  Relative segment, address: CODE 3AE8 - 3B15 (0x2e bytes), align: 1
  Segment part 73.
           ENTRY                   ADDRESS         REF BY
           =====                   =======         ======
           PLA_Soft_TXD_Control    3AE8            cdr_pmic_ch_control_reinit (tosa_control)
                                                   check_tx_dis (state_transition)
                                                   exec_upper_page2_memory (memory_access)
                                                   high_power_up_action (state_transition)
                                                   set_tx_dis_at_network_lanes (state_transition)
    -------------------------------------------------------------------------
<CODE> 3 (was CODE)
  Relative segment, address: CODE 3B16 - 3B2D (0x18 bytes), align: 1
  Segment part 74.
           ENTRY                   ADDRESS         REF BY
           =====                   =======         ======
           PLA_Soft_TXD_Control_forced
                                   3B16            Segment part 45 (state_transition)
                                                   set_tx_dis_at_network_lanes_in_isr (state_transition)
    -------------------------------------------------------------------------
<CODE> 3 (was CODE)
  Relative segment, address: CODE 3B2E - 3B53 (0x26 bytes), align: 1
  Segment part 75.            Intra module refs:   Segment part 50
           ENTRY                   ADDRESS         REF BY
           =====                   =======         ======
           PLA_Pin_TXD_Control     3B2E 
    -------------------------------------------------------------------------
<CODE> 3 (was CODE)
  Relative segment, address: CODE 4E3C - 4E67 (0x2c bytes), align: 1
  Segment part 78.
           ENTRY                   ADDRESS         REF BY
           =====                   =======         ======
           MasterI2CArbitration    4E3C            main (main)
               calls direct
               CSTACK = 00000000 ( 00000002 )
    -------------------------------------------------------------------------
DATA16_Z
  Relative segment, address: DATA 0992 - 0993 (0x2 bytes), align: 1
  Segment part 49.            Intra module refs:   MasterI2CArbitration

    *************************************************************************

  FILE NAME : D:\Projects\Coset\Project_SKT_3G_ST_SFP_2021\2. SW\1.FW\SFP_PLUS_3G_ER_V1_DML_APD\Debug\Obj\dc_dc.r66
  PROGRAM MODULE, NAME : dc_dc

  SEGMENTS IN THE MODULE
  ======================
DATA16_SFR
  Relative segment, address: IDATA 0182 - 0183 (0x2 bytes), align: 0
  Segment part 1. ROOT 
           ENTRY                   ADDRESS         REF BY
           =====                   =======         ======
           PICNT                   0182 
    -------------------------------------------------------------------------
DATA16_SFR
  Relative segment, address: IDATA 0184 - 0185 (0x2 bytes), align: 0
  Segment part 2. ROOT 
           ENTRY                   ADDRESS         REF BY
           =====                   =======         ======
           PIDATA                  0184 
    -------------------------------------------------------------------------
DATA16_SFR
  Relative segment, address: IDATA 0194 - 0195 (0x2 bytes), align: 0
  Segment part 3. ROOT 
           ENTRY                   ADDRESS         REF BY
           =====                   =======         ======
           VRDCDC                  0194 

    *************************************************************************

  FILE NAME : D:\Projects\Coset\Project_SKT_3G_ST_SFP_2021\2. SW\1.FW\SFP_PLUS_3G_ER_V1_DML_APD\Debug\Obj\ddm.r66
  PROGRAM MODULE, NAME : ddm

  SEGMENTS IN THE MODULE
  ======================
DATA16_SFR
  Relative segment, address: IDATA 011C - 011D (0x2 bytes), align: 0
  Segment part 2. ROOT 
           ENTRY                   ADDRESS         REF BY
           =====                   =======         ======
           ITEMP_DATA              011C 
    -------------------------------------------------------------------------
DATA16_SFR
  Relative segment, address: IDATA 0144 - 0145 (0x2 bytes), align: 0
  Segment part 3. ROOT 
           ENTRY                   ADDRESS         REF BY
           =====                   =======         ======
           IDCD1                   0144 
    -------------------------------------------------------------------------
DATA16_SFR
  Relative segment, address: IDATA 0146 - 0147 (0x2 bytes), align: 0
  Segment part 4. ROOT 
           ENTRY                   ADDRESS         REF BY
           =====                   =======         ======
           IDCD2                   0146 
    -------------------------------------------------------------------------
DATA16_SFR
  Relative segment, address: IDATA 014A - 014B (0x2 bytes), align: 0
  Segment part 5. ROOT 
           ENTRY                   ADDRESS         REF BY
           =====                   =======         ======
           IDCD3                   014A 
    -------------------------------------------------------------------------
DATA16_SFR
  Relative segment, address: IDATA 014C - 014D (0x2 bytes), align: 0
  Segment part 6. ROOT 
           ENTRY                   ADDRESS         REF BY
           =====                   =======         ======
           IDCD4                   014C 
    -------------------------------------------------------------------------
DATA16_SFR
  Relative segment, address: IDATA 0164 - 0165 (0x2 bytes), align: 0
  Segment part 7. ROOT 
           ENTRY                   ADDRESS         REF BY
           =====                   =======         ======
           _A_IDCN1                0164 
    -------------------------------------------------------------------------
DATA16_SFR
  Relative segment, address: IDATA 0166 - 0167 (0x2 bytes), align: 0
  Segment part 8. ROOT 
           ENTRY                   ADDRESS         REF BY
           =====                   =======         ======
           _A_IDCN2                0166 
    -------------------------------------------------------------------------
DATA16_SFR
  Relative segment, address: IDATA 016E - 016F (0x2 bytes), align: 0
  Segment part 9. ROOT 
           ENTRY                   ADDRESS         REF BY
           =====                   =======         ======
           _A_IDCN3                016E 
    -------------------------------------------------------------------------
DATA16_SFR
  Relative segment, address: IDATA 0170 - 0171 (0x2 bytes), align: 0
  Segment part 10. ROOT 
           ENTRY                   ADDRESS         REF BY
           =====                   =======         ======
           _A_IDCN4                0170 
    -------------------------------------------------------------------------
DATA16_Z
  Relative segment, address: DATA 0994 - 0995 (0x2 bytes), align: 1
  Segment part 22.            Intra module refs:   CalibConstantRead
           ENTRY                   ADDRESS         REF BY
           =====                   =======         ======
           unAdc_scale             0994 
    -------------------------------------------------------------------------
DATA16_Z
  Relative segment, address: DATA 0996 - 0997 (0x2 bytes), align: 1
  Segment part 23.            Intra module refs:   CalibConstantRead
           ENTRY                   ADDRESS         REF BY
           =====                   =======         ======
           sAdc_offset             0996 
    -------------------------------------------------------------------------
DATA16_Z
  Relative segment, address: DATA 0998 - 0999 (0x2 bytes), align: 1
  Segment part 24.            Intra module refs:   CalibConstantRead
                                                   TempCalibration
           ENTRY                   ADDRESS         REF BY
           =====                   =======         ======
           unTemp_scale            0998 
    -------------------------------------------------------------------------
DATA16_Z
  Relative segment, address: DATA 099A - 099B (0x2 bytes), align: 1
  Segment part 25.            Intra module refs:   CalibConstantRead
                                                   TempCalibration
           ENTRY                   ADDRESS         REF BY
           =====                   =======         ======
           sTemp_offset            099A 
    -------------------------------------------------------------------------
<CODE> 3 (was CODE)
  Relative segment, address: CODE 40F4 - 4191 (0x9e bytes), align: 1
  Segment part 31.
           ENTRY                   ADDRESS         REF BY
           =====                   =======         ======
           DDM_Read                40F4            main (main)
               calls direct
               CSTACK = 00000000 ( 00000002 )
    -------------------------------------------------------------------------
<CODE> 3 (was CODE)
  Relative segment, address: CODE 4192 - 41BB (0x2a bytes), align: 1
  Segment part 32.            Intra module refs:   ProcessTemperature
           ENTRY                   ADDRESS         REF BY
           =====                   =======         ======
           TempCalibration         4192 
    -------------------------------------------------------------------------
<CODE> 3 (was CODE)
  Relative segment, address: CODE 41BC - 424F (0x94 bytes), align: 1
  Segment part 33.            Intra module refs:   ProcessTemperature
           ENTRY                   ADDRESS         REF BY
           =====                   =======         ======
           TempCalibration_adjusted
                                   41BC 
               CSTACK = 00000000 ( 00000008 )
    -------------------------------------------------------------------------
<CODE> 3 (was CODE)
  Relative segment, address: CODE 4250 - 425D (0xe bytes), align: 1
  Segment part 34.            Intra module refs:   TempCalibration
                                                   TempCalibration_adjusted
    -------------------------------------------------------------------------
<CODE> 3 (was CODE)
  Relative segment, address: CODE 425E - 429B (0x3e bytes), align: 1
  Segment part 35.            Intra module refs:   DDM_Read
           ENTRY                   ADDRESS         REF BY
           =====                   =======         ======
           ProcessTemperature      425E 
               calls direct
               CSTACK = 00000000 ( 00000004 )
    -------------------------------------------------------------------------
<CODE> 3 (was CODE)
  Relative segment, address: CODE 50D2 - 50DD (0xc bytes), align: 1
  Segment part 36.            Intra module refs:   DDM_Read
                                                   ProcessTemperature
    -------------------------------------------------------------------------
<CODE> 3 (was CODE)
  Relative segment, address: CODE 4B90 - 4BCF (0x40 bytes), align: 1
  Segment part 38.
           ENTRY                   ADDRESS         REF BY
           =====                   =======         ======
           CalibConstantRead       4B90            Memory_Init (memory_access)
               calls direct
               CSTACK = 00000000 ( 00000002 )
    -------------------------------------------------------------------------
<CODE> 3 (was CODE)
  Relative segment, address: CODE 5114 - 511D (0xa bytes), align: 1
  Segment part 39. ROOT 
           ENTRY                   ADDRESS         REF BY
           =====                   =======         ======
           ?ISR4                   5114            ?INTERRUPT4 (?INTERRUPT4)
           SH_Interrupt            5114 
               interrupt function

    *************************************************************************

  FILE NAME : D:\Projects\Coset\Project_SKT_3G_ST_SFP_2021\2. SW\1.FW\SFP_PLUS_3G_ER_V1_DML_APD\Debug\Obj\ds_dac.r66
  PROGRAM MODULE, NAME : ds_dac

  SEGMENTS IN THE MODULE
  ======================
DATA16_SFR
  Relative segment, address: IDATA 0186 - 0187 (0x2 bytes), align: 0
  Segment part 1. ROOT 
           ENTRY                   ADDRESS         REF BY
           =====                   =======         ======
           DPDATA                  0186 
    -------------------------------------------------------------------------
DATA16_SFR
  Relative segment, address: IDATA 01BE - 01BF (0x2 bytes), align: 0
  Segment part 2. ROOT 
           ENTRY                   ADDRESS         REF BY
           =====                   =======         ======
           DPCN                    01BE 

    *************************************************************************

  FILE NAME : D:\Projects\Coset\Project_SKT_3G_ST_SFP_2021\2. SW\1.FW\SFP_PLUS_3G_ER_V1_DML_APD\Debug\Obj\flash.r66
  PROGRAM MODULE, NAME : flash

  SEGMENTS IN THE MODULE
  ======================
DATA16_SFR
  Relative segment, address: IDATA 020A - 020A (0x1 bytes), align: 0
  Segment part 1. ROOT 
           ENTRY                   ADDRESS         REF BY
           =====                   =======         ======
           _A_IC                   020A 
    -------------------------------------------------------------------------
DATA16_SFR
  Relative segment, address: IDATA 0052 - 0053 (0x2 bytes), align: 0
  Segment part 2. ROOT 
           ENTRY                   ADDRESS         REF BY
           =====                   =======         ======
           _A_SVM                  0052 
    -------------------------------------------------------------------------
<CODE> 3 (was CODE)
  Relative segment, address: CODE 48A8 - 48B7 (0x10 bytes), align: 1
  Segment part 5.             Intra module refs:   FlashReadBlock
    -------------------------------------------------------------------------
<CODE> 3 (was CODE)
  Relative segment, address: CODE 48B8 - 491B (0x64 bytes), align: 1
  Segment part 8.
           ENTRY                   ADDRESS         REF BY
           =====                   =======         ======
           CopySramToFlash         48B8            Segment part 101 (mcu_convert)
                                                   Segment part 113 (mcu_convert)
                                                   factory_reset_eeprom_info (mcu_convert)
                                                   save_memory_to_flash_tx_rx_cdr (mcu_convert)
                                                   save_to_flash_memory (mcu_convert)
               calls direct
               CSTACK = 00000000 ( 0000000A )
    -------------------------------------------------------------------------
<CODE> 3 (was CODE)
  Relative segment, address: CODE 491C - 491D (0x2 bytes), align: 1
  Segment part 9.
           ENTRY                   ADDRESS         REF BY
           =====                   =======         ======
           FlashReadBlock          491C            FLASH_Read (mcu_convert)
                                                   Segment part 125 (mcu_convert)
                                                   Segment part 127 (mcu_convert)
                                                   factory_reset_eeprom_info (mcu_convert)
                                                   restore_from_flash_memory (mcu_convert)
                                                   restore_memory_from_flash_all (mcu_convert)
               calls direct
               CSTACK = 00000000 ( 00000002 )

    *************************************************************************

  FILE NAME : D:\Projects\Coset\Project_SKT_3G_ST_SFP_2021\2. SW\1.FW\SFP_PLUS_3G_ER_V1_DML_APD\Debug\Obj\flash_asm.r66
  PROGRAM MODULE, NAME : flash_asm

  SEGMENTS IN THE MODULE
  ======================
<CODE> 3 (was CODE)
  Relative segment, address: CODE 4D00 - 4D39 (0x3a bytes), align: 1
  Segment part 2.
           ENTRY                   ADDRESS         REF BY
           =====                   =======         ======
           clear_block_in_flash    4D00            CopySramToFlash (flash)
    -------------------------------------------------------------------------
<CODE> 3 (was CODE)
  Relative segment, address: CODE 4AB6 - 4B07 (0x52 bytes), align: 1
  Segment part 4.
           ENTRY                   ADDRESS         REF BY
           =====                   =======         ======
           write_block_to_flash    4AB6            CopySramToFlash (flash)
    -------------------------------------------------------------------------
<CODE> 3 (was CODE)
  Relative segment, address: CODE 511E - 5125 (0x8 bytes), align: 1
  Segment part 5.
           ENTRY                   ADDRESS         REF BY
           =====                   =======         ======
           Info_Read               511E            CalibConstantRead (ddm)
    -------------------------------------------------------------------------
<CODE> 3 (was CODE)
  Relative segment, address: CODE 4C0E - 4C4B (0x3e bytes), align: 1
  Segment part 6.
           ENTRY                   ADDRESS         REF BY
           =====                   =======         ======
           read_block_from_flash   4C0E            Segment part 5 (flash)

    *************************************************************************

  FILE NAME : D:\Projects\Coset\Project_SKT_3G_ST_SFP_2021\2. SW\1.FW\SFP_PLUS_3G_ER_V1_DML_APD\Debug\Obj\hwmul.r66
  LIBRARY MODULE, NAME : ?MUL_HW

  SEGMENTS IN THE MODULE
  ======================
<CODE> 3 (was CODE)
  Relative segment, address: CODE 4DA6 - 4DB9 (0x14 bytes), align: 1
  Segment part 7.
           ENTRY                   ADDRESS         REF BY
           =====                   =======         ======
           ?SS_MUL_HWM3            4DA6 
           ?US_MUL_HWM3            4DA6            Segment part 101 (tosa_control)
                                                   Segment part 103 (tosa_control)
                                                   Segment part 34 (tosa_control)
                                                   Segment part 35 (tosa_control)
                                                   TEC_Control_APC_3 (tosa_control)
    -------------------------------------------------------------------------
<CODE> 3 (was CODE)
  Relative segment, address: CODE 4DBA - 4DDB (0x22 bytes), align: 1
  Segment part 11.
           ENTRY                   ADDRESS         REF BY
           =====                   =======         ======
           ?SL_MUL_HWM3            4DBA 
           ?UL_MUL_HWM3            4DBA            DDM_Read (ddm)
                                                   Segment part 60 (tosa_control)
                                                   TempCalibration (ddm)
                                                   wavelength_info_set (tosa_control)

    *************************************************************************

  FILE NAME : D:\Projects\Coset\Project_SKT_3G_ST_SFP_2021\2. SW\1.FW\SFP_PLUS_3G_ER_V1_DML_APD\Debug\Obj\i2c_master_gpio.r66
  PROGRAM MODULE, NAME : i2c_master_gpio

  SEGMENTS IN THE MODULE
  ======================
<CODE> 3 (was CODE)
  Relative segment, address: CODE 4A5E - 4A7D (0x20 bytes), align: 1
  Segment part 13.
           ENTRY                   ADDRESS         REF BY
           =====                   =======         ======
           read_master_gpio_single_byte
                                   4A5E            LD_Drive_Set (tosa_control)
                                                   Segment part 104 (state_transition)
                                                   Segment part 91 (tosa_control)
                                                   rx_cdr_init (mcu_convert)
               calls direct
               CSTACK = 00000000 ( 0000000A )
    -------------------------------------------------------------------------
<CODE> 3 (was CODE)
  Relative segment, address: CODE 4A7E - 4A85 (0x8 bytes), align: 1
  Segment part 14.            Intra module refs:   read_master_gpio_single_byte
                                                   write_master_gpio_single_byte
    -------------------------------------------------------------------------
<CODE> 3 (was CODE)
  Relative segment, address: CODE 4A86 - 4A95 (0x10 bytes), align: 1
  Segment part 15.
           ENTRY                   ADDRESS         REF BY
           =====                   =======         ======
           read_master_gpio_multiple_bytes
                                   4A86            Segment part 68 (tosa_control)
                                                   Segment part 73 (tosa_control)
                                                   ddm_mon_rx_power (state_transition)
                                                   polled_tx_rx_combo_cdr_reg_info (tosa_control)
                                                   rx_cdr_forced_mute_enable (mcu_convert)
               calls direct
               CSTACK = 00000000 ( 00000002 )
    -------------------------------------------------------------------------
<CODE> 3 (was CODE)
  Relative segment, address: CODE 4A96 - 4AB5 (0x20 bytes), align: 1
  Segment part 16.
           ENTRY                   ADDRESS         REF BY
           =====                   =======         ======
           write_master_gpio_single_byte
                                   4A96            LD_Drive_Set (tosa_control)
                                                   exec_upper_page80H_memory (memory_access)
                                                   exec_write_entry (memory_access)
               calls direct
               CSTACK = 00000000 ( 00000006 )
    -------------------------------------------------------------------------
<CODE> 3 (was CODE)
  Relative segment, address: CODE 50C6 - 50D1 (0xc bytes), align: 1
  Segment part 17.            Intra module refs:   read_master_gpio_single_byte
                                                   write_master_gpio_single_byte
    -------------------------------------------------------------------------
<CODE> 3 (was CODE)
  Relative segment, address: CODE 5090 - 509D (0xe bytes), align: 1
  Segment part 20.            Intra module refs:   Segment part 17
                                                   Segment part 19
    -------------------------------------------------------------------------
<CODE> 3 (was CODE)
  Relative segment, address: CODE 5126 - 512D (0x8 bytes), align: 1
  Segment part 19.            Intra module refs:   read_master_gpio_multiple_bytes
                                                   write_master_gpio_multiple_bytes
    -------------------------------------------------------------------------
<CODE> 3 (was CODE)
  Relative segment, address: CODE 5056 - 5065 (0x10 bytes), align: 1
  Segment part 18.
           ENTRY                   ADDRESS         REF BY
           =====                   =======         ======
           write_master_gpio_multiple_bytes
                                   5056            Segment part 116 (mcu_convert)
                                                   Segment part 59 (state_transition)
                                                   Segment part 90 (tosa_control)
                                                   rx_cdr_forced_mute_enable (mcu_convert)
                                                   rx_cdr_init (mcu_convert)
               calls direct
               CSTACK = 00000000 ( 00000002 )

    *************************************************************************

  FILE NAME : D:\Projects\Coset\Project_SKT_3G_ST_SFP_2021\2. SW\1.FW\SFP_PLUS_3G_ER_V1_DML_APD\Debug\Obj\i2cm.r66
  PROGRAM MODULE, NAME : i2cm

  SEGMENTS IN THE MODULE
  ======================
DATA16_SFR
  Relative segment, address: IDATA 0140 - 0141 (0x2 bytes), align: 0
  Segment part 4. ROOT 
           ENTRY                   ADDRESS         REF BY
           =====                   =======         ======
           DAD2W1                  0140 
    -------------------------------------------------------------------------
DATA16_SFR
  Relative segment, address: IDATA 0142 - 0143 (0x2 bytes), align: 0
  Segment part 5. ROOT 
           ENTRY                   ADDRESS         REF BY
           =====                   =======         ======
           DAD2W2                  0142 
    -------------------------------------------------------------------------
DATA16_SFR
  Relative segment, address: IDATA 0154 - 0155 (0x2 bytes), align: 0
  Segment part 6. ROOT 
           ENTRY                   ADDRESS         REF BY
           =====                   =======         ======
           _A_CNT2W1               0154 
    -------------------------------------------------------------------------
DATA16_SFR
  Relative segment, address: IDATA 0156 - 0157 (0x2 bytes), align: 0
  Segment part 7. ROOT 
           ENTRY                   ADDRESS         REF BY
           =====                   =======         ======
           _A_CNT2W2               0156 
    -------------------------------------------------------------------------
DATA16_SFR
  Relative segment, address: IDATA 0160 - 0160 (0x1 bytes), align: 0
  Segment part 8. ROOT 
           ENTRY                   ADDRESS         REF BY
           =====                   =======         ======
           SLA2W1                  0160 
    -------------------------------------------------------------------------
DATA16_SFR
  Relative segment, address: IDATA 0162 - 0162 (0x1 bytes), align: 0
  Segment part 9. ROOT 
           ENTRY                   ADDRESS         REF BY
           =====                   =======         ======
           SLA2W2                  0162 
    -------------------------------------------------------------------------
DATA16_SFR
  Relative segment, address: IDATA 0176 - 0177 (0x2 bytes), align: 0
  Segment part 10. ROOT 
           ENTRY                   ADDRESS         REF BY
           =====                   =======         ======
           _A_MIS2                 0176 
    -------------------------------------------------------------------------
DATA16_SFR
  Relative segment, address: IDATA 0178 - 0179 (0x2 bytes), align: 0
  Segment part 11. ROOT 
           ENTRY                   ADDRESS         REF BY
           =====                   =======         ======
           CCK2W1                  0178 
    -------------------------------------------------------------------------
DATA16_SFR
  Relative segment, address: IDATA 017A - 017B (0x2 bytes), align: 0
  Segment part 12. ROOT 
           ENTRY                   ADDRESS         REF BY
           =====                   =======         ======
           CCK2W2                  017A 
    -------------------------------------------------------------------------
DATA16_Z
  Relative segment, address: DATA 09F4 - 09F4 (0x1 bytes), align: 0
  Segment part 14.            Intra module refs:   Segment part 35
                                                   Segment part 40
           ENTRY                   ADDRESS         REF BY
           =====                   =======         ======
           tx_rx_complete          09F4 
    -------------------------------------------------------------------------
DATA16_Z
  Relative segment, address: DATA 09F5 - 09F5 (0x1 bytes), align: 0
  Segment part 15.            Intra module refs:   Segment part 40
           ENTRY                   ADDRESS         REF BY
           =====                   =======         ======
           interrupt_count         09F5 
    -------------------------------------------------------------------------
<CODE> 3 (was CODE)
  Relative segment, address: CODE 46FA - 47A5 (0xac bytes), align: 1
  Segment part 16.
           ENTRY                   ADDRESS         REF BY
           =====                   =======         ======
           I2CM_Init               46FA            I2CMaster_Init (board)
    -------------------------------------------------------------------------
<CODE> 3 (was CODE)
  Relative segment, address: CODE 3B54 - 3C1D (0xca bytes), align: 1
  Segment part 18.
           ENTRY                   ADDRESS         REF BY
           =====                   =======         ======
           I2CM_WriteNBytes        3B54            write_master_gpio_multiple_bytes (i2c_master_gpio)
                                                   write_master_gpio_single_byte (i2c_master_gpio)
               calls direct
               CSTACK = 00000000 ( 00000004 )
    -------------------------------------------------------------------------
<CODE> 3 (was CODE)
  Relative segment, address: CODE 3C1E - 3C29 (0xc bytes), align: 1
  Segment part 19.            Intra module refs:   I2CM_ReadNBytes
                                                   I2CM_WriteNBytes
    -------------------------------------------------------------------------
<CODE> 3 (was CODE)
  Relative segment, address: CODE 3C2A - 3C37 (0xe bytes), align: 1
  Segment part 20.            Intra module refs:   I2CM_WriteNBytes
    -------------------------------------------------------------------------
<CODE> 3 (was CODE)
  Relative segment, address: CODE 3C38 - 3C51 (0x1a bytes), align: 1
  Segment part 21.            Intra module refs:   I2CM_WriteNBytes
    -------------------------------------------------------------------------
<CODE> 3 (was CODE)
  Relative segment, address: CODE 3C52 - 3C69 (0x18 bytes), align: 1
  Segment part 22.            Intra module refs:   I2CM_ReadNBytes
                                                   I2CM_WriteNBytes
    -------------------------------------------------------------------------
<CODE> 3 (was CODE)
  Relative segment, address: CODE 3C6A - 3C79 (0x10 bytes), align: 1
  Segment part 23.            Intra module refs:   I2CM_WriteNBytes
                                                   Segment part 22
    -------------------------------------------------------------------------
<CODE> 3 (was CODE)
  Relative segment, address: CODE 3C7A - 3C89 (0x10 bytes), align: 1
  Segment part 24.            Intra module refs:   I2CM_WriteNBytes
                                                   Segment part 22
    -------------------------------------------------------------------------
<CODE> 3 (was CODE)
  Relative segment, address: CODE 3C8A - 3D41 (0xb8 bytes), align: 1
  Segment part 25.
           ENTRY                   ADDRESS         REF BY
           =====                   =======         ======
           I2CM_ReadNBytes         3C8A            read_master_gpio_multiple_bytes (i2c_master_gpio)
[...]
  Segment part 2.             Intra module refs:   Segment part 3
                                                   Segment part 4
    -------------------------------------------------------------------------
RCODE
  Relative segment, address: CODE 00F4 - 00F5 (0x2 bytes), align: 1
  Segment part 3.             Intra module refs:   ?RESTORE_DP0
    -------------------------------------------------------------------------
RCODE
  Relative segment, address: CODE 00F6 - 00FD (0x8 bytes), align: 1
  Segment part 4.             Intra module refs:   ?RESTORE_BP
    -------------------------------------------------------------------------
RCODE
  Relative segment, address: CODE 00FE - 00FF (0x2 bytes), align: 1
  Segment part 5.             Intra module refs:   ?RESTORE_BP
                                                   ?RESTORE_DP0
    -------------------------------------------------------------------------
RCODE
  Relative segment, address: CODE 0100 - 0101 (0x2 bytes), align: 1
  Segment part 6.
           ENTRY                   ADDRESS         REF BY
           =====                   =======         ======
           ?RESTORE_DP0            0100            Segment part 4 (?INTERRUPT_SAVE_PTR)
    -------------------------------------------------------------------------
RCODE
  Relative segment, address: CODE 0102 - 0109 (0x8 bytes), align: 1
  Segment part 7.
           ENTRY                   ADDRESS         REF BY
           =====                   =======         ======
           ?RESTORE_BP             0102            ?REQ_SAVE_BP (?INTERRUPT_SAVE_PTR)
    -------------------------------------------------------------------------
RCODE
  Relative segment, address: CODE 010A - 010D (0x4 bytes), align: 1
  Segment part 8.             Intra module refs:   ?INTERRUPT_RESTORE_PTR

    -------------------------------------------------------------------------
  LIBRARY MODULE, NAME : exit

  SEGMENTS IN THE MODULE
  ======================
__aseg
  Relative segment, address: CODE 0000, align: 0
  Segment part 1. ROOT 
    -------------------------------------------------------------------------
<CODE> 3 (was CODE)
  Relative segment, address: CODE 5146 - 514B (0x6 bytes), align: 1
  Segment part 3.
           ENTRY                   ADDRESS         REF BY
           =====                   =======         ======
           exit                    5146            __MAIN_CALL (__MAIN_CALL__)
               CSTACK = 00000002 ( 00000000 )

    -------------------------------------------------------------------------
  LIBRARY MODULE, NAME : SL_SHR_L03

  SEGMENTS IN THE MODULE
  ======================
<CODE> 3 (was CODE)
  Relative segment, address: CODE 50DE - 50E9 (0xc bytes), align: 1
  Segment part 1.
           ENTRY                   ADDRESS         REF BY
           =====                   =======         ======
           ?SL_SHR_L03             50DE            TempCalibration (ddm)

    -------------------------------------------------------------------------
  LIBRARY MODULE, NAME : UL_SHR_L03

  SEGMENTS IN THE MODULE
  ======================
<CODE> 3 (was CODE)
  Relative segment, address: CODE 50BA - 50C5 (0xc bytes), align: 1
  Segment part 1.
           ENTRY                   ADDRESS         REF BY
           =====                   =======         ======
           ?UL_SHR_L03             50BA            DDM_Read (ddm)

    -------------------------------------------------------------------------
  LIBRARY MODULE, NAME : F_ADD_L04

  SEGMENTS IN THE MODULE
  ======================
__aseg
  Relative segment, address: CODE 0000, align: 0
  Segment part 1. ROOT 
    -------------------------------------------------------------------------
<CODE> 3 (was CODE)
  Relative segment, address: CODE 4514 - 4625 (0x112 bytes), align: 1
  Segment part 2.
           ENTRY                   ADDRESS         REF BY
           =====                   =======         ======
           ?F_ADD_L04              452A            Segment part 81 (state_transition)
                                                   Segment part 82 (state_transition)
                                                   TempCalibration_adjusted (ddm)
                                                   ddm_mon_rx_power (state_transition)
                                                   ddm_mon_tx_power (state_transition)
           ?F_SUB_L04              4514            ?F_CMP_L04 (FLOAT_CMP)
                                                   Segment part 62 (state_transition)
                                                   cal_Temp_Slope_Offset (state_transition)

    -------------------------------------------------------------------------
  LIBRARY MODULE, NAME : Q20_DivideRaw

  SEGMENTS IN THE MODULE
  ======================
__aseg
  Relative segment, address: CODE 0000, align: 0
  Segment part 1. ROOT 
    -------------------------------------------------------------------------
<CODE> 3 (was CODE)
  Relative segment, address: CODE 4B4E - 4B8F (0x42 bytes), align: 1
  Segment part 2.
           ENTRY                   ADDRESS         REF BY
           =====                   =======         ======
           Q20_DivideRaw_add       4B64 
           Q20_DivideRaw_sub       4B4E            ?UL_DIV_L03 (UL_DIV_L03)

    -------------------------------------------------------------------------
  LIBRARY MODULE, NAME : FLOAT_CMP

  SEGMENTS IN THE MODULE
  ======================
<CODE> 3 (was CODE)
  Relative segment, address: CODE 4F94 - 4FB3 (0x20 bytes), align: 1
  Segment part 1.
           ENTRY                   ADDRESS         REF BY
           =====                   =======         ======
           ?F_CMP_L04              4F94            Segment part 83 (state_transition)

    -------------------------------------------------------------------------
  LIBRARY MODULE, NAME : FLOAT_F2L

  SEGMENTS IN THE MODULE
  ======================
<CODE> 3 (was CODE)
  Relative segment, address: CODE 4D3A - 4D6F (0x36 bytes), align: 1
  Segment part 1.
           ENTRY                   ADDRESS         REF BY
           =====                   =======         ======
           ?F_F2L_L04              4D3A            Segment part 81 (state_transition)
                                                   TempCalibration_adjusted (ddm)
                                                   ddm_mon_tx_bias (state_transition)
           ?F_F2UL_L04             4D3A            ddm_mon_tx_power (state_transition)

    -------------------------------------------------------------------------
  LIBRARY MODULE, NAME : FLOAT_L2F

  SEGMENTS IN THE MODULE
  ======================
<CODE> 3 (was CODE)
  Relative segment, address: CODE 4B08 - 4B4D (0x46 bytes), align: 1
  Segment part 1.
           ENTRY                   ADDRESS         REF BY
           =====                   =======         ======
           ?F_SL2F_L04             4B08            Segment part 64 (state_transition)
                                                   TempCalibration_adjusted (ddm)
                                                   cal_Temp_Slope_Offset (state_transition)
           ?F_UL2F_L04             4B18            Segment part 79 (state_transition)
                                                   ddm_mon_tx_bias (state_transition)
                                                   ddm_mon_tx_power (state_transition)

    -------------------------------------------------------------------------
  LIBRARY MODULE, NAME : Q20_Twos_Complement32

  SEGMENTS IN THE MODULE
  ======================
<CODE> 3 (was CODE)
  Relative segment, address: CODE 509E - 50AB (0xe bytes), align: 1
  Segment part 1.
           ENTRY                   ADDRESS         REF BY
           =====                   =======         ======
           Q20_Twos_Complement32   509E            Segment part 1 (FLOAT_L2F)

    -------------------------------------------------------------------------
  LIBRARY MODULE, NAME : Q20_Float_Is_Zero

  SEGMENTS IN THE MODULE
  ======================
<CODE> 3 (was CODE)
  Relative segment, address: CODE 4EE4 - 4F07 (0x24 bytes), align: 1
  Segment part 1.
           ENTRY                   ADDRESS         REF BY
           =====                   =======         ======
           Q20_Float_Is_Zero       4EE4            ?F_CMP_L04 (FLOAT_CMP)

    -------------------------------------------------------------------------
  LIBRARY MODULE, NAME : Q20_SZFloat

  SEGMENTS IN THE MODULE
  ======================
<CODE> 3 (was CODE)
  Relative segment, address: CODE 5136 - 513D (0x8 bytes), align: 1
  Segment part 1.
           ENTRY                   ADDRESS         REF BY
           =====                   =======         ======
           Q20_Set_Zero_Float      5136            Segment part 1 (FLOAT_F2L)
                                                   Segment part 1 (FLOAT_L2F)

    -------------------------------------------------------------------------
  LIBRARY MODULE, NAME : Q20_Set_NaN_Float

  SEGMENTS IN THE MODULE
  ======================
<CODE> 3 (was CODE)
  Relative segment, address: CODE 510A - 5113 (0xa bytes), align: 1
  Segment part 1.
           ENTRY                   ADDRESS         REF BY
           =====                   =======         ======
           Q20_Set_NaN_Float       510A            Q20_Pack_Float (Q20_Pack_Float)

    -------------------------------------------------------------------------
  LIBRARY MODULE, NAME : Q20_UPF

  SEGMENTS IN THE MODULE
  ======================
<CODE> 3 (was CODE)
  Relative segment, address: CODE 491E - 498B (0x6e bytes), align: 1
  Segment part 1.
           ENTRY                   ADDRESS         REF BY
           =====                   =======         ======
           Q20_UnPack_Float        491E            Segment part 1 (FLOAT_F2L)

    -------------------------------------------------------------------------
  LIBRARY MODULE, NAME : Q20_Pack_Float

  SEGMENTS IN THE MODULE
  ======================
<CODE> 3 (was CODE)
  Relative segment, address: CODE 49F8 - 4A5D (0x66 bytes), align: 1
  Segment part 1.
           ENTRY                   ADDRESS         REF BY
           =====                   =======         ======
           Q20_Pack_Float          49F8            Segment part 1 (FLOAT_L2F)

    -------------------------------------------------------------------------
  LIBRARY MODULE, NAME : SS_DIV_L02

  SEGMENTS IN THE MODULE
  ======================
__aseg
  Relative segment, address: CODE 0000, align: 0
  Segment part 1. ROOT 
    -------------------------------------------------------------------------
<CODE> 3 (was CODE)
  Relative segment, address: CODE 4E0E - 4E3B (0x2e bytes), align: 1
  Segment part 2.
           ENTRY                   ADDRESS         REF BY
           =====                   =======         ======
           ?SS_DIV_L02             4E0E            I2C_Slave_Memory_Map_Write (memory_access)
                                                   Segment part 34 (tosa_control)
                                                   Segment part 35 (tosa_control)
                                                   Segment part 40 (tosa_control)
                                                   TEC_Control_APC_3 (tosa_control)

    -------------------------------------------------------------------------
  LIBRARY MODULE, NAME : US_DIV_L02

  SEGMENTS IN THE MODULE
  ======================
__aseg
  Relative segment, address: CODE 0000, align: 0
  Segment part 1. ROOT 
    -------------------------------------------------------------------------
<CODE> 3 (was CODE)
  Relative segment, address: CODE 4BD0 - 4C0D (0x3e bytes), align: 1
  Segment part 2.
           ENTRY                   ADDRESS         REF BY
           =====                   =======         ======
           ?US_DIV_L02             4BD0            ?SS_DIV_L02 (SS_DIV_L02)

    -------------------------------------------------------------------------
  LIBRARY MODULE, NAME : SL_DIV_L03

  SEGMENTS IN THE MODULE
  ======================
__aseg
  Relative segment, address: CODE 0000, align: 0
  Segment part 1. ROOT 
    -------------------------------------------------------------------------
<CODE> 3 (was CODE)
  Relative segment, address: CODE 4C4C - 4C89 (0x3e bytes), align: 1
  Segment part 2.
           ENTRY                   ADDRESS         REF BY
           =====                   =======         ======
           ?SL_DIV_L03             4C4C            Segment part 61 (tosa_control)
                                                   wavelength_info_set (tosa_control)

    -------------------------------------------------------------------------
  LIBRARY MODULE, NAME : UL_DIV_L03

  SEGMENTS IN THE MODULE
  ======================
__aseg
  Relative segment, address: CODE 0000, align: 0
  Segment part 1. ROOT 
    -------------------------------------------------------------------------
<CODE> 1 (was CODE)
  Relative segment, address: CODE 0004 - 001D (0x1a bytes), align: 1
  Segment part 2.
           ENTRY                   ADDRESS         REF BY
           =====                   =======         ======
           ?UL_DIV_L03             0004            ?SL_DIV_L03 (SL_DIV_L03)

    -------------------------------------------------------------------------
  LIBRARY MODULE, NAME : ?MEMCPY

  SEGMENTS IN THE MODULE
  ======================
<CODE> 3 (was CODE)
  Relative segment, address: CODE 4F50 - 4F73 (0x24 bytes), align: 1
  Segment part 2.
           ENTRY                   ADDRESS         REF BY
           =====                   =======         ======
           memcpy                  4F50            ProcessReceivedI2CData (memory_access)

    -------------------------------------------------------------------------
  LIBRARY MODULE, NAME : ?MEMSET

  SEGMENTS IN THE MODULE
  ======================
<CODE> 3 (was CODE)
  Relative segment, address: CODE 4FB4 - 4FCD (0x1a bytes), align: 1
  Segment part 2.
           ENTRY                   ADDRESS         REF BY
           =====                   =======         ======
           memset                  4FB4            Memory_Init (memory_access)
                                                   Segment part 23 (memory_access)
                                                   Segment part 40 (memory_access)
                                                   check_password_control (memory_access)
                                                   factory_reset_eeprom_info (mcu_convert)
                                                   initialize_variables (mcu_convert)
                                                   rx_cdr_init (mcu_convert)
                                                   tx_cdr_init (tosa_control)




                ****************************************
                *                                      *
                *      SEGMENTS IN ADDRESS ORDER       *
                *                                      *
                ****************************************


SEGMENT              SPACE    START ADDRESS   END ADDRESS     SIZE  TYPE  ALIGN
=======              =====    =============   ===========     ====  ====  =====
__aseg               CODE                 0000                       rel    0
RESET                CODE              0000 - 0003               4   rel    0
<CODE> 1             CODE              0004 - 001F              1C   rel    1
DATA16_AC            CODE              0020 - 003F              20   rel    0
RCODE                CODE              0040 - 010D              CE   rel    1
<CODE> 2             CODE              010E - 011F              12   rel    1
CDATA16_C            CODE                 0120                       rel    0
CDATA16_ID           CODE              0120 - 01AF              90   rel    1
CDATA8_ID            CODE                 01B0                       rel    0
CCONST               CODE                 01B0                       rel    0
CCHECKSUM            CODE                 01B0                       rel    0
<CODE> 3             CODE              01B0 - 514D            4F9E   rel    1
DATA16_AC            CODE              EE00 - EE7F              80   rel    0
                     CODE              EF00 - EF7F              80 
DATA16_AN            DATA              0080 - 0083               4   rel    0
                     DATA              0100 - 08FF             800 
DATA16_I             DATA              0900 - 098F              90   rel    1
DATA16_Z             DATA              0990 - 0B38             1A9   rel    1
CSTACK               DATA              0FAF - 0FE0              32   dse    0
DATA8_ID             DATA                 8120                       rel    0
DATA16_C             DATA                 8120                       rel    0
DATA16_ID            DATA              8120 - 81AF              90   rel    1
CHECKSUM             DATA                 81B0                       rel    0
CONST                DATA                 81B0                       rel    0
DATA16_SFR           IDATA             0000 - 000B               C   rel    0
                     IDATA             000E - 0017               A 
                     IDATA             001A - 0037              1E 
                     IDATA             0042 - 0045               4 
                     IDATA             0052 - 0053               2 
                     IDATA             005A - 005D               4 
                     IDATA             006C - 006C               1 
                     IDATA             007C - 007D               2 
                     IDATA             0082 - 008F               E 
                     IDATA             0092 - 0093               2 
                     IDATA             0098 - 009B               4 
                     IDATA             00A0 - 00A5               6 
                     IDATA             00AA - 00AD               4 
                     IDATA             0100 - 0105               6 
                     IDATA             0110 - 0111               2 
                     IDATA             011C - 011D               2 
                     IDATA             0128 - 0128               1 
                     IDATA             012C - 0131               6 
                     IDATA             0134 - 0135               2 
                     IDATA             0140 - 0147               8 
                     IDATA             014A - 014E               5 
                     IDATA             0154 - 0157               4 
                     IDATA             015C - 015D               2 
                     IDATA             0160 - 0160               1 
                     IDATA             0162 - 0162               1 
                     IDATA             0164 - 0167               4 
                     IDATA             016E - 0171               4 
                     IDATA             0176 - 017B               6 
                     IDATA             0182 - 0187               6 
                     IDATA             0190 - 0190               1 
                     IDATA             0194 - 0195               2 
                     IDATA             01BE - 01BF               2 
                     IDATA             020A - 020A               1 
                     IDATA             020C - 020C               1 
DATA16_SFR           IDATA             021E - 021F               2   rel    0

                ****************************************
                *                                      *
                *        END OF CROSS REFERENCE        *
                *                                      *
                ****************************************

 20 778 bytes of CODE  memory (+     4 absolute )
    763 bytes of DATA  memory (+ 2 052 absolute )
      0 bytes of IDATA memory (+   164 absolute )
      0 bytes of CONST memory (+   288 absolute )

Errors: none
Warnings: none

