################################################################################
#                                                                              #
#      IAR Universal Linker V6.5.0.91                                          #
#                                                                              #
#           Link time     =  08/Apr/2021  10:02:18                             #
#           Target CPU    =  MAXQ                                              #
#           List file     =  "D:\Projects\Coset\Project_SKT_3G_ST_SFP_2021\2.  #
#                            SW\1.FW\SFP_PLUS_3G_ER_V1_DML_APD\Debug\List\SFP_ #
#                            PLUS_3G_ER_V1_DML_PIN_GN1157_Release_Ver_01_0_HW_ #
#                            V2_WM1411_210408.map"                             #
#           Output file 1 =  "D:\Projects\Coset\Project_SKT_3G_ST_SFP_2021\2.  #
#                            SW\1.FW\SFP_PLUS_3G_ER_V1_DML_APD\Debug\Exe\SFP_P #
#                            LUS_3G_ER_V1_DML_PIN_GN1157_Release_Ver_01_0_HW_V #
#                            2_WM1411_210408.hex"                              #
#                            Format: intel-standard                            #
#           Command line  =  "D:\Projects\Coset\Project_SKT_3G_ST_SFP_2021\2.  #
#                            SW\1.FW\SFP_PLUS_3G_ER_V1_DML_APD\Debug\Obj\Q20_f #
#                            loatMACLIB_ieee754.r66"                           #
#                            "D:\Projects\Coset\Project_SKT_3G_ST_SFP_2021\2.  #
#                            SW\1.FW\SFP_PLUS_3G_ER_V1_DML_APD\Debug\Obj\adc.r #
#                            66"                                               #
#                            "D:\Projects\Coset\Project_SKT_3G_ST_SFP_2021\2.  #
#                            SW\1.FW\SFP_PLUS_3G_ER_V1_DML_APD\Debug\Obj\alarm #
#                            _warning.r66"                                     #
#                            "D:\Projects\Coset\Project_SKT_3G_ST_SFP_2021\2.  #
#                            SW\1.FW\SFP_PLUS_3G_ER_V1_DML_APD\Debug\Obj\board #
#                            .r66"                                             #
#                            "D:\Projects\Coset\Project_SKT_3G_ST_SFP_2021\2.  #
#                            SW\1.FW\SFP_PLUS_3G_ER_V1_DML_APD\Debug\Obj\dc_dc #
#                            .r66"                                             #
#                            "D:\Projects\Coset\Project_SKT_3G_ST_SFP_2021\2.  #
#                            SW\1.FW\SFP_PLUS_3G_ER_V1_DML_APD\Debug\Obj\ddm.r #
#                            66"                                               #
#                            "D:\Projects\Coset\Project_SKT_3G_ST_SFP_2021\2.  #
#                            SW\1.FW\SFP_PLUS_3G_ER_V1_DML_APD\Debug\Obj\ds_da #
#                            c.r66"                                            #
#                            "D:\Projects\Coset\Project_SKT_3G_ST_SFP_2021\2.  #
#                            SW\1.FW\SFP_PLUS_3G_ER_V1_DML_APD\Debug\Obj\flash #
#                            .r66"                                             #
#                            "D:\Projects\Coset\Project_SKT_3G_ST_SFP_2021\2.  #
#                            SW\1.FW\SFP_PLUS_3G_ER_V1_DML_APD\Debug\Obj\flash #
#                            _asm.r66"                                         #
#                            "D:\Projects\Coset\Project_SKT_3G_ST_SFP_2021\2.  #
#                            SW\1.FW\SFP_PLUS_3G_ER_V1_DML_APD\Debug\Obj\hwmul #
#                            .r66"                                             #
#                            "D:\Projects\Coset\Project_SKT_3G_ST_SFP_2021\2.  #
#                            SW\1.FW\SFP_PLUS_3G_ER_V1_DML_APD\Debug\Obj\i2c_m #
#                            aster_gpio.r66"                                   #
#                            "D:\Projects\Coset\Project_SKT_3G_ST_SFP_2021\2.  #
#                            SW\1.FW\SFP_PLUS_3G_ER_V1_DML_APD\Debug\Obj\i2cm. #
#                            r66"                                              #
#                            "D:\Projects\Coset\Project_SKT_3G_ST_SFP_2021\2.  #
#                            SW\1.FW\SFP_PLUS_3G_ER_V1_DML_APD\Debug\Obj\i2cs_ #
#                            asm.r66"                                          #
#                            "D:\Projects\Coset\Project_SKT_3G_ST_SFP_2021\2.  #
#                            SW\1.FW\SFP_PLUS_3G_ER_V1_DML_APD\Debug\Obj\i2csl #
#                            ave.r66"                                          #
#                            "D:\Projects\Coset\Project_SKT_3G_ST_SFP_2021\2.  #
#                            SW\1.FW\SFP_PLUS_3G_ER_V1_DML_APD\Debug\Obj\initi #
#                            alization.r66"                                    #
#                            "D:\Projects\Coset\Project_SKT_3G_ST_SFP_2021\2.  #
#                            SW\1.FW\SFP_PLUS_3G_ER_V1_DML_APD\Debug\Obj\isr.r #
#                            66"                                               #
#                            "D:\Projects\Coset\Project_SKT_3G_ST_SFP_2021\2.  #
#                            SW\1.FW\SFP_PLUS_3G_ER_V1_DML_APD\Debug\Obj\lowin #
#                            it.r66"                                           #
#                            "D:\Projects\Coset\Project_SKT_3G_ST_SFP_2021\2.  #
#                            SW\1.FW\SFP_PLUS_3G_ER_V1_DML_APD\Debug\Obj\main. #
#                            r66"                                              #
#                            "D:\Projects\Coset\Project_SKT_3G_ST_SFP_2021\2.  #
#                            SW\1.FW\SFP_PLUS_3G_ER_V1_DML_APD\Debug\Obj\mcu_c #
#                            onvert.r66"                                       #
#                            "D:\Projects\Coset\Project_SKT_3G_ST_SFP_2021\2.  #
#                            SW\1.FW\SFP_PLUS_3G_ER_V1_DML_APD\Debug\Obj\memor #
#                            y_access.r66"                                     #
#                            "D:\Projects\Coset\Project_SKT_3G_ST_SFP_2021\2.  #
#                            SW\1.FW\SFP_PLUS_3G_ER_V1_DML_APD\Debug\Obj\monit #
#                            or.r66"                                           #
#                            "D:\Projects\Coset\Project_SKT_3G_ST_SFP_2021\2.  #
#                            SW\1.FW\SFP_PLUS_3G_ER_V1_DML_APD\Debug\Obj\pwm.r #
#                            66"                                               #
#                            "D:\Projects\Coset\Project_SKT_3G_ST_SFP_2021\2.  #
#                            SW\1.FW\SFP_PLUS_3G_ER_V1_DML_APD\Debug\Obj\state #
#                            _transition.r66"                                  #
#                            "D:\Projects\Coset\Project_SKT_3G_ST_SFP_2021\2.  #
#                            SW\1.FW\SFP_PLUS_3G_ER_V1_DML_APD\Debug\Obj\tec.r #
#                            66"                                               #
#                            "D:\Projects\Coset\Project_SKT_3G_ST_SFP_2021\2.  #
#                            SW\1.FW\SFP_PLUS_3G_ER_V1_DML_APD\Debug\Obj\timer #
#                            .r66"                                             #
#                            "D:\Projects\Coset\Project_SKT_3G_ST_SFP_2021\2.  #
#                            SW\1.FW\SFP_PLUS_3G_ER_V1_DML_APD\Debug\Obj\tosa_ #
#                            control.r66"                                      #
#                            "D:\Projects\Coset\Project_SKT_3G_ST_SFP_2021\2.  #
#                            SW\1.FW\SFP_PLUS_3G_ER_V1_DML_APD\Debug\Obj\twm.r #
#                            66"                                               #
#                            -o                                                #
#                            "D:\Projects\Coset\Project_SKT_3G_ST_SFP_2021\2.  #
#                            SW\1.FW\SFP_PLUS_3G_ER_V1_DML_APD\Debug\Exe\SFP_P #
#                            LUS_3G_ER_V1_DML_PIN_GN1157_Release_Ver_01_0_HW_V #
#                            2_WM1411_210408.hex"                              #
#                            -Fintel-standard -l                               #
#                            "D:\Projects\Coset\Project_SKT_3G_ST_SFP_2021\2.  #
#                            SW\1.FW\SFP_PLUS_3G_ER_V1_DML_APD\Debug\List\SFP_ #
#                            PLUS_3G_ER_V1_DML_PIN_GN1157_Release_Ver_01_0_HW_ #
#                            V2_WM1411_210408.map"                             #
#                            -xms                                              #
#                            "-IC:\Program Files (x86)\IAR Systems\Embedded Wo #
#                            rkbench 4.6\MAXQ\LIB\"                            #
#                            -f                                                #
#                            "D:\Projects\Coset\Project_SKT_3G_ST_SFP_2021\2.  #
#                            SW\1.FW\SFP_PLUS_3G_ER_V1_DML_APD\Source\Customiz #
#                            ed\lnkds4835.xcl"                                 #
#                            (-cmaxq -Z(CODE)RESET=0-1F -Z(CODE)RCODE=20-11F   #
#                            -Z(DATA)DATA16_C,DATA8_ID,DATA16_ID,CHECKSUM,CONS #
#                            T=8120-87E0                                       #
#                            -Z(CODE)CDATA16_C,CDATA16_ID,CDATA8_ID,CCHECKSUM, #
#                            CCONST=120-7E0                                    #
#                            -QDATA16_C=CDATA16_C -QDATA16_ID=CDATA16_ID       #
#                            -QDATA8_ID=CDATA8_ID -QCHECKSUM=CCHECKSUM         #
#                            -QCONST=CCONST -P(CODE)CODE=0-FFFF                #
#                            -P(CODE)FARCODE=10000-1FFFF                       #
#                            -P(CODE)LCODE=0-1FFFF                             #
#                            -Z(DATA)DATA8_I,DATA8_Z,DATA8_N=2-FF              #
#                            -Z(DATA)DATA16_I,DATA16_Z,DATA16_N=2-FE0          #
#                            -Z(DATA)CSTACK+_CSTACK_SIZE#400-FE0               #
#                            -Z(DATA)HEAP+_HEAP_SIZE=400-FE0                   #
#                            -D?UTIL_MOVE_DP0=10976                            #
#                            -D?UTIL_MOVE_DP0_INC=1097C                        #
#                            -D?UTIL_MOVE_DP0_DEC=10982                        #
#                            -D?UTIL_MOVE_DP1=10988                            #
#                            -D?UTIL_MOVE_DP1_INC=1098E                        #
#                            -D?UTIL_MOVE_DP1_DEC=10994                        #
#                            -D?UTIL_MOVE_FP=1099A -D?UTIL_MOVE_FP_INC=109A0   #
#                            -D?UTIL_MOVE_FP_DEC=109A6) -n -f                  #
#                            "C:\Program Files (x86)\IAR Systems\Embedded Work #
#                            bench 4.6\MAXQ\config\hwmul_mod3.xcl"             #
#                            (-e?UC_MUL_HWM3=?UC_MUL_L01                       #
#                            -e?US_MUL_HWM3=?US_MUL_L02                        #
#                            -e?UL_MUL_HWM3=?UL_MUL_L03                        #
#                            -e?F_MUL_HWM3=?F_MUL_L04                          #
#                            -e?F_DIV_HWM3=?F_DIV_L04) -s __program_start      #
#                            "C:\Program Files (x86)\IAR Systems\Embedded Work #
#                            bench 4.6\MAXQ\LIB\CLIB\clmaxq20mslc.r66"         #
#                            -D_CSTACK_SIZE=32 -D_HEAP_SIZE=64                 #
#                                                                              #
#                           Copyright (C) 1987-2016 IAR Systems AB.            #
################################################################################





                ****************************************
                *                                      *
                *           CROSS REFERENCE            *
                *                                      *
                ****************************************

       Program entry at : CODE      0000  Relocatable, from module : __CSTARTUP__




                ****************************************
                *                                      *
                *            RUNTIME MODEL             *
                *                                      *
                ****************************************

  __accumulators  = 16+
  __code_model    = s
  __const_in_code = 1
  __cpu_core      = MAXQ20
  __data_model    = l
  __rt_version    = 2

                ****************************************
                *                                      *
                *    AUTOMATIC SYMBOL REDIRECTIONS     *
                *                                      *
                ****************************************

                  There are no automatic symbol redirections.



                ****************************************
                *                                      *
                *              MODULE MAP              *
                *                                      *
                ****************************************


  DEFINED ABSOLUTE ENTRIES
    *************************************************************************

  DEFINED ABSOLUTE ENTRIES
  PROGRAM MODULE, NAME : ?ABS_ENTRY_MOD

Absolute parts
           ENTRY                   ADDRESS         REF BY
           =====                   =======         ======
           _HEAP_SIZE              0064 
           _CSTACK_SIZE            0032 
           ?UTIL_MOVE_FP_DEC       000109A6 
           ?UTIL_MOVE_FP_INC       000109A0 
           ?UTIL_MOVE_FP           0001099A 
           ?UTIL_MOVE_DP1_DEC      00010994 
           ?UTIL_MOVE_DP1_INC      0001098E        ?cstart_init_copy (?cstart_init_copy)
           ?UTIL_MOVE_DP1          00010988 
           ?UTIL_MOVE_DP0_DEC      00010982        Segment part 104 (mcu_convert)
                                                   Segment part 61 (memory_access)
           ?UTIL_MOVE_DP0_INC      0001097C        Segment part 104 (mcu_convert)
                                                   Segment part 61 (memory_access)
           ?UTIL_MOVE_DP0          00010976        DDM_Read (ddm)
                                                   I2C_Slave_Stop (i2cslave)
                                                   LdControl (tosa_control)
                                                   Segment part 100 (state_transition)
                                                   Segment part 102 (state_transition)
                                                   Segment part 103 (mcu_convert)
                                                   Segment part 103 (state_transition)
                                                   Segment part 104 (state_transition)
                                                   Segment part 107 (state_transition)
                                                   Segment part 114 (mcu_convert)
                                                   Segment part 115 (mcu_convert)
                                                   Segment part 120 (mcu_convert)
                                                   Segment part 20 (i2cm)
                                                   Segment part 24 (tosa_control)
                                                   Segment part 36 (i2cslave)
                                                   Segment part 51 (tosa_control)
                                                   Segment part 53 (tosa_control)
                                                   Segment part 54 (tosa_control)
                                                   Segment part 55 (tosa_control)
                                                   Segment part 56 (tosa_control)
                                                   Segment part 57 (state_transition)
                                                   Segment part 58 (board)
                                                   Segment part 62 (tosa_control)
                                                   Segment part 64 (memory_access)
                                                   Segment part 65 (memory_access)
                                                   Segment part 66 (memory_access)
                                                   Segment part 72 (state_transition)
                                                   Segment part 73 (state_transition)
                                                   Segment part 74 (memory_access)
                                                   Segment part 75 (state_transition)
                                                   Segment part 76 (memory_access)
                                                   Segment part 78 (memory_access)
                                                   Segment part 79 (memory_access)
                                                   Segment part 83 (tosa_control)
                                                   Segment part 87 (tosa_control)
                                                   Segment part 96 (state_transition)
                                                   Segment part 98 (state_transition)
                                                   Segment part 99 (state_transition)
                                                   TECC_Init (board)
                                                   TEC_Control_APC_3 (tosa_control)
                                                   TempCalibration_adjusted (ddm)
                                                   cal_Temp_Slope_Offset (state_transition)
                                                   detect_channel_thr_alarm (state_transition)
                                                   exec_upper_page2_memory (memory_access)
                                                   exec_upper_page80H_memory (memory_access)
                                                   get_reg_memory (memory_access)
                                                   high_power_up_action (state_transition)
                                                   load_init_data_from_flash (mcu_convert)
                                                   memcpy (?MEMCPY)
                                                   polled_write_entry (memory_access)
                                                   restore_memory_from_flash_all (mcu_convert)
                                                   rx_cdr_forced_mute_enable (mcu_convert)
                                                   rx_cdr_init (mcu_convert)
                                                   save_memory_to_flash_tx_rx_cdr (mcu_convert)
                                                   sfp28_state_fault (state_transition)
                                                   tx_cdr_init (tosa_control)
                                                   update_rate_select_operation (state_transition)
                                                   wavelength_info_set (tosa_control)
    *************************************************************************

  FILE NAME : D:\Projects\Coset\Project_SKT_3G_ST_SFP_2021\2. SW\1.FW\SFP_PLUS_3G_ER_V1_DML_APD\Debug\Obj\Q20_floatMACLIB_ieee754.r66
  LIBRARY MODULE, NAME : ?F_MUL_HW

  SEGMENTS IN THE MODULE
  ======================
__aseg
  Relative segment, address: CODE 0000, align: 0
  Segment part 1. ROOT 
    -------------------------------------------------------------------------
<CODE> 3 (was CODE)
  Relative segment, address: CODE 4502 - 457D (0x7c bytes), align: 1
  Segment part 4.
           ENTRY                   ADDRESS         REF BY
           =====                   =======         ======
           ?F_MUL_HWM3             4502            Segment part 62 (state_transition)
                                                   Segment part 68 (state_transition)
                                                   Segment part 69 (state_transition)
                                                   Segment part 70 (state_transition)
                                                   TempCalibration_adjusted (ddm)
                                                   ddm_mon_rx_power (state_transition)
                                                   ddm_mon_tx_bias (state_transition)
                                                   ddm_mon_tx_power (state_transition)

    -------------------------------------------------------------------------
  LIBRARY MODULE, NAME : ?F_DIV_HW

  SEGMENTS IN THE MODULE
  ======================
__aseg
  Relative segment, address: CODE 0000, align: 0
  Segment part 1. ROOT 
    -------------------------------------------------------------------------
<CODE> 3 (was CODE)
  Relative segment, address: CODE 3C5A - 3D97 (0x13e bytes), align: 1
  Segment part 4.
           ENTRY                   ADDRESS         REF BY
           =====                   =======         ======
           ?F_DIV_HWM3             3C5A            Segment part 43 (memory_access)
                                                   Segment part 61 (state_transition)

    -------------------------------------------------------------------------
  LIBRARY MODULE, NAME : Float_Common

  SEGMENTS IN THE MODULE
  ======================
__aseg
  Relative segment, address: CODE 0000, align: 0
  Segment part 1. ROOT 
    -------------------------------------------------------------------------
<CODE> 3 (was CODE)
  Relative segment, address: CODE 3D98 - 3ED1 (0x13a bytes), align: 1
  Segment part 2.
           ENTRY                   ADDRESS         REF BY
           =====                   =======         ======
           Q20_Float_Final         3EC4            Segment part 2 (F_ADD_L04)
           Q20_Float_Init          3DB4            ?F_DIV_HWM3 (?F_DIV_HW)
                                                   ?F_MUL_HWM3 (?F_MUL_HW)
                                                   Segment part 2 (F_ADD_L04)
           Q20_Float_Wrap          3E6A            ?F_DIV_HWM3 (?F_DIV_HW)
                                                   ?F_MUL_HWM3 (?F_MUL_HW)
                                                   Segment part 2 (F_ADD_L04)
           set_ind                 3DAC            ?F_DIV_HWM3 (?F_DIV_HW)
                                                   ?F_MUL_HWM3 (?F_MUL_HW)
                                                   Segment part 2 (F_ADD_L04)
           set_inf                 3D9C            ?F_DIV_HWM3 (?F_DIV_HW)
                                                   ?F_MUL_HWM3 (?F_MUL_HW)
           set_zero                3D98            ?F_DIV_HWM3 (?F_DIV_HW)
                                                   ?F_MUL_HWM3 (?F_MUL_HW)

    *************************************************************************

  FILE NAME : D:\Projects\Coset\Project_SKT_3G_ST_SFP_2021\2. SW\1.FW\SFP_PLUS_3G_ER_V1_DML_APD\Debug\Obj\adc.r66
  PROGRAM MODULE, NAME : adc

  SEGMENTS IN THE MODULE
  ======================
DATA16_SFR
  Relative segment, address: IDATA 0100 - 0101 (0x2 bytes), align: 0
  Segment part 1. ROOT 
           ENTRY                   ADDRESS         REF BY
           =====                   =======         ======
           _A_ADCN                 0100 
    -------------------------------------------------------------------------
DATA16_SFR
  Relative segment, address: IDATA 0104 - 0105 (0x2 bytes), align: 0
  Segment part 2. ROOT 
           ENTRY                   ADDRESS         REF BY
           =====                   =======         ======
           ADDATA                  0104 
    -------------------------------------------------------------------------
<CODE> 3 (was CODE)
  Relative segment, address: CODE 4C48 - 4C6F (0x28 bytes), align: 1
  Segment part 4.
           ENTRY                   ADDRESS         REF BY
           =====                   =======         ======
           ADC_Config              4C48            Segment part 51 (board)
    -------------------------------------------------------------------------
<CODE> 3 (was CODE)
  Relative segment, address: CODE 4BF4 - 4C1D (0x2a bytes), align: 1
  Segment part 5.
           ENTRY                   ADDRESS         REF BY
           =====                   =======         ======
           ADC_Channel_Config      4BF4            ADC_Init (board)
                                                   Segment part 52 (board)
    -------------------------------------------------------------------------
<CODE> 3 (was CODE)
  Relative segment, address: CODE 4C94 - 4CB7 (0x24 bytes), align: 1
  Segment part 6.
           ENTRY                   ADDRESS         REF BY
           =====                   =======         ======
           ADC_ReadOut             4C94            DDM_Read (ddm)
                                                   Segment part 36 (ddm)
                                                   ddm_mon_rx_power (state_transition)
                                                   ddm_mon_tx_power (state_transition)
                                                   exec_upper_page2_memory (memory_access)
                                                   high_power_up_action (state_transition)

    *************************************************************************

  FILE NAME : D:\Projects\Coset\Project_SKT_3G_ST_SFP_2021\2. SW\1.FW\SFP_PLUS_3G_ER_V1_DML_APD\Debug\Obj\alarm_warning.r66
  PROGRAM MODULE, NAME : alarm_warning

  SEGMENTS IN THE MODULE
  ======================
<CODE> 3 (was CODE)
  Relative segment, address: CODE 4F72 - 4F73 (0x2 bytes), align: 1
  Segment part 2.
           ENTRY                   ADDRESS         REF BY
           =====                   =======         ======
           SetUnsignedAlarmsAndWarnings
                                   4F72            DDM_Read (ddm)
    -------------------------------------------------------------------------
<CODE> 2 (was CODE)
  Relative segment, address: CODE 010E - 011F (0x12 bytes), align: 1
  Segment part 5.
           ENTRY                   ADDRESS         REF BY
           =====                   =======         ======
           Clear_TXF_Status        010E            Segment part 46 (board)
               calls direct
               CSTACK = 00000000 ( 00000002 )

    *************************************************************************

  FILE NAME : D:\Projects\Coset\Project_SKT_3G_ST_SFP_2021\2. SW\1.FW\SFP_PLUS_3G_ER_V1_DML_APD\Debug\Obj\board.r66
  PROGRAM MODULE, NAME : board

  SEGMENTS IN THE MODULE
  ======================
DATA16_SFR
  Relative segment, address: IDATA 020C - 020C (0x1 bytes), align: 0
  Segment part 1. ROOT 
           ENTRY                   ADDRESS         REF BY
           =====                   =======         ======
           _A_IMR                  020C 
    -------------------------------------------------------------------------
DATA16_SFR
  Relative segment, address: IDATA 0000 - 0001 (0x2 bytes), align: 0
  Segment part 2. ROOT 
           ENTRY                   ADDRESS         REF BY
           =====                   =======         ======
           _A_PO2                  0000 
    -------------------------------------------------------------------------
DATA16_SFR
  Relative segment, address: IDATA 0002 - 0003 (0x2 bytes), align: 0
  Segment part 3. ROOT 
           ENTRY                   ADDRESS         REF BY
           =====                   =======         ======
           _A_PO1                  0002 
    -------------------------------------------------------------------------
DATA16_SFR
  Relative segment, address: IDATA 0004 - 0005 (0x2 bytes), align: 0
  Segment part 4. ROOT 
           ENTRY                   ADDRESS         REF BY
           =====                   =======         ======
           _A_PO0                  0004 
    -------------------------------------------------------------------------
DATA16_SFR
  Relative segment, address: IDATA 0006 - 0007 (0x2 bytes), align: 0
  Segment part 5. ROOT 
           ENTRY                   ADDRESS         REF BY
           =====                   =======         ======
           _A_EIF2                 0006 
    -------------------------------------------------------------------------
DATA16_SFR
  Relative segment, address: IDATA 0008 - 0009 (0x2 bytes), align: 0
  Segment part 6. ROOT 
           ENTRY                   ADDRESS         REF BY
           =====                   =======         ======
           _A_EIF1                 0008 
    -------------------------------------------------------------------------
DATA16_SFR
  Relative segment, address: IDATA 0010 - 0011 (0x2 bytes), align: 0
  Segment part 7. ROOT 
           ENTRY                   ADDRESS         REF BY
           =====                   =======         ======
           _A_PI2                  0010 
    -------------------------------------------------------------------------
DATA16_SFR
  Relative segment, address: IDATA 0012 - 0013 (0x2 bytes), align: 0
  Segment part 8. ROOT 
           ENTRY                   ADDRESS         REF BY
           =====                   =======         ======
           _A_PI1                  0012 
    -------------------------------------------------------------------------
DATA16_SFR
  Relative segment, address: IDATA 001A - 001B (0x2 bytes), align: 0
  Segment part 9. ROOT 
           ENTRY                   ADDRESS         REF BY
           =====                   =======         ======
           _A_EIE2                 001A 
    -------------------------------------------------------------------------
DATA16_SFR
  Relative segment, address: IDATA 001C - 001D (0x2 bytes), align: 0
  Segment part 10. ROOT 
           ENTRY                   ADDRESS         REF BY
           =====                   =======         ======
           _A_EIE1                 001C 
    -------------------------------------------------------------------------
DATA16_SFR
  Relative segment, address: IDATA 0020 - 0021 (0x2 bytes), align: 0
  Segment part 11. ROOT 
           ENTRY                   ADDRESS         REF BY
           =====                   =======         ======
           _A_PD2                  0020 
    -------------------------------------------------------------------------
DATA16_SFR
  Relative segment, address: IDATA 0022 - 0023 (0x2 bytes), align: 0
  Segment part 12. ROOT 
           ENTRY                   ADDRESS         REF BY
           =====                   =======         ======
           _A_PD1                  0022 
    -------------------------------------------------------------------------
DATA16_SFR
  Relative segment, address: IDATA 0024 - 0025 (0x2 bytes), align: 0
  Segment part 13. ROOT 
           ENTRY                   ADDRESS         REF BY
           =====                   =======         ======
           _A_PD0                  0024 
    -------------------------------------------------------------------------
DATA16_SFR
  Relative segment, address: IDATA 0026 - 0027 (0x2 bytes), align: 0
  Segment part 14. ROOT 
           ENTRY                   ADDRESS         REF BY
           =====                   =======         ======
           _A_EIES2                0026 
    -------------------------------------------------------------------------
DATA16_SFR
  Relative segment, address: IDATA 0028 - 0029 (0x2 bytes), align: 0
  Segment part 15. ROOT 
           ENTRY                   ADDRESS         REF BY
           =====                   =======         ======
           _A_EIES1                0028 
    -------------------------------------------------------------------------
DATA16_SFR
  Relative segment, address: IDATA 002C - 002D (0x2 bytes), align: 0
  Segment part 16. ROOT 
           ENTRY                   ADDRESS         REF BY
           =====                   =======         ======
           _A_PLACNT1              002C 
    -------------------------------------------------------------------------
DATA16_SFR
  Relative segment, address: IDATA 002E - 002F (0x2 bytes), align: 0
  Segment part 17. ROOT 
           ENTRY                   ADDRESS         REF BY
           =====                   =======         ======
           PLADAT1                 002E 
    -------------------------------------------------------------------------
DATA16_SFR
  Relative segment, address: IDATA 0030 - 0031 (0x2 bytes), align: 0
  Segment part 18. ROOT 
           ENTRY                   ADDRESS         REF BY
           =====                   =======         ======
           _A_PLACNT2              0030 
    -------------------------------------------------------------------------
DATA16_SFR
  Relative segment, address: IDATA 0032 - 0033 (0x2 bytes), align: 0
  Segment part 19. ROOT 
           ENTRY                   ADDRESS         REF BY
           =====                   =======         ======
           PLADAT2                 0032 
    -------------------------------------------------------------------------
DATA16_SFR
  Relative segment, address: IDATA 0034 - 0035 (0x2 bytes), align: 0
  Segment part 20. ROOT 
           ENTRY                   ADDRESS         REF BY
           =====                   =======         ======
           _A_PLACNT3              0034 
    -------------------------------------------------------------------------
DATA16_SFR
  Relative segment, address: IDATA 0036 - 0037 (0x2 bytes), align: 0
  Segment part 21. ROOT 
           ENTRY                   ADDRESS         REF BY
           =====                   =======         ======
           PLADAT3                 0036 
    -------------------------------------------------------------------------
DATA16_SFR
  Relative segment, address: IDATA 005A - 005B (0x2 bytes), align: 0
  Segment part 22. ROOT 
           ENTRY                   ADDRESS         REF BY
           =====                   =======         ======
           _A_TECCN1               005A 
    -------------------------------------------------------------------------
DATA16_SFR
  Relative segment, address: IDATA 007C - 007D (0x2 bytes), align: 0
  Segment part 23. ROOT 
           ENTRY                   ADDRESS         REF BY
           =====                   =======         ======
           NORMV                   007C 
    -------------------------------------------------------------------------
DATA16_SFR
  Relative segment, address: IDATA 0102 - 0103 (0x2 bytes), align: 0
  Segment part 25. ROOT 
           ENTRY                   ADDRESS         REF BY
           =====                   =======         ======
           _A_ADST                 0102 
    -------------------------------------------------------------------------
DATA16_SFR
  Relative segment, address: IDATA 0110 - 0111 (0x2 bytes), align: 0
  Segment part 26. ROOT 
           ENTRY                   ADDRESS         REF BY
           =====                   =======         ======
           _A_TEMPCN               0110 
    -------------------------------------------------------------------------
DATA16_SFR
  Relative segment, address: IDATA 012C - 012D (0x2 bytes), align: 0
  Segment part 27. ROOT 
           ENTRY                   ADDRESS         REF BY
           =====                   =======         ======
           _A_IEN0                 012C 
    -------------------------------------------------------------------------
DATA16_SFR
  Relative segment, address: IDATA 012E - 012F (0x2 bytes), align: 0
  Segment part 28. ROOT 
           ENTRY                   ADDRESS         REF BY
           =====                   =======         ======
           _A_IEN1                 012E 
    -------------------------------------------------------------------------
DATA16_SFR
  Relative segment, address: IDATA 0130 - 0131 (0x2 bytes), align: 0
  Segment part 29. ROOT 
           ENTRY                   ADDRESS         REF BY
           =====                   =======         ======
           _A_IEN2                 0130 
    -------------------------------------------------------------------------
DATA16_SFR
  Relative segment, address: IDATA 0134 - 0135 (0x2 bytes), align: 0
  Segment part 30. ROOT 
           ENTRY                   ADDRESS         REF BY
           =====                   =======         ======
           _A_INRSH                0134 
    -------------------------------------------------------------------------
DATA16_SFR
  Relative segment, address: IDATA 021E - 021F (0x2 bytes), align: 0
  Segment part 31. ROOT 
           ENTRY                   ADDRESS         REF BY
           =====                   =======         ======
           _A_WDCN                 021E 
    -------------------------------------------------------------------------
DATA16_SFR
  Relative segment, address: IDATA 006C - 006C (0x1 bytes), align: 0
  Segment part 32. ROOT 
           ENTRY                   ADDRESS         REF BY
           =====                   =======         ======
           GP_REG1                 006C 
    -------------------------------------------------------------------------
DATA16_AN
  Relative segment, address: DATA 0100 - 01FF (0x100 bytes), align: 0
  Segment part 33. ROOT       Intra module refs:   I2C_Slave_Buffer_A2
           ENTRY                   ADDRESS         REF BY
           =====                   =======         ======
           I2C_Slave_Buffer_A0_Local_Memory
                                   0100 
    -------------------------------------------------------------------------
DATA16_AN
  Relative segment, address: DATA 0200 - 027F (0x80 bytes), align: 0
  Segment part 34. ROOT       Intra module refs:   I2C_Slave_Buffer_A2_Pn_Up
           ENTRY                   ADDRESS         REF BY
           =====                   =======         ======
           I2C_Slave_Buffer_A2     0200 
    -------------------------------------------------------------------------
DATA16_AN
  Relative segment, address: DATA 0280 - 02FF (0x80 bytes), align: 0
  Segment part 35. ROOT       Intra module refs:   write_i2c_list
           ENTRY                   ADDRESS         REF BY
           =====                   =======         ======
           I2C_Slave_Buffer_A2_Pn_Up
                                   0280 
    -------------------------------------------------------------------------
DATA16_AN
  Relative segment, address: DATA 0300 - 03FF (0x100 bytes), align: 0
  Segment part 36. ROOT       Intra module refs:   I2C_Rx_Buffer
           ENTRY                   ADDRESS         REF BY
           =====                   =======         ======
           write_i2c_list          0300 
    -------------------------------------------------------------------------
DATA16_AN
  Relative segment, address: DATA 0400 - 04FF (0x100 bytes), align: 0
  Segment part 37. ROOT       Intra module refs:   I2C_Slave_Buffer_A2_P00H_Up
           ENTRY                   ADDRESS         REF BY
           =====                   =======         ======
           I2C_Rx_Buffer           0400 
    -------------------------------------------------------------------------
DATA16_AN
  Relative segment, address: DATA 0500 - 057F (0x80 bytes), align: 0
  Segment part 38. ROOT       Intra module refs:   I2C_Slave_Buffer_A2_P01H_Up
           ENTRY                   ADDRESS         REF BY
           =====                   =======         ======
           I2C_Slave_Buffer_A2_P00H_Up
                                   0500 
    -------------------------------------------------------------------------
DATA16_AN
  Relative segment, address: DATA 0580 - 05FF (0x80 bytes), align: 0
  Segment part 39. ROOT       Intra module refs:   I2C_Slave_Buffer_A2_P02H_Up
           ENTRY                   ADDRESS         REF BY
           =====                   =======         ======
           I2C_Slave_Buffer_A2_P01H_Up
                                   0580 
    -------------------------------------------------------------------------
DATA16_AN
  Relative segment, address: DATA 0600 - 067F (0x80 bytes), align: 0
  Segment part 40. ROOT       Intra module refs:   I2C_Slave_Buffer_A2_P80H_Up
           ENTRY                   ADDRESS         REF BY
           =====                   =======         ======
           I2C_Slave_Buffer_A2_P02H_Up
                                   0600 
    -------------------------------------------------------------------------
DATA16_AN
  Relative segment, address: DATA 0680 - 06FF (0x80 bytes), align: 0
  Segment part 41. ROOT       Intra module refs:   I2C_Slave_Buffer_A2_P81H_Up
           ENTRY                   ADDRESS         REF BY
           =====                   =======         ======
           I2C_Slave_Buffer_A2_P80H_Up
                                   0680 
    -------------------------------------------------------------------------
DATA16_AN
  Relative segment, address: DATA 0700 - 077F (0x80 bytes), align: 0
  Segment part 42. ROOT       Intra module refs:   I2C_Slave_Buffer_A2_P82H_Up (i2cslave)
           ENTRY                   ADDRESS         REF BY
           =====                   =======         ======
           I2C_Slave_Buffer_A2_P81H_Up
                                   0700 
    -------------------------------------------------------------------------
DATA16_Z
  Relative segment, address: DATA 0900 - 0901 (0x2 bytes), align: 1
  Segment part 44.            Intra module refs:   MasterI2CArbitration
    -------------------------------------------------------------------------
<CODE> 3 (was CODE)
  Relative segment, address: CODE 41D6 - 429B (0xc6 bytes), align: 1
  Segment part 46. ROOT 
           ENTRY                   ADDRESS         REF BY
           =====                   =======         ======
           ?ISR0                   41D6            ?INTERRUPT0 (?INTERRUPT0)
           TXD_Interrupt           41D6 
               interrupt function
               calls direct
               CSTACK = 00000000 ( 00000020 )
    -------------------------------------------------------------------------
<CODE> 3 (was CODE)
  Relative segment, address: CODE 4DD4 - 4DE9 (0x16 bytes), align: 1
  Segment part 47.
           ENTRY                   ADDRESS         REF BY
           =====                   =======         ======
           WATCHDOG_Init           4DD4            Board_Init (initialization)
    -------------------------------------------------------------------------
<CODE> 3 (was CODE)
  Relative segment, address: CODE 4F66 - 4F6B (0x6 bytes), align: 1
  Segment part 48.
           ENTRY                   ADDRESS         REF BY
           =====                   =======         ======
           INRUSH_Init             4F66            Initialization (initialization)
    -------------------------------------------------------------------------
<CODE> 3 (was CODE)
  Relative segment, address: CODE 4A8C - 4AC5 (0x3a bytes), align: 1
  Segment part 49.
           ENTRY                   ADDRESS         REF BY
           =====                   =======         ======
           GPIO_Init               4A8C            Initialization (initialization)
    -------------------------------------------------------------------------
<CODE> 3 (was CODE)
  Relative segment, address: CODE 43F4 - 447B (0x88 bytes), align: 1
  Segment part 50.
           ENTRY                   ADDRESS         REF BY
           =====                   =======         ======
           ADC_Init                43F4            Board_Init (initialization)
               calls direct
               CSTACK = 00000000 ( 00000002 )
    -------------------------------------------------------------------------
<CODE> 3 (was CODE)
  Relative segment, address: CODE 4F4E - 4F55 (0x8 bytes), align: 1
  Segment part 51.            Intra module refs:   ADC_Init
    -------------------------------------------------------------------------
<CODE> 3 (was CODE)
  Relative segment, address: CODE 4EB0 - 4EBD (0xe bytes), align: 1
  Segment part 52.            Intra module refs:   ADC_Init
    -------------------------------------------------------------------------
<CODE> 3 (was CODE)
  Relative segment, address: CODE 48E4 - 4921 (0x3e bytes), align: 1
  Segment part 53.
           ENTRY                   ADDRESS         REF BY
           =====                   =======         ======
           TXD_External_Interrupt_init
                                   48E4            sfp28_state_initialize (state_transition)
    -------------------------------------------------------------------------
<CODE> 3 (was CODE)
  Relative segment, address: CODE 3ED2 - 3FB5 (0xe4 bytes), align: 1
  Segment part 56.            Intra module refs:   TEC_Init
           ENTRY                   ADDRESS         REF BY
           =====                   =======         ======
           TECC_Init               3ED2 
               calls direct
               CSTACK = 00000000 ( 00000002 )
    -------------------------------------------------------------------------
<CODE> 3 (was CODE)
  Relative segment, address: CODE 3FB6 - 3FBD (0x8 bytes), align: 1
  Segment part 57.            Intra module refs:   TECC_Init
    -------------------------------------------------------------------------
<CODE> 3 (was CODE)
  Relative segment, address: CODE 3FBE - 3FC9 (0xc bytes), align: 1
  Segment part 58.            Intra module refs:   TECC_Init
    -------------------------------------------------------------------------
<CODE> 3 (was CODE)
  Relative segment, address: CODE 3FCA - 3FCB (0x2 bytes), align: 1
  Segment part 59.
           ENTRY                   ADDRESS         REF BY
           =====                   =======         ======
           APD_Init                3FCA            exec_upper_page81H_memory (memory_access)
                                                   sfp28_state_reset (state_transition)
    -------------------------------------------------------------------------
<CODE> 3 (was CODE)
  Relative segment, address: CODE 3FCC - 3FE1 (0x16 bytes), align: 1
  Segment part 65.
           ENTRY                   ADDRESS         REF BY
           =====                   =======         ======
           I2CMaster_Init          3FCC            Board_Init (initialization)
               calls direct
               CSTACK = 00000000 ( 00000002 )
    -------------------------------------------------------------------------
<CODE> 3 (was CODE)
  Relative segment, address: CODE 3FE2 - 3FEF (0xe bytes), align: 1
  Segment part 66.
           ENTRY                   ADDRESS         REF BY
           =====                   =======         ======
           TEC_Init                3FE2            exec_upper_page81H_memory (memory_access)
                                                   high_power_up_action (state_transition)
               calls direct
               CSTACK = 00000000 ( 00000002 )
    -------------------------------------------------------------------------
<CODE> 3 (was CODE)
  Relative segment, address: CODE 499E - 49DB (0x3e bytes), align: 1
  Segment part 67.
           ENTRY                   ADDRESS         REF BY
           =====                   =======         ======
           PLA_Init                499E            Board_Init (initialization)
    -------------------------------------------------------------------------
<CODE> 3 (was CODE)
  Relative segment, address: CODE 4E16 - 4E29 (0x14 bytes), align: 1
  Segment part 68.
           ENTRY                   ADDRESS         REF BY
           =====                   =======         ======
           PLA_Soft_TXD_Control    4E16            Segment part 47 (state_transition)
                                                   Segment part 49 (state_transition)
                                                   cdr_pmic_ch_control_reinit (tosa_control)
                                                   check_tx_dis (state_transition)
                                                   exec_upper_page2_memory (memory_access)
                                                   high_power_up_action (state_transition)
    -------------------------------------------------------------------------
<CODE> 3 (was CODE)
  Relative segment, address: CODE 4BC8 - 4BF3 (0x2c bytes), align: 1
  Segment part 71.
           ENTRY                   ADDRESS         REF BY
           =====                   =======         ======
           MasterI2CArbitration    4BC8            main (main)
               calls direct
               CSTACK = 00000000 ( 00000002 )
    -------------------------------------------------------------------------
DATA16_Z
  Relative segment, address: DATA 0902 - 0903 (0x2 bytes), align: 1
  Segment part 45.            Intra module refs:   MasterI2CArbitration

    *************************************************************************

  FILE NAME : D:\Projects\Coset\Project_SKT_3G_ST_SFP_2021\2. SW\1.FW\SFP_PLUS_3G_ER_V1_DML_APD\Debug\Obj\dc_dc.r66
  PROGRAM MODULE, NAME : dc_dc

  SEGMENTS IN THE MODULE
  ======================
DATA16_SFR
  Relative segment, address: IDATA 0182 - 0183 (0x2 bytes), align: 0
  Segment part 1. ROOT 
           ENTRY                   ADDRESS         REF BY
           =====                   =======         ======
           PICNT                   0182 
    -------------------------------------------------------------------------
DATA16_SFR
  Relative segment, address: IDATA 0184 - 0185 (0x2 bytes), align: 0
  Segment part 2. ROOT 
           ENTRY                   ADDRESS         REF BY
           =====                   =======         ======
           PIDATA                  0184 
    -------------------------------------------------------------------------
DATA16_SFR
  Relative segment, address: IDATA 0194 - 0195 (0x2 bytes), align: 0
  Segment part 3. ROOT 
           ENTRY                   ADDRESS         REF BY
           =====                   =======         ======
           VRDCDC                  0194 

    *************************************************************************

  FILE NAME : D:\Projects\Coset\Project_SKT_3G_ST_SFP_2021\2. SW\1.FW\SFP_PLUS_3G_ER_V1_DML_APD\Debug\Obj\ddm.r66
  PROGRAM MODULE, NAME : ddm

  SEGMENTS IN THE MODULE
  ======================
DATA16_SFR
  Relative segment, address: IDATA 011C - 011D (0x2 bytes), align: 0
  Segment part 2. ROOT 
           ENTRY                   ADDRESS         REF BY
           =====                   =======         ======
           ITEMP_DATA              011C 
    -------------------------------------------------------------------------
DATA16_SFR
  Relative segment, address: IDATA 0144 - 0145 (0x2 bytes), align: 0
  Segment part 3. ROOT 
           ENTRY                   ADDRESS         REF BY
           =====                   =======         ======
           IDCD1                   0144 
    -------------------------------------------------------------------------
DATA16_SFR
  Relative segment, address: IDATA 0146 - 0147 (0x2 bytes), align: 0
  Segment part 4. ROOT 
           ENTRY                   ADDRESS         REF BY
           =====                   =======         ======
           IDCD2                   0146 
    -------------------------------------------------------------------------
DATA16_SFR
  Relative segment, address: IDATA 014A - 014B (0x2 bytes), align: 0
  Segment part 5. ROOT 
           ENTRY                   ADDRESS         REF BY
           =====                   =======         ======
           IDCD3                   014A 
    -------------------------------------------------------------------------
DATA16_SFR
  Relative segment, address: IDATA 014C - 014D (0x2 bytes), align: 0
  Segment part 6. ROOT 
           ENTRY                   ADDRESS         REF BY
           =====                   =======         ======
           IDCD4                   014C 
    -------------------------------------------------------------------------
DATA16_SFR
  Relative segment, address: IDATA 0164 - 0165 (0x2 bytes), align: 0
  Segment part 7. ROOT 
           ENTRY                   ADDRESS         REF BY
           =====                   =======         ======
           _A_IDCN1                0164 
    -------------------------------------------------------------------------
DATA16_SFR
  Relative segment, address: IDATA 0166 - 0167 (0x2 bytes), align: 0
  Segment part 8. ROOT 
           ENTRY                   ADDRESS         REF BY
           =====                   =======         ======
           _A_IDCN2                0166 
    -------------------------------------------------------------------------
DATA16_SFR
  Relative segment, address: IDATA 016E - 016F (0x2 bytes), align: 0
  Segment part 9. ROOT 
           ENTRY                   ADDRESS         REF BY
           =====                   =======         ======
           _A_IDCN3                016E 
    -------------------------------------------------------------------------
DATA16_SFR
  Relative segment, address: IDATA 0170 - 0171 (0x2 bytes), align: 0
  Segment part 10. ROOT 
           ENTRY                   ADDRESS         REF BY
           =====                   =======         ======
           _A_IDCN4                0170 
    -------------------------------------------------------------------------
DATA16_Z
  Relative segment, address: DATA 0904 - 0905 (0x2 bytes), align: 1
  Segment part 22.            Intra module refs:   CalibConstantRead
           ENTRY                   ADDRESS         REF BY
           =====                   =======         ======
           unAdc_scale             0904 
    -------------------------------------------------------------------------
DATA16_Z
  Relative segment, address: DATA 0906 - 0907 (0x2 bytes), align: 1
  Segment part 23.            Intra module refs:   CalibConstantRead
           ENTRY                   ADDRESS         REF BY
           =====                   =======         ======
           sAdc_offset             0906 
    -------------------------------------------------------------------------
DATA16_Z
  Relative segment, address: DATA 0908 - 0909 (0x2 bytes), align: 1
  Segment part 24.            Intra module refs:   CalibConstantRead
                                                   TempCalibration
           ENTRY                   ADDRESS         REF BY
           =====                   =======         ======
           unTemp_scale            0908 
    -------------------------------------------------------------------------
DATA16_Z
  Relative segment, address: DATA 090A - 090B (0x2 bytes), align: 1
  Segment part 25.            Intra module refs:   CalibConstantRead
                                                   TempCalibration
           ENTRY                   ADDRESS         REF BY
           =====                   =======         ======
           sTemp_offset            090A 
    -------------------------------------------------------------------------
<CODE> 3 (was CODE)
  Relative segment, address: CODE 3AB2 - 3B4F (0x9e bytes), align: 1
  Segment part 31.
           ENTRY                   ADDRESS         REF BY
           =====                   =======         ======
           DDM_Read                3AB2            main (main)
               calls direct
               CSTACK = 00000000 ( 00000002 )
    -------------------------------------------------------------------------
<CODE> 3 (was CODE)
  Relative segment, address: CODE 3B50 - 3B79 (0x2a bytes), align: 1
  Segment part 32.            Intra module refs:   ProcessTemperature
           ENTRY                   ADDRESS         REF BY
           =====                   =======         ======
           TempCalibration         3B50 
    -------------------------------------------------------------------------
<CODE> 3 (was CODE)
  Relative segment, address: CODE 3B7A - 3C0D (0x94 bytes), align: 1
  Segment part 33.            Intra module refs:   ProcessTemperature
           ENTRY                   ADDRESS         REF BY
           =====                   =======         ======
           TempCalibration_adjusted
                                   3B7A 
               CSTACK = 00000000 ( 00000008 )
    -------------------------------------------------------------------------
<CODE> 3 (was CODE)
  Relative segment, address: CODE 3C0E - 3C1B (0xe bytes), align: 1
  Segment part 34.            Intra module refs:   TempCalibration
                                                   TempCalibration_adjusted
    -------------------------------------------------------------------------
<CODE> 3 (was CODE)
  Relative segment, address: CODE 3C1C - 3C59 (0x3e bytes), align: 1
  Segment part 35.            Intra module refs:   DDM_Read
           ENTRY                   ADDRESS         REF BY
           =====                   =======         ======
           ProcessTemperature      3C1C 
               calls direct
               CSTACK = 00000000 ( 00000004 )
    -------------------------------------------------------------------------
<CODE> 3 (was CODE)
  Relative segment, address: CODE 4ECA - 4ED5 (0xc bytes), align: 1
  Segment part 36.            Intra module refs:   DDM_Read
                                                   ProcessTemperature
    -------------------------------------------------------------------------
<CODE> 3 (was CODE)
  Relative segment, address: CODE 4866 - 48A5 (0x40 bytes), align: 1
  Segment part 38.
           ENTRY                   ADDRESS         REF BY
           =====                   =======         ======
           CalibConstantRead       4866            Memory_Init (memory_access)
               calls direct
               CSTACK = 00000000 ( 00000002 )
    -------------------------------------------------------------------------
<CODE> 3 (was CODE)
  Relative segment, address: CODE 4EFA - 4F03 (0xa bytes), align: 1
  Segment part 39. ROOT 
           ENTRY                   ADDRESS         REF BY
           =====                   =======         ======
           ?ISR4                   4EFA            ?INTERRUPT4 (?INTERRUPT4)
           SH_Interrupt            4EFA 
               interrupt function

    *************************************************************************

  FILE NAME : D:\Projects\Coset\Project_SKT_3G_ST_SFP_2021\2. SW\1.FW\SFP_PLUS_3G_ER_V1_DML_APD\Debug\Obj\ds_dac.r66
  PROGRAM MODULE, NAME : ds_dac

  SEGMENTS IN THE MODULE
  ======================
DATA16_SFR
  Relative segment, address: IDATA 0186 - 0187 (0x2 bytes), align: 0
  Segment part 1. ROOT 
           ENTRY                   ADDRESS         REF BY
           =====                   =======         ======
           DPDATA                  0186 
    -------------------------------------------------------------------------
DATA16_SFR
  Relative segment, address: IDATA 01BE - 01BF (0x2 bytes), align: 0
  Segment part 2. ROOT 
           ENTRY                   ADDRESS         REF BY
           =====                   =======         ======
           DPCN                    01BE 

    *************************************************************************

  FILE NAME : D:\Projects\Coset\Project_SKT_3G_ST_SFP_2021\2. SW\1.FW\SFP_PLUS_3G_ER_V1_DML_APD\Debug\Obj\flash.r66
  PROGRAM MODULE, NAME : flash

  SEGMENTS IN THE MODULE
  ======================
DATA16_SFR
  Relative segment, address: IDATA 020A - 020A (0x1 bytes), align: 0
  Segment part 1. ROOT 
           ENTRY                   ADDRESS         REF BY
           =====                   =======         ======
           _A_IC                   020A 
    -------------------------------------------------------------------------
DATA16_SFR
  Relative segment, address: IDATA 0052 - 0053 (0x2 bytes), align: 0
  Segment part 2. ROOT 
           ENTRY                   ADDRESS         REF BY
           =====                   =======         ======
           _A_SVM                  0052 
    -------------------------------------------------------------------------
<CODE> 3 (was CODE)
  Relative segment, address: CODE 457E - 458D (0x10 bytes), align: 1
  Segment part 5.             Intra module refs:   FlashReadBlock
    -------------------------------------------------------------------------
<CODE> 3 (was CODE)
  Relative segment, address: CODE 458E - 45F1 (0x64 bytes), align: 1
  Segment part 8.
           ENTRY                   ADDRESS         REF BY
           =====                   =======         ======
           CopySramToFlash         458E            Segment part 110 (mcu_convert)
                                                   Segment part 98 (mcu_convert)
                                                   factory_reset_eeprom_info (mcu_convert)
                                                   save_memory_to_flash_tx_rx_cdr (mcu_convert)
                                                   save_to_flash_memory (mcu_convert)
               calls direct
               CSTACK = 00000000 ( 0000000A )
    -------------------------------------------------------------------------
<CODE> 3 (was CODE)
  Relative segment, address: CODE 45F2 - 45F3 (0x2 bytes), align: 1
  Segment part 9.
           ENTRY                   ADDRESS         REF BY
           =====                   =======         ======
           FlashReadBlock          45F2            FLASH_Read (mcu_convert)
                                                   Segment part 122 (mcu_convert)
                                                   Segment part 124 (mcu_convert)
                                                   factory_reset_eeprom_info (mcu_convert)
                                                   restore_from_flash_memory (mcu_convert)
                                                   restore_memory_from_flash_all (mcu_convert)
               calls direct
               CSTACK = 00000000 ( 00000002 )

    *************************************************************************

  FILE NAME : D:\Projects\Coset\Project_SKT_3G_ST_SFP_2021\2. SW\1.FW\SFP_PLUS_3G_ER_V1_DML_APD\Debug\Obj\flash_asm.r66
  PROGRAM MODULE, NAME : flash_asm

  SEGMENTS IN THE MODULE
  ======================
<CODE> 3 (was CODE)
  Relative segment, address: CODE 4A52 - 4A8B (0x3a bytes), align: 1
  Segment part 2.
           ENTRY                   ADDRESS         REF BY
           =====                   =======         ======
           clear_block_in_flash    4A52            CopySramToFlash (flash)
    -------------------------------------------------------------------------
<CODE> 3 (was CODE)
  Relative segment, address: CODE 478C - 47DD (0x52 bytes), align: 1
  Segment part 4.
           ENTRY                   ADDRESS         REF BY
           =====                   =======         ======
           write_block_to_flash    478C            CopySramToFlash (flash)
    -------------------------------------------------------------------------
<CODE> 3 (was CODE)
  Relative segment, address: CODE 4F5E - 4F65 (0x8 bytes), align: 1
  Segment part 5.
           ENTRY                   ADDRESS         REF BY
           =====                   =======         ======
           Info_Read               4F5E            CalibConstantRead (ddm)
    -------------------------------------------------------------------------
<CODE> 3 (was CODE)
  Relative segment, address: CODE 48A6 - 48E3 (0x3e bytes), align: 1
  Segment part 6.
           ENTRY                   ADDRESS         REF BY
           =====                   =======         ======
           read_block_from_flash   48A6            Segment part 5 (flash)

    *************************************************************************

  FILE NAME : D:\Projects\Coset\Project_SKT_3G_ST_SFP_2021\2. SW\1.FW\SFP_PLUS_3G_ER_V1_DML_APD\Debug\Obj\hwmul.r66
  LIBRARY MODULE, NAME : ?MUL_HW

  SEGMENTS IN THE MODULE
  ======================
<CODE> 3 (was CODE)
  Relative segment, address: CODE 4B32 - 4B45 (0x14 bytes), align: 1
  Segment part 7.
           ENTRY                   ADDRESS         REF BY
           =====                   =======         ======
           ?SS_MUL_HWM3            4B32 
           ?US_MUL_HWM3            4B32            Segment part 32 (tosa_control)
                                                   Segment part 33 (tosa_control)
                                                   Segment part 37 (tosa_control)
                                                   TEC_Control_APC_3 (tosa_control)
    -------------------------------------------------------------------------
<CODE> 3 (was CODE)
  Relative segment, address: CODE 4B46 - 4B67 (0x22 bytes), align: 1
  Segment part 11.
           ENTRY                   ADDRESS         REF BY
           =====                   =======         ======
           ?SL_MUL_HWM3            4B46 
           ?UL_MUL_HWM3            4B46            DDM_Read (ddm)
                                                   Segment part 58 (tosa_control)
                                                   TempCalibration (ddm)

    *************************************************************************

  FILE NAME : D:\Projects\Coset\Project_SKT_3G_ST_SFP_2021\2. SW\1.FW\SFP_PLUS_3G_ER_V1_DML_APD\Debug\Obj\i2c_master_gpio.r66
  PROGRAM MODULE, NAME : i2c_master_gpio

  SEGMENTS IN THE MODULE
  ======================
<CODE> 3 (was CODE)
  Relative segment, address: CODE 4734 - 4753 (0x20 bytes), align: 1
  Segment part 13.
           ENTRY                   ADDRESS         REF BY
           =====                   =======         ======
           read_master_gpio_single_byte
                                   4734            LD_Drive_Set (tosa_control)
                                                   Segment part 80 (tosa_control)
                                                   detect_cdr_alarm (state_transition)
                                                   rx_cdr_init (mcu_convert)
               calls direct
               CSTACK = 00000000 ( 0000000A )
    -------------------------------------------------------------------------
<CODE> 3 (was CODE)
  Relative segment, address: CODE 4754 - 475B (0x8 bytes), align: 1
  Segment part 14.            Intra module refs:   read_master_gpio_single_byte
                                                   write_master_gpio_single_byte
    -------------------------------------------------------------------------
<CODE> 3 (was CODE)
  Relative segment, address: CODE 475C - 476B (0x10 bytes), align: 1
  Segment part 15.
           ENTRY                   ADDRESS         REF BY
           =====                   =======         ======
           read_master_gpio_multiple_bytes
                                   475C            Segment part 66 (tosa_control)
                                                   Segment part 71 (tosa_control)
                                                   polled_tx_rx_combo_cdr_reg_info (tosa_control)
                                                   rx_cdr_forced_mute_enable (mcu_convert)
               calls direct
               CSTACK = 00000000 ( 00000002 )
    -------------------------------------------------------------------------
<CODE> 3 (was CODE)
  Relative segment, address: CODE 476C - 478B (0x20 bytes), align: 1
  Segment part 16.
           ENTRY                   ADDRESS         REF BY
           =====                   =======         ======
           write_master_gpio_single_byte
                                   476C            LD_Drive_Set (tosa_control)
                                                   exec_upper_page80H_memory (memory_access)
                                                   exec_write_entry (memory_access)
               calls direct
               CSTACK = 00000000 ( 00000006 )
    -------------------------------------------------------------------------
<CODE> 3 (was CODE)
  Relative segment, address: CODE 4EEE - 4EF9 (0xc bytes), align: 1
  Segment part 17.            Intra module refs:   read_master_gpio_single_byte
                                                   write_master_gpio_single_byte
    -------------------------------------------------------------------------
<CODE> 3 (was CODE)
  Relative segment, address: CODE 4E94 - 4EA1 (0xe bytes), align: 1
  Segment part 20.            Intra module refs:   Segment part 17
                                                   Segment part 19
    -------------------------------------------------------------------------
<CODE> 3 (was CODE)
  Relative segment, address: CODE 4F46 - 4F4D (0x8 bytes), align: 1
  Segment part 19.            Intra module refs:   read_master_gpio_multiple_bytes
                                                   write_master_gpio_multiple_bytes
    -------------------------------------------------------------------------
<CODE> 3 (was CODE)
  Relative segment, address: CODE 4E3E - 4E4D (0x10 bytes), align: 1
  Segment part 18.
           ENTRY                   ADDRESS         REF BY
           =====                   =======         ======
           write_master_gpio_multiple_bytes
                                   4E3E            Segment part 113 (mcu_convert)
                                                   Segment part 49 (tosa_control)
                                                   Segment part 58 (state_transition)
                                                   Segment part 79 (tosa_control)
                                                   rx_cdr_forced_mute_enable (mcu_convert)
                                                   rx_cdr_init (mcu_convert)
               calls direct
               CSTACK = 00000000 ( 00000002 )

    *************************************************************************

  FILE NAME : D:\Projects\Coset\Project_SKT_3G_ST_SFP_2021\2. SW\1.FW\SFP_PLUS_3G_ER_V1_DML_APD\Debug\Obj\i2cm.r66
  PROGRAM MODULE, NAME : i2cm

  SEGMENTS IN THE MODULE
  ======================
DATA16_SFR
  Relative segment, address: IDATA 0140 - 0141 (0x2 bytes), align: 0
  Segment part 4. ROOT 
           ENTRY                   ADDRESS         REF BY
           =====                   =======         ======
           DAD2W1                  0140 
    -------------------------------------------------------------------------
DATA16_SFR
  Relative segment, address: IDATA 0142 - 0143 (0x2 bytes), align: 0
  Segment part 5. ROOT 
           ENTRY                   ADDRESS         REF BY
           =====                   =======         ======
           DAD2W2                  0142 
    -------------------------------------------------------------------------
DATA16_SFR
  Relative segment, address: IDATA 0154 - 0155 (0x2 bytes), align: 0
  Segment part 6. ROOT 
           ENTRY                   ADDRESS         REF BY
           =====                   =======         ======
           _A_CNT2W1               0154 
    -------------------------------------------------------------------------
DATA16_SFR
  Relative segment, address: IDATA 0156 - 0157 (0x2 bytes), align: 0
  Segment part 7. ROOT 
           ENTRY                   ADDRESS         REF BY
           =====                   =======         ======
           _A_CNT2W2               0156 
    -------------------------------------------------------------------------
DATA16_SFR
  Relative segment, address: IDATA 0160 - 0160 (0x1 bytes), align: 0
  Segment part 8. ROOT 
           ENTRY                   ADDRESS         REF BY
           =====                   =======         ======
           SLA2W1                  0160 
    -------------------------------------------------------------------------
DATA16_SFR
  Relative segment, address: IDATA 0162 - 0162 (0x1 bytes), align: 0
  Segment part 9. ROOT 
           ENTRY                   ADDRESS         REF BY
           =====                   =======         ======
           SLA2W2                  0162 
    -------------------------------------------------------------------------
DATA16_SFR
  Relative segment, address: IDATA 0176 - 0177 (0x2 bytes), align: 0
  Segment part 10. ROOT 
           ENTRY                   ADDRESS         REF BY
           =====                   =======         ======
           _A_MIS2                 0176 
    -------------------------------------------------------------------------
DATA16_SFR
  Relative segment, address: IDATA 0178 - 0179 (0x2 bytes), align: 0
  Segment part 11. ROOT 
           ENTRY                   ADDRESS         REF BY
           =====                   =======         ======
           CCK2W1                  0178 
    -------------------------------------------------------------------------
DATA16_SFR
  Relative segment, address: IDATA 017A - 017B (0x2 bytes), align: 0
  Segment part 12. ROOT 
           ENTRY                   ADDRESS         REF BY
           =====                   =======         ======
           CCK2W2                  017A 
    -------------------------------------------------------------------------
DATA16_Z
  Relative segment, address: DATA 0990 - 0990 (0x1 bytes), align: 0
  Segment part 14.            Intra module refs:   Segment part 35
                                                   Segment part 40
           ENTRY                   ADDRESS         REF BY
           =====                   =======         ======
           tx_rx_complete          0990 
    -------------------------------------------------------------------------
DATA16_Z
  Relative segment, address: DATA 0991 - 0991 (0x1 bytes), align: 0
  Segment part 15.            Intra module refs:   Segment part 40
           ENTRY                   ADDRESS         REF BY
           =====                   =======         ======
           interrupt_count         0991 
    -------------------------------------------------------------------------
<CODE> 3 (was CODE)
  Relative segment, address: CODE 4348 - 43F3 (0xac bytes), align: 1
  Segment part 16.
           ENTRY                   ADDRESS         REF BY
           =====                   =======         ======
           I2CM_Init               4348            I2CMaster_Init (board)
    -------------------------------------------------------------------------
<CODE> 3 (was CODE)
  Relative segment, address: CODE 3512 - 35DB (0xca bytes), align: 1
  Segment part 18.
           ENTRY                   ADDRESS         REF BY
           =====                   =======         ======
           I2CM_WriteNBytes        3512            write_master_gpio_multiple_bytes (i2c_master_gpio)
                                                   write_master_gpio_single_byte (i2c_master_gpio)
               calls direct
               CSTACK = 00000000 ( 00000004 )
    -------------------------------------------------------------------------
<CODE> 3 (was CODE)
  Relative segment, address: CODE 35DC - 35E7 (0xc bytes), align: 1
  Segment part 19.            Intra module refs:   I2CM_ReadNBytes
                                                   I2CM_WriteNBytes
    -------------------------------------------------------------------------
<CODE> 3 (was CODE)
  Relative segment, address: CODE 35E8 - 35F5 (0xe bytes), align: 1
  Segment part 20.            Intra module refs:   I2CM_WriteNBytes
    -------------------------------------------------------------------------
<CODE> 3 (was CODE)
  Relative segment, address: CODE 35F6 - 360F (0x1a bytes), align: 1
  Segment part 21.            Intra module refs:   I2CM_WriteNBytes
    -------------------------------------------------------------------------
<CODE> 3 (was CODE)
  Relative segment, address: CODE 3610 - 3627 (0x18 bytes), align: 1
  Segment part 22.            Intra module refs:   I2CM_ReadNBytes
                                                   I2CM_WriteNBytes
    -------------------------------------------------------------------------
<CODE> 3 (was CODE)
  Relative segment, address: CODE 3628 - 3637 (0x10 bytes), align: 1
  Segment part 23.            Intra module refs:   I2CM_WriteNBytes
                                                   Segment part 22
    -------------------------------------------------------------------------
<CODE> 3 (was CODE)
  Relative segment, address: CODE 3638 - 3647 (0x10 bytes), align: 1
  Segment part 24.            Intra module refs:   I2CM_WriteNBytes
                                                   Segment part 22
    -------------------------------------------------------------------------
<CODE> 3 (was CODE)
  Relative segment, address: CODE 3648 - 36FF (0xb8 bytes), align: 1
  Segment part 25.
           ENTRY                   ADDRESS         REF BY
           =====                   =======         ======
           I2CM_ReadNBytes         3648            read_master_gpio_multiple_bytes (i2c_master_gpio)
                                                   read_master_gpio_single_byte (i2c_master_gpio)
               calls direct
               CSTACK = 00000000 ( 00000004 )
    -------------------------------------------------------------------------
<CODE> 3 (was CODE)
  Relative segment, address: CODE 3700 - 370F (0x10 bytes), align: 1
  Segment part 26.            Intra module refs:   I2CM_ReadNBytes
    -------------------------------------------------------------------------
<CODE> 3 (was CODE)
  Relative segment, address: CODE 3710 - 371F (0x10 bytes), align: 1
  Segment part 27.            Intra module refs:   I2CM_ReadNBytes
                                                   I2CM_WriteNBytes
    -------------------------------------------------------------------------
<CODE> 3 (was CODE)
  Relative segment, address: CODE 3720 - 372F (0x10 bytes), align: 1
  Segment part 28.            Intra module refs:   I2CM_ReadNBytes
                                                   I2CM_WriteNBytes
    -------------------------------------------------------------------------
<CODE> 3 (was CODE)
  Relative segment, address: CODE 3730 - 374D (0x1e bytes), align: 1
  Segment part 29.            Intra module refs:   I2CM_ReadNBytes
                                                   I2CM_WriteNBytes
    -------------------------------------------------------------------------
<CODE> 3 (was CODE)
  Relative segment, address: CODE 374E - 375D (0x10 bytes), align: 1
  Segment part 30.            Intra module refs:   I2CM_ReadNBytes
    -------------------------------------------------------------------------
<CODE> 3 (was CODE)
  Relative segment, address: CODE 375E - 3765 (0x8 bytes), align: 1
  Segment part 31.            Intra module refs:   I2CM_ReadNBytes
                                                   I2CM_WriteNBytes
    -------------------------------------------------------------------------
<CODE> 3 (was CODE)
  Relative segment, address: CODE 3766 - 3771 (0xc bytes), align: 1
  Segment part 32.            Intra module refs:   I2CM_ReadNBytes
                                                   I2CM_Reset
                                                   Segment part 31
    -------------------------------------------------------------------------
<CODE> 3 (was CODE)
  Relative segment, address: CODE 3772 - 377F (0xe bytes), align: 1
  Segment part 33.            Intra module refs:   I2CM_ReadNBytes
                                                   I2CM_WriteNBytes
    -------------------------------------------------------------------------
<CODE> 3 (was CODE)
  Relative segment, address: CODE 3780 - 3799 (0x1a bytes), align: 1
  Segment part 34.            Intra module refs:   I2CM_ReadNBytes
    -------------------------------------------------------------------------
<CODE> 3 (was CODE)
  Relative segment, address: CODE 379A - 37D5 (0x3c bytes), align: 1
  Segment part 35.            Intra module refs:   I2CM_ReadNBytes
[...]
    -------------------------------------------------------------------------
RCODE
  Relative segment, address: CODE 00F4 - 00F5 (0x2 bytes), align: 1
  Segment part 3.             Intra module refs:   ?RESTORE_DP0
    -------------------------------------------------------------------------
RCODE
  Relative segment, address: CODE 00F6 - 00FD (0x8 bytes), align: 1
  Segment part 4.             Intra module refs:   ?RESTORE_BP
    -------------------------------------------------------------------------
RCODE
  Relative segment, address: CODE 00FE - 00FF (0x2 bytes), align: 1
  Segment part 5.             Intra module refs:   ?RESTORE_BP
                                                   ?RESTORE_DP0
    -------------------------------------------------------------------------
RCODE
  Relative segment, address: CODE 0100 - 0101 (0x2 bytes), align: 1
  Segment part 6.
           ENTRY                   ADDRESS         REF BY
           =====                   =======         ======
           ?RESTORE_DP0            0100            Segment part 4 (?INTERRUPT_SAVE_PTR)
    -------------------------------------------------------------------------
RCODE
  Relative segment, address: CODE 0102 - 0109 (0x8 bytes), align: 1
  Segment part 7.
           ENTRY                   ADDRESS         REF BY
           =====                   =======         ======
           ?RESTORE_BP             0102            ?REQ_SAVE_BP (?INTERRUPT_SAVE_PTR)
    -------------------------------------------------------------------------
RCODE
  Relative segment, address: CODE 010A - 010D (0x4 bytes), align: 1
  Segment part 8.             Intra module refs:   ?INTERRUPT_RESTORE_PTR

    -------------------------------------------------------------------------
  LIBRARY MODULE, NAME : exit

  SEGMENTS IN THE MODULE
  ======================
__aseg
  Relative segment, address: CODE 0000, align: 0
  Segment part 1. ROOT 
    -------------------------------------------------------------------------
<CODE> 3 (was CODE)
  Relative segment, address: CODE 4F6C - 4F71 (0x6 bytes), align: 1
  Segment part 3.
           ENTRY                   ADDRESS         REF BY
           =====                   =======         ======
           exit                    4F6C            __MAIN_CALL (__MAIN_CALL__)
               CSTACK = 00000002 ( 00000000 )

    -------------------------------------------------------------------------
  LIBRARY MODULE, NAME : SL_SHR_L03

  SEGMENTS IN THE MODULE
  ======================
<CODE> 3 (was CODE)
  Relative segment, address: CODE 4ED6 - 4EE1 (0xc bytes), align: 1
  Segment part 1.
           ENTRY                   ADDRESS         REF BY
           =====                   =======         ======
           ?SL_SHR_L03             4ED6            TempCalibration (ddm)

    -------------------------------------------------------------------------
  LIBRARY MODULE, NAME : UL_SHR_L03

  SEGMENTS IN THE MODULE
  ======================
<CODE> 3 (was CODE)
  Relative segment, address: CODE 4EE2 - 4EED (0xc bytes), align: 1
  Segment part 1.
           ENTRY                   ADDRESS         REF BY
           =====                   =======         ======
           ?UL_SHR_L03             4EE2            DDM_Read (ddm)

    -------------------------------------------------------------------------
  LIBRARY MODULE, NAME : F_ADD_L04

  SEGMENTS IN THE MODULE
  ======================
__aseg
  Relative segment, address: CODE 0000, align: 0
  Segment part 1. ROOT 
    -------------------------------------------------------------------------
<CODE> 3 (was CODE)
  Relative segment, address: CODE 3FF0 - 4101 (0x112 bytes), align: 1
  Segment part 2.
           ENTRY                   ADDRESS         REF BY
           =====                   =======         ======
           ?F_ADD_L04              4006            Segment part 70 (state_transition)
                                                   Segment part 71 (state_transition)
                                                   TempCalibration_adjusted (ddm)
                                                   ddm_mon_rx_power (state_transition)
           ?F_SUB_L04              3FF0            ?F_CMP_L04 (FLOAT_CMP)
                                                   Segment part 61 (state_transition)
                                                   cal_Temp_Slope_Offset (state_transition)

    -------------------------------------------------------------------------
  LIBRARY MODULE, NAME : Q20_DivideRaw

  SEGMENTS IN THE MODULE
  ======================
__aseg
  Relative segment, address: CODE 0000, align: 0
  Segment part 1. ROOT 
    -------------------------------------------------------------------------
<CODE> 3 (was CODE)
  Relative segment, address: CODE 4824 - 4865 (0x42 bytes), align: 1
  Segment part 2.
           ENTRY                   ADDRESS         REF BY
           =====                   =======         ======
           Q20_DivideRaw_add       483A 
           Q20_DivideRaw_sub       4824            ?UL_DIV_L03 (UL_DIV_L03)

    -------------------------------------------------------------------------
  LIBRARY MODULE, NAME : FLOAT_CMP

  SEGMENTS IN THE MODULE
  ======================
<CODE> 3 (was CODE)
  Relative segment, address: CODE 4D20 - 4D3F (0x20 bytes), align: 1
  Segment part 1.
           ENTRY                   ADDRESS         REF BY
           =====                   =======         ======
           ?F_CMP_L04              4D20            Segment part 71 (state_transition)

    -------------------------------------------------------------------------
  LIBRARY MODULE, NAME : FLOAT_F2L

  SEGMENTS IN THE MODULE
  ======================
<CODE> 3 (was CODE)
  Relative segment, address: CODE 4AFC - 4B31 (0x36 bytes), align: 1
  Segment part 1.
           ENTRY                   ADDRESS         REF BY
           =====                   =======         ======
           ?F_F2L_L04              4AFC            TempCalibration_adjusted (ddm)
                                                   ddm_mon_rx_power (state_transition)
                                                   ddm_mon_tx_bias (state_transition)
           ?F_F2UL_L04             4AFC            ddm_mon_tx_power (state_transition)

    -------------------------------------------------------------------------
  LIBRARY MODULE, NAME : FLOAT_L2F

  SEGMENTS IN THE MODULE
  ======================
<CODE> 3 (was CODE)
  Relative segment, address: CODE 47DE - 4823 (0x46 bytes), align: 1
  Segment part 1.
           ENTRY                   ADDRESS         REF BY
           =====                   =======         ======
           ?F_SL2F_L04             47DE            Segment part 63 (state_transition)
                                                   TempCalibration_adjusted (ddm)
                                                   cal_Temp_Slope_Offset (state_transition)
           ?F_UL2F_L04             47EE            Segment part 43 (memory_access)
                                                   ddm_mon_rx_power (state_transition)
                                                   ddm_mon_tx_bias (state_transition)
                                                   ddm_mon_tx_power (state_transition)

    -------------------------------------------------------------------------
  LIBRARY MODULE, NAME : Q20_Twos_Complement32

  SEGMENTS IN THE MODULE
  ======================
<CODE> 3 (was CODE)
  Relative segment, address: CODE 4E4E - 4E5B (0xe bytes), align: 1
  Segment part 1.
           ENTRY                   ADDRESS         REF BY
           =====                   =======         ======
           Q20_Twos_Complement32   4E4E            Segment part 1 (FLOAT_L2F)

    -------------------------------------------------------------------------
  LIBRARY MODULE, NAME : Q20_Float_Is_Zero

  SEGMENTS IN THE MODULE
  ======================
<CODE> 3 (was CODE)
  Relative segment, address: CODE 4CB8 - 4CDB (0x24 bytes), align: 1
  Segment part 1.
           ENTRY                   ADDRESS         REF BY
           =====                   =======         ======
           Q20_Float_Is_Zero       4CB8            ?F_CMP_L04 (FLOAT_CMP)

    -------------------------------------------------------------------------
  LIBRARY MODULE, NAME : Q20_SZFloat

  SEGMENTS IN THE MODULE
  ======================
<CODE> 3 (was CODE)
  Relative segment, address: CODE 4F36 - 4F3D (0x8 bytes), align: 1
  Segment part 1.
           ENTRY                   ADDRESS         REF BY
           =====                   =======         ======
           Q20_Set_Zero_Float      4F36            Segment part 1 (FLOAT_F2L)
                                                   Segment part 1 (FLOAT_L2F)

    -------------------------------------------------------------------------
  LIBRARY MODULE, NAME : Q20_Set_NaN_Float

  SEGMENTS IN THE MODULE
  ======================
<CODE> 3 (was CODE)
  Relative segment, address: CODE 4F22 - 4F2B (0xa bytes), align: 1
  Segment part 1.
           ENTRY                   ADDRESS         REF BY
           =====                   =======         ======
           Q20_Set_NaN_Float       4F22            Q20_Pack_Float (Q20_Pack_Float)

    -------------------------------------------------------------------------
  LIBRARY MODULE, NAME : Q20_UPF

  SEGMENTS IN THE MODULE
  ======================
<CODE> 3 (was CODE)
  Relative segment, address: CODE 45F4 - 4661 (0x6e bytes), align: 1
  Segment part 1.
           ENTRY                   ADDRESS         REF BY
           =====                   =======         ======
           Q20_UnPack_Float        45F4            Segment part 1 (FLOAT_F2L)

    -------------------------------------------------------------------------
  LIBRARY MODULE, NAME : Q20_Pack_Float

  SEGMENTS IN THE MODULE
  ======================
<CODE> 3 (was CODE)
  Relative segment, address: CODE 46CE - 4733 (0x66 bytes), align: 1
  Segment part 1.
           ENTRY                   ADDRESS         REF BY
           =====                   =======         ======
           Q20_Pack_Float          46CE            Segment part 1 (FLOAT_L2F)

    -------------------------------------------------------------------------
  LIBRARY MODULE, NAME : SS_DIV_L02

  SEGMENTS IN THE MODULE
  ======================
__aseg
  Relative segment, address: CODE 0000, align: 0
  Segment part 1. ROOT 
    -------------------------------------------------------------------------
<CODE> 3 (was CODE)
  Relative segment, address: CODE 4B9A - 4BC7 (0x2e bytes), align: 1
  Segment part 2.
           ENTRY                   ADDRESS         REF BY
           =====                   =======         ======
           ?SS_DIV_L02             4B9A            I2C_Slave_Memory_Map_Write (memory_access)
                                                   Segment part 32 (tosa_control)
                                                   Segment part 33 (tosa_control)
                                                   Segment part 38 (tosa_control)
                                                   TEC_Control_APC_3 (tosa_control)

    -------------------------------------------------------------------------
  LIBRARY MODULE, NAME : US_DIV_L02

  SEGMENTS IN THE MODULE
  ======================
__aseg
  Relative segment, address: CODE 0000, align: 0
  Segment part 1. ROOT 
    -------------------------------------------------------------------------
<CODE> 3 (was CODE)
  Relative segment, address: CODE 4922 - 495F (0x3e bytes), align: 1
  Segment part 2.
           ENTRY                   ADDRESS         REF BY
           =====                   =======         ======
           ?US_DIV_L02             4922            ?SS_DIV_L02 (SS_DIV_L02)

    -------------------------------------------------------------------------
  LIBRARY MODULE, NAME : SL_DIV_L03

  SEGMENTS IN THE MODULE
  ======================
__aseg
  Relative segment, address: CODE 0000, align: 0
  Segment part 1. ROOT 
    -------------------------------------------------------------------------
<CODE> 3 (was CODE)
  Relative segment, address: CODE 4960 - 499D (0x3e bytes), align: 1
  Segment part 2.
           ENTRY                   ADDRESS         REF BY
           =====                   =======         ======
           ?SL_DIV_L03             4960            Segment part 59 (tosa_control)

    -------------------------------------------------------------------------
  LIBRARY MODULE, NAME : UL_DIV_L03

  SEGMENTS IN THE MODULE
  ======================
__aseg
  Relative segment, address: CODE 0000, align: 0
  Segment part 1. ROOT 
    -------------------------------------------------------------------------
<CODE> 3 (was CODE)
  Relative segment, address: CODE 4D74 - 4D8D (0x1a bytes), align: 1
  Segment part 2.
           ENTRY                   ADDRESS         REF BY
           =====                   =======         ======
           ?UL_DIV_L03             4D74            ?SL_DIV_L03 (SL_DIV_L03)

    -------------------------------------------------------------------------
  LIBRARY MODULE, NAME : ?MEMCPY

  SEGMENTS IN THE MODULE
  ======================
<CODE> 3 (was CODE)
  Relative segment, address: CODE 4C70 - 4C93 (0x24 bytes), align: 1
  Segment part 2.
           ENTRY                   ADDRESS         REF BY
           =====                   =======         ======
           memcpy                  4C70            ProcessReceivedI2CData (memory_access)

    -------------------------------------------------------------------------
  LIBRARY MODULE, NAME : ?MEMSET

  SEGMENTS IN THE MODULE
  ======================
<CODE> 3 (was CODE)
  Relative segment, address: CODE 4D5A - 4D73 (0x1a bytes), align: 1
  Segment part 2.
           ENTRY                   ADDRESS         REF BY
           =====                   =======         ======
           memset                  4D5A            Memory_Init (memory_access)
                                                   Segment part 23 (memory_access)
                                                   Segment part 40 (memory_access)
                                                   check_password_control (memory_access)
                                                   factory_reset_eeprom_info (mcu_convert)
                                                   initialize_variables (mcu_convert)
                                                   rx_cdr_init (mcu_convert)
                                                   tx_cdr_init (tosa_control)




                ****************************************
                *                                      *
                *      SEGMENTS IN ADDRESS ORDER       *
                *                                      *
                ****************************************


SEGMENT              SPACE    START ADDRESS   END ADDRESS     SIZE  TYPE  ALIGN
=======              =====    =============   ===========     ====  ====  =====
__aseg               CODE                 0000                       rel    0
RESET                CODE              0000 - 0003               4   rel    0
<CODE> 1             CODE              0004 - 001F              1C   rel    1
DATA16_AC            CODE              0020 - 003F              20   rel    0
RCODE                CODE              0040 - 010D              CE   rel    1
<CODE> 2             CODE              010E - 011F              12   rel    1
CDATA16_C            CODE                 0120                       rel    0
CDATA16_ID           CODE              0120 - 013F              20   rel    1
CCHECKSUM            CODE                 0140                       rel    0
CCONST               CODE                 0140                       rel    0
CDATA8_ID            CODE                 0140                       rel    0
<CODE> 3             CODE              0140 - 4F75            4E36   rel    1
DATA16_AC            CODE              EE00 - EE7F              80   rel    0
                     CODE              EF00 - EF7F              80 
DATA16_I             DATA              0002 - 0021              20   rel    1
DATA16_AN            DATA              0080 - 0083               4   rel    0
                     DATA              0100 - 08FF             800 
DATA16_Z             DATA              0900 - 0AD1             1D2   rel    1
CSTACK               DATA              0FAF - 0FE0              32   dse    0
DATA16_C             DATA                 8120                       rel    0
DATA8_ID             DATA                 8120                       rel    0
DATA16_ID            DATA              8120 - 813F              20   rel    1
CHECKSUM             DATA                 8140                       rel    0
CONST                DATA                 8140                       rel    0
DATA16_SFR           IDATA             0000 - 0009               A   rel    0
                     IDATA             000E - 0013               6 
                     IDATA             0016 - 0017               2 
                     IDATA             001A - 001D               4 
                     IDATA             0020 - 0029               A 
                     IDATA             002C - 0037               C 
                     IDATA             0042 - 0045               4 
                     IDATA             0052 - 0053               2 
                     IDATA             005A - 005D               4 
                     IDATA             006C - 006C               1 
                     IDATA             007C - 007D               2 
                     IDATA             0082 - 008F               E 
                     IDATA             0092 - 0093               2 
                     IDATA             0098 - 009B               4 
                     IDATA             00A0 - 00A5               6 
                     IDATA             00AA - 00AD               4 
                     IDATA             0100 - 0105               6 
                     IDATA             0110 - 0111               2 
                     IDATA             011C - 011D               2 
                     IDATA             0128 - 0128               1 
                     IDATA             012C - 0131               6 
                     IDATA             0134 - 0135               2 
                     IDATA             0140 - 0147               8 
                     IDATA             014A - 014E               5 
                     IDATA             0154 - 0157               4 
                     IDATA             015C - 015D               2 
                     IDATA             0160 - 0160               1 
                     IDATA             0162 - 0162               1 
                     IDATA             0164 - 0167               4 
                     IDATA             016E - 0171               4 
                     IDATA             0176 - 017B               6 
                     IDATA             0182 - 0187               6 
                     IDATA             0190 - 0190               1 
                     IDATA             0194 - 0195               2 
                     IDATA             01BE - 01BF               2 
                     IDATA             020A - 020A               1 
                     IDATA             020C - 020C               1 
DATA16_SFR           IDATA             021E - 021F               2   rel    0

                ****************************************
                *                                      *
                *        END OF CROSS REFERENCE        *
                *                                      *
                ****************************************

 20 306 bytes of CODE  memory (+     4 absolute )
    580 bytes of DATA  memory (+ 2 052 absolute )
      0 bytes of IDATA memory (+   156 absolute )
      0 bytes of CONST memory (+   288 absolute )

Errors: none
Warnings: none

